Archive member included to satisfy reference by file (symbol)

c:/program files (x86)/gnu tools arm embedded/7 2017-q4-major/bin/../lib/gcc/arm-none-eabi/7.2.1/../../../../arm-none-eabi/lib/thumb/v7e-m/fpv4-sp/hard\libc_nano.a(lib_a-errno.o)
                              build/syscalls.o (__errno)
c:/program files (x86)/gnu tools arm embedded/7 2017-q4-major/bin/../lib/gcc/arm-none-eabi/7.2.1/../../../../arm-none-eabi/lib/thumb/v7e-m/fpv4-sp/hard\libc_nano.a(lib_a-exit.o)
                              c:/program files (x86)/gnu tools arm embedded/7 2017-q4-major/bin/../lib/gcc/arm-none-eabi/7.2.1/../../../../arm-none-eabi/lib/thumb/v7e-m/fpv4-sp/hard/crt0.o (exit)
c:/program files (x86)/gnu tools arm embedded/7 2017-q4-major/bin/../lib/gcc/arm-none-eabi/7.2.1/../../../../arm-none-eabi/lib/thumb/v7e-m/fpv4-sp/hard\libc_nano.a(lib_a-impure.o)
                              c:/program files (x86)/gnu tools arm embedded/7 2017-q4-major/bin/../lib/gcc/arm-none-eabi/7.2.1/../../../../arm-none-eabi/lib/thumb/v7e-m/fpv4-sp/hard\libc_nano.a(lib_a-exit.o) (_global_impure_ptr)
c:/program files (x86)/gnu tools arm embedded/7 2017-q4-major/bin/../lib/gcc/arm-none-eabi/7.2.1/../../../../arm-none-eabi/lib/thumb/v7e-m/fpv4-sp/hard\libc_nano.a(lib_a-init.o)
                              c:/program files (x86)/gnu tools arm embedded/7 2017-q4-major/bin/../lib/gcc/arm-none-eabi/7.2.1/../../../../arm-none-eabi/lib/thumb/v7e-m/fpv4-sp/hard/crt0.o (__libc_init_array)
c:/program files (x86)/gnu tools arm embedded/7 2017-q4-major/bin/../lib/gcc/arm-none-eabi/7.2.1/../../../../arm-none-eabi/lib/thumb/v7e-m/fpv4-sp/hard\libc_nano.a(lib_a-memcpy-stub.o)
                              build/flash.o (memcpy)
c:/program files (x86)/gnu tools arm embedded/7 2017-q4-major/bin/../lib/gcc/arm-none-eabi/7.2.1/../../../../arm-none-eabi/lib/thumb/v7e-m/fpv4-sp/hard\libc_nano.a(lib_a-memset.o)
                              c:/program files (x86)/gnu tools arm embedded/7 2017-q4-major/bin/../lib/gcc/arm-none-eabi/7.2.1/../../../../arm-none-eabi/lib/thumb/v7e-m/fpv4-sp/hard/crt0.o (memset)
c:/program files (x86)/gnu tools arm embedded/7 2017-q4-major/bin/../lib/gcc/arm-none-eabi/7.2.1/../../../../arm-none-eabi/lib/thumb/v7e-m/fpv4-sp/hard\libc_nano.a(lib_a-nano-vfprintf_float.o)
                              (_printf_float)
c:/program files (x86)/gnu tools arm embedded/7 2017-q4-major/bin/../lib/gcc/arm-none-eabi/7.2.1/../../../../arm-none-eabi/lib/thumb/v7e-m/fpv4-sp/hard\libc_nano.a(lib_a-nano-vfprintf_i.o)
                              c:/program files (x86)/gnu tools arm embedded/7 2017-q4-major/bin/../lib/gcc/arm-none-eabi/7.2.1/../../../../arm-none-eabi/lib/thumb/v7e-m/fpv4-sp/hard\libc_nano.a(lib_a-nano-vfprintf_float.o) (_printf_common)
c:/program files (x86)/gnu tools arm embedded/7 2017-q4-major/bin/../lib/gcc/arm-none-eabi/7.2.1/../../../../arm-none-eabi/lib/thumb/v7e-m/fpv4-sp/hard\libc_nano.a(lib_a-printf.o)
                              build/main.o (printf)
c:/program files (x86)/gnu tools arm embedded/7 2017-q4-major/bin/../lib/gcc/arm-none-eabi/7.2.1/../../../../arm-none-eabi/lib/thumb/v7e-m/fpv4-sp/hard\libc_nano.a(lib_a-putchar.o)
                              build/mode.o (putchar)
c:/program files (x86)/gnu tools arm embedded/7 2017-q4-major/bin/../lib/gcc/arm-none-eabi/7.2.1/../../../../arm-none-eabi/lib/thumb/v7e-m/fpv4-sp/hard\libc_nano.a(lib_a-puts.o)
                              build/mode.o (puts)
c:/program files (x86)/gnu tools arm embedded/7 2017-q4-major/bin/../lib/gcc/arm-none-eabi/7.2.1/../../../../arm-none-eabi/lib/thumb/v7e-m/fpv4-sp/hard\libc_nano.a(lib_a-setbuf.o)
                              build/main.o (setbuf)
c:/program files (x86)/gnu tools arm embedded/7 2017-q4-major/bin/../lib/gcc/arm-none-eabi/7.2.1/../../../../arm-none-eabi/lib/thumb/v7e-m/fpv4-sp/hard\libc_nano.a(lib_a-setvbuf.o)
                              c:/program files (x86)/gnu tools arm embedded/7 2017-q4-major/bin/../lib/gcc/arm-none-eabi/7.2.1/../../../../arm-none-eabi/lib/thumb/v7e-m/fpv4-sp/hard\libc_nano.a(lib_a-setbuf.o) (setvbuf)
c:/program files (x86)/gnu tools arm embedded/7 2017-q4-major/bin/../lib/gcc/arm-none-eabi/7.2.1/../../../../arm-none-eabi/lib/thumb/v7e-m/fpv4-sp/hard\libc_nano.a(lib_a-strlen.o)
                              c:/program files (x86)/gnu tools arm embedded/7 2017-q4-major/bin/../lib/gcc/arm-none-eabi/7.2.1/../../../../arm-none-eabi/lib/thumb/v7e-m/fpv4-sp/hard\libc_nano.a(lib_a-nano-vfprintf_float.o) (strlen)
c:/program files (x86)/gnu tools arm embedded/7 2017-q4-major/bin/../lib/gcc/arm-none-eabi/7.2.1/../../../../arm-none-eabi/lib/thumb/v7e-m/fpv4-sp/hard\libc_nano.a(lib_a-wbuf.o)
                              c:/program files (x86)/gnu tools arm embedded/7 2017-q4-major/bin/../lib/gcc/arm-none-eabi/7.2.1/../../../../arm-none-eabi/lib/thumb/v7e-m/fpv4-sp/hard\libc_nano.a(lib_a-puts.o) (__swbuf_r)
[...]
Memory Configuration

Name             Origin             Length             Attributes
RAM              0x20000000         0x00020000         xrw
CCMRAM           0x10000000         0x00010000         rw
FLASH            0x08000000         0x000e0000         xr
DATA             0x080e0000         0x00020000         xr
*default*        0x00000000         0xffffffff

Linker script and memory map

LOAD c:/program files (x86)/gnu tools arm embedded/7 2017-q4-major/bin/../lib/gcc/arm-none-eabi/7.2.1/thumb/v7e-m/fpv4-sp/hard/crti.o
LOAD c:/program files (x86)/gnu tools arm embedded/7 2017-q4-major/bin/../lib/gcc/arm-none-eabi/7.2.1/thumb/v7e-m/fpv4-sp/hard/crtbegin.o
LOAD c:/program files (x86)/gnu tools arm embedded/7 2017-q4-major/bin/../lib/gcc/arm-none-eabi/7.2.1/../../../../arm-none-eabi/lib/thumb/v7e-m/fpv4-sp/hard/crt0.o
LOAD build/stm32f4xx_hal_adc.o
LOAD build/stm32f4xx_hal_dma_ex.o
LOAD build/stm32f4xx_hal_flash_ex.o
LOAD build/stm32f4xx_hal_pwr.o
LOAD build/stm32f4xx_hal_rcc_ex.o
LOAD build/tim.o
LOAD build/stm32f4xx_hal_pwr_ex.o
LOAD build/dma.o
LOAD build/stm32f4xx_hal_adc_ex.o
LOAD build/adc.o
LOAD build/stm32f4xx_hal_spi.o
LOAD build/stm32f4xx_hal_rcc.o
LOAD build/stm32f4xx_hal.o
LOAD build/usart.o
LOAD build/stm32f4xx_hal_dma.o
LOAD build/gpio.o
LOAD build/stm32f4xx_hal_cortex.o
LOAD build/stm32f4xx_hal_flash.o
LOAD build/main.o
LOAD build/stm32f4xx_hal_tim_ex.o
LOAD build/stm32f4xx_hal_uart.o
LOAD build/stm32f4xx_hal_flash_ramfunc.o
LOAD build/stm32f4xx_hal_tim.o
LOAD build/stm32f4xx_hal_msp.o
LOAD build/stm32f4xx_hal_gpio.o
LOAD build/spi.o
LOAD build/system_stm32f4xx.o
LOAD build/stm32f4xx_it.o
LOAD build/syscalls.o
LOAD build/mode.o
LOAD build/motion.o
LOAD build/control.o
LOAD build/Map.o
LOAD build/Maze.o
LOAD build/flash.o
LOAD build/buzzer.o
LOAD build/startup_stm32f405xx.o
LOAD c:/program files (x86)/gnu tools arm embedded/7 2017-q4-major/bin/../lib/gcc/arm-none-eabi/7.2.1/../../../../arm-none-eabi/lib/thumb/v7e-m/fpv4-sp/hard\libc_nano.a
LOAD c:/program files (x86)/gnu tools arm embedded/7 2017-q4-major/bin/../lib/gcc/arm-none-eabi/7.2.1/../../../../arm-none-eabi/lib/thumb/v7e-m/fpv4-sp/hard\libm.a
LOAD c:/program files (x86)/gnu tools arm embedded/7 2017-q4-major/bin/../lib/gcc/arm-none-eabi/7.2.1/../../../../arm-none-eabi/lib/thumb/v7e-m/fpv4-sp/hard\libnosys.a
LOAD Drivers/CMSIS/Lib/GCC/\libarm_cortexM4lf_math.a
START GROUP
LOAD c:/program files (x86)/gnu tools arm embedded/7 2017-q4-major/bin/../lib/gcc/arm-none-eabi/7.2.1/thumb/v7e-m/fpv4-sp/hard\libgcc.a
LOAD c:/program files (x86)/gnu tools arm embedded/7 2017-q4-major/bin/../lib/gcc/arm-none-eabi/7.2.1/../../../../arm-none-eabi/lib/thumb/v7e-m/fpv4-sp/hard\libc_nano.a
END GROUP
START GROUP
LOAD c:/program files (x86)/gnu tools arm embedded/7 2017-q4-major/bin/../lib/gcc/arm-none-eabi/7.2.1/thumb/v7e-m/fpv4-sp/hard\libgcc.a
LOAD c:/program files (x86)/gnu tools arm embedded/7 2017-q4-major/bin/../lib/gcc/arm-none-eabi/7.2.1/../../../../arm-none-eabi/lib/thumb/v7e-m/fpv4-sp/hard\libc_nano.a
END GROUP
LOAD c:/program files (x86)/gnu tools arm embedded/7 2017-q4-major/bin/../lib/gcc/arm-none-eabi/7.2.1/thumb/v7e-m/fpv4-sp/hard/crtend.o
LOAD c:/program files (x86)/gnu tools arm embedded/7 2017-q4-major/bin/../lib/gcc/arm-none-eabi/7.2.1/thumb/v7e-m/fpv4-sp/hard/crtn.o
                0x20020000                _estack = 0x20020000
                0x00000200                _Min_Heap_Size = 0x200
                0x00000400                _Min_Stack_Size = 0x400

.isr_vector     0x08000000      0x188
                0x08000000                . = ALIGN (0x4)
 *(.isr_vector)
 .isr_vector    0x08000000      0x188 build/startup_stm32f405xx.o
                0x08000000                g_pfnVectors
                0x08000188                . = ALIGN (0x4)

.text           0x08000190     0xf4b8
                0x08000190                . = ALIGN (0x4)
 *(.text)
 .text          0x08000190       0x40 c:/program files (x86)/gnu tools arm embedded/7 2017-q4-major/bin/../lib/gcc/arm-none-eabi/7.2.1/thumb/v7e-m/fpv4-sp/hard/crtbegin.o
 .text          0x080001d0       0x10 c:/program files (x86)/gnu tools arm embedded/7 2017-q4-major/bin/../lib/gcc/arm-none-eabi/7.2.1/../../../../arm-none-eabi/lib/thumb/v7e-m/fpv4-sp/hard\libc_nano.a(lib_a-strlen.o)
                0x080001d0                strlen
 .text          0x080001e0       0xa0 c:/program files (x86)/gnu tools arm embedded/7 2017-q4-major/bin/../lib/gcc/arm-none-eabi/7.2.1/../../../../arm-none-eabi/lib/thumb/v7e-m/fpv4-sp/hard\libc_nano.a(lib_a-memchr.o)
                0x080001e0                memchr
 .text          0x08000280      0x378 c:/program files (x86)/gnu tools arm embedded/7 2017-q4-major/bin/../lib/gcc/arm-none-eabi/7.2.1/thumb/v7e-m/fpv4-sp/hard\libgcc.a(_arm_addsubdf3.o)
                0x08000280                __aeabi_drsub
                0x08000288                __aeabi_dsub
                0x08000288                __subdf3
                0x0800028c                __aeabi_dadd
                0x0800028c                __adddf3
                0x08000504                __floatunsidf
                0x08000504                __aeabi_ui2d
                0x08000524                __floatsidf
                0x08000524                __aeabi_i2d
                0x08000548                __aeabi_f2d
                0x08000548                __extendsfdf2
                0x0800058c                __floatundidf
                0x0800058c                __aeabi_ul2d
                0x0800059c                __floatdidf
                0x0800059c                __aeabi_l2d
 .text          0x080005f8      0x424 c:/program files (x86)/gnu tools arm embedded/7 2017-q4-major/bin/../lib/gcc/arm-none-eabi/7.2.1/thumb/v7e-m/fpv4-sp/hard\libgcc.a(_arm_muldivdf3.o)
                0x080005f8                __aeabi_dmul
                0x080005f8                __muldf3
                0x0800084c                __divdf3
                0x0800084c                __aeabi_ddiv
 .text          0x08000a1c      0x110 c:/program files (x86)/gnu tools arm embedded/7 2017-q4-major/bin/../lib/gcc/arm-none-eabi/7.2.1/thumb/v7e-m/fpv4-sp/hard\libgcc.a(_arm_cmpdf2.o)
                0x08000a1c                __gtdf2
                0x08000a1c                __gedf2
                0x08000a24                __ltdf2
                0x08000a24                __ledf2
                0x08000a2c                __nedf2
                0x08000a2c                __eqdf2
                0x08000a2c                __cmpdf2
                0x08000aa8                __aeabi_cdrcmple
                0x08000ab8                __aeabi_cdcmpeq
                0x08000ab8                __aeabi_cdcmple
                0x08000ac8                __aeabi_dcmpeq
                0x08000adc                __aeabi_dcmplt
                0x08000af0                __aeabi_dcmple
                0x08000b04                __aeabi_dcmpge
                0x08000b18                __aeabi_dcmpgt
 .text          0x08000b2c       0x2c c:/program files (x86)/gnu tools arm embedded/7 2017-q4-major/bin/../lib/gcc/arm-none-eabi/7.2.1/thumb/v7e-m/fpv4-sp/hard\libgcc.a(_arm_unorddf2.o)
                0x08000b2c                __unorddf2
                0x08000b2c                __aeabi_dcmpun
 .text          0x08000b58       0x50 c:/program files (x86)/gnu tools arm embedded/7 2017-q4-major/bin/../lib/gcc/arm-none-eabi/7.2.1/thumb/v7e-m/fpv4-sp/hard\libgcc.a(_arm_fixdfsi.o)
                0x08000b58                __aeabi_d2iz
                0x08000b58                __fixdfsi
 .text          0x08000ba8       0xa0 c:/program files (x86)/gnu tools arm embedded/7 2017-q4-major/bin/../lib/gcc/arm-none-eabi/7.2.1/thumb/v7e-m/fpv4-sp/hard\libgcc.a(_arm_truncdfsf2.o)
                0x08000ba8                __truncdfsf2
                0x08000ba8                __aeabi_d2f
 .text          0x08000c48       0x30 c:/program files (x86)/gnu tools arm embedded/7 2017-q4-major/bin/../lib/gcc/arm-none-eabi/7.2.1/thumb/v7e-m/fpv4-sp/hard\libgcc.a(_aeabi_uldivmod.o)
                0x08000c48                __aeabi_uldivmod
 .text          0x08000c78      0x2cc c:/program files (x86)/gnu tools arm embedded/7 2017-q4-major/bin/../lib/gcc/arm-none-eabi/7.2.1/thumb/v7e-m/fpv4-sp/hard\libgcc.a(_udivmoddi4.o)
                0x08000c78                __udivmoddi4
 .text          0x08000f44        0x4 c:/program files (x86)/gnu tools arm embedded/7 2017-q4-major/bin/../lib/gcc/arm-none-eabi/7.2.1/thumb/v7e-m/fpv4-sp/hard\libgcc.a(_dvmd_tls.o)
                0x08000f44                __aeabi_idiv0
                0x08000f44                __aeabi_ldiv0
 *(.text*)
 .text.ADC_Init
                0x08000f48      0x130 build/stm32f4xx_hal_adc.o
 .text.HAL_ADC_Init
                0x08001078       0x54 build/stm32f4xx_hal_adc.o
                0x08001078                HAL_ADC_Init
 .text.HAL_ADC_Start
                0x080010cc       0xf8 build/stm32f4xx_hal_adc.o
                0x080010cc                HAL_ADC_Start
 .text.HAL_ADC_Stop
                0x080011c4       0x40 build/stm32f4xx_hal_adc.o
                0x080011c4                HAL_ADC_Stop
 .text.HAL_ADC_PollForConversion
                0x08001204       0xb6 build/stm32f4xx_hal_adc.o
                0x08001204                HAL_ADC_PollForConversion
 *fill*         0x080012ba        0x2 
 .text.HAL_ADC_Start_DMA
                0x080012bc      0x144 build/stm32f4xx_hal_adc.o
                0x080012bc                HAL_ADC_Start_DMA
 .text.HAL_ADC_Stop_DMA
                0x08001400       0x5e build/stm32f4xx_hal_adc.o
                0x08001400                HAL_ADC_Stop_DMA
 .text.HAL_ADC_GetValue
                0x0800145e        0x6 build/stm32f4xx_hal_adc.o
                0x0800145e                HAL_ADC_GetValue
 .text.HAL_ADC_ConvCpltCallback
                0x08001464        0x2 build/stm32f4xx_hal_adc.o
                0x08001464                HAL_ADC_ConvCpltCallback
 .text.ADC_DMAConvCplt
                0x08001466       0x62 build/stm32f4xx_hal_adc.o
 .text.ADC_DMAHalfConvCplt
                0x080014c8        0xa build/stm32f4xx_hal_adc.o
 .text.HAL_ADC_ErrorCallback
                0x080014d2        0x2 build/stm32f4xx_hal_adc.o
                0x080014d2                HAL_ADC_ErrorCallback
 .text.ADC_DMAError
                0x080014d4       0x16 build/stm32f4xx_hal_adc.o
 *fill*         0x080014ea        0x2 
 .text.HAL_ADC_ConfigChannel
                0x080014ec      0x190 build/stm32f4xx_hal_adc.o
                0x080014ec                HAL_ADC_ConfigChannel
 .text.FLASH_MassErase
                0x0800167c       0x24 build/stm32f4xx_hal_flash_ex.o
 .text.FLASH_Erase_Sector
                0x080016a0       0x58 build/stm32f4xx_hal_flash_ex.o
                0x080016a0                FLASH_Erase_Sector
 .text.FLASH_FlushCaches
                0x080016f8       0x60 build/stm32f4xx_hal_flash_ex.o
                0x080016f8                FLASH_FlushCaches
 .text.HAL_FLASHEx_Erase
                0x08001758       0x94 build/stm32f4xx_hal_flash_ex.o
                0x08001758                HAL_FLASHEx_Erase
 .text.MX_TIM1_Init
                0x080017ec       0x6c build/tim.o
                0x080017ec                MX_TIM1_Init
 .text.MX_TIM8_Init
                0x08001858       0x6c build/tim.o
                0x08001858                MX_TIM8_Init
 .text.HAL_TIM_Encoder_MspInit
                0x080018c4       0x94 build/tim.o
                0x080018c4                HAL_TIM_Encoder_MspInit
 .text.HAL_TIM_PWM_MspInit
                0x08001958       0x50 build/tim.o
                0x08001958                HAL_TIM_PWM_MspInit
 .text.HAL_TIM_MspPostInit
                0x080019a8       0x70 build/tim.o
                0x080019a8                HAL_TIM_MspPostInit
 .text.MX_TIM2_Init
                0x08001a18       0x90 build/tim.o
                0x08001a18                MX_TIM2_Init
 .text.MX_TIM3_Init
                0x08001aa8       0x90 build/tim.o
                0x08001aa8                MX_TIM3_Init
 .text.Tim_BuzzerPwm
                0x08001b38       0x80 build/tim.o
                0x08001b38                Tim_BuzzerPwm
 .text.Tim_MotorPwm
                0x08001bb8      0x174 build/tim.o
                0x08001bb8                Tim_MotorPwm
 .text.Tim_MotorBrake
                0x08001d2c       0x64 build/tim.o
                0x08001d2c                Tim_MotorBrake
 .text.Tim_UpdateEncoder
                0x08001d90       0x80 build/tim.o
                0x08001d90                Tim_UpdateEncoder
 .text.Tim_FanPwm
                0x08001e10       0x80 build/tim.o
                0x08001e10                Tim_FanPwm
 .text.MX_DMA_Init
                0x08001e90       0x34 build/dma.o
                0x08001e90                MX_DMA_Init
 .text.MX_ADC1_Init
                0x08001ec4       0x6c build/adc.o
                0x08001ec4                MX_ADC1_Init
 .text.MX_ADC2_Init
                0x08001f30       0xc8 build/adc.o
                0x08001f30                MX_ADC2_Init
 .text.HAL_ADC_MspInit
                0x08001ff8       0xe0 build/adc.o
                0x08001ff8                HAL_ADC_MspInit
 .text.Adc_SetSensorValue
                0x080020d8       0x38 build/adc.o
                0x080020d8                Adc_SetSensorValue
 .text.update_sensor_data
                0x08002110       0x80 build/adc.o
                0x08002110                update_sensor_data
 .text.Adc_IrSensorStart
                0x08002190       0x20 build/adc.o
                0x08002190                Adc_IrSensorStart
 .text.Adc_CheckConvert
                0x080021b0       0x30 build/adc.o
                0x080021b0                Adc_CheckConvert
 .text.Adc_GetSensor
                0x080021e0      0x154 build/adc.o
                0x080021e0                Adc_GetSensor
 .text.Adc_GetBatt
                0x08002334       0xd8 build/adc.o
                0x08002334                Adc_GetBatt
 .text.SPI_WaitFlagStateUntilTimeout
                0x0800240c       0x96 build/stm32f4xx_hal_spi.o
 .text.SPI_CheckFlag_BSY
                0x080024a2       0x28 build/stm32f4xx_hal_spi.o
 .text.HAL_SPI_Init
                0x080024ca       0x80 build/stm32f4xx_hal_spi.o
                0x080024ca                HAL_SPI_Init
 .text.HAL_SPI_Transmit
                0x0800254a      0x1a6 build/stm32f4xx_hal_spi.o
                0x0800254a                HAL_SPI_Transmit
 .text.HAL_SPI_TransmitReceive
                0x080026f0      0x238 build/stm32f4xx_hal_spi.o
                0x080026f0                HAL_SPI_TransmitReceive
 .text.HAL_SPI_Receive
                0x08002928      0x168 build/stm32f4xx_hal_spi.o
                0x08002928                HAL_SPI_Receive
 .text.HAL_RCC_OscConfig
                0x08002a90      0x398 build/stm32f4xx_hal_rcc.o
                0x08002a90                HAL_RCC_OscConfig
 .text.HAL_RCC_GetSysClockFreq
                0x08002e28       0xa8 build/stm32f4xx_hal_rcc.o
                0x08002e28                HAL_RCC_GetSysClockFreq
 .text.HAL_RCC_ClockConfig
                0x08002ed0      0x158 build/stm32f4xx_hal_rcc.o
                0x08002ed0                HAL_RCC_ClockConfig
 .text.HAL_RCC_GetHCLKFreq
                0x08003028        0xc build/stm32f4xx_hal_rcc.o
                0x08003028                HAL_RCC_GetHCLKFreq
 .text.HAL_RCC_GetPCLK1Freq
                0x08003034       0x20 build/stm32f4xx_hal_rcc.o
                0x08003034                HAL_RCC_GetPCLK1Freq
 .text.HAL_RCC_GetPCLK2Freq
                0x08003054       0x20 build/stm32f4xx_hal_rcc.o
                0x08003054                HAL_RCC_GetPCLK2Freq
 .text.HAL_InitTick
                0x08003074       0x4c build/stm32f4xx_hal.o
                0x08003074                HAL_InitTick
 .text.HAL_Init
                0x080030c0       0x34 build/stm32f4xx_hal.o
                0x080030c0                HAL_Init
 .text.HAL_IncTick
                0x080030f4       0x18 build/stm32f4xx_hal.o
                0x080030f4                HAL_IncTick
 .text.HAL_GetTick
                0x0800310c        0xc build/stm32f4xx_hal.o
                0x0800310c                HAL_GetTick
 .text.HAL_Delay
                0x08003118       0x28 build/stm32f4xx_hal.o
                0x08003118                HAL_Delay
 .text.MX_USART3_UART_Init
                0x08003140       0x3c build/usart.o
                0x08003140                MX_USART3_UART_Init
 .text.HAL_UART_MspInit
                0x0800317c       0x58 build/usart.o
                0x0800317c                HAL_UART_MspInit
 .text.DMA_SetConfig
                0x080031d4       0x2c build/stm32f4xx_hal_dma.o
 .text.DMA_CalcBaseAndBitshift
                0x08003200       0x3c build/stm32f4xx_hal_dma.o
 .text.DMA_CheckFifoParam
                0x0800323c       0x8e build/stm32f4xx_hal_dma.o
 *fill*         0x080032ca        0x2 
 .text.HAL_DMA_Init
                0x080032cc       0xcc build/stm32f4xx_hal_dma.o
                0x080032cc                HAL_DMA_Init
 .text.HAL_DMA_Start_IT
                0x08003398       0x74 build/stm32f4xx_hal_dma.o
                0x08003398                HAL_DMA_Start_IT
 .text.HAL_DMA_Abort
                0x0800340c       0x94 build/stm32f4xx_hal_dma.o
                0x0800340c                HAL_DMA_Abort
 .text.HAL_DMA_IRQHandler
                0x080034a0      0x1dc build/stm32f4xx_hal_dma.o
                0x080034a0                HAL_DMA_IRQHandler
 .text.MX_GPIO_Init
                0x0800367c       0xd8 build/gpio.o
                0x0800367c                MX_GPIO_Init
 .text.Gpio_FullColor
                0x08003754       0x3c build/gpio.o
                0x08003754                Gpio_FullColor
 .text.Gpio_SideLed
                0x08003790       0x2c build/gpio.o
                0x08003790                Gpio_SideLed
 .text.HAL_NVIC_SetPriorityGrouping
                0x080037bc       0x24 build/stm32f4xx_hal_cortex.o
                0x080037bc                HAL_NVIC_SetPriorityGrouping
 .text.HAL_NVIC_SetPriority
                0x080037e0       0x68 build/stm32f4xx_hal_cortex.o
                0x080037e0                HAL_NVIC_SetPriority
 .text.HAL_NVIC_EnableIRQ
                0x08003848       0x18 build/stm32f4xx_hal_cortex.o
                0x08003848                HAL_NVIC_EnableIRQ
 .text.HAL_SYSTICK_Config
                0x08003860       0x2c build/stm32f4xx_hal_cortex.o
                0x08003860                HAL_SYSTICK_Config
 .text.HAL_SYSTICK_CLKSourceConfig
                0x0800388c       0x20 build/stm32f4xx_hal_cortex.o
                0x0800388c                HAL_SYSTICK_CLKSourceConfig
 .text.HAL_SYSTICK_Callback
                0x080038ac        0x2 build/stm32f4xx_hal_cortex.o
                0x080038ac                HAL_SYSTICK_Callback
 .text.HAL_SYSTICK_IRQHandler
                0x080038ae        0x8 build/stm32f4xx_hal_cortex.o
                0x080038ae                HAL_SYSTICK_IRQHandler
 *fill*         0x080038b6        0x2 
 .text.FLASH_Program_DoubleWord
                0x080038b8       0x2c build/stm32f4xx_hal_flash.o
 .text.FLASH_Program_Word
                0x080038e4       0x24 build/stm32f4xx_hal_flash.o
 .text.FLASH_Program_HalfWord
                0x08003908       0x24 build/stm32f4xx_hal_flash.o
 .text.FLASH_Program_Byte
                0x0800392c       0x20 build/stm32f4xx_hal_flash.o
 .text.FLASH_SetErrorCode
                0x0800394c       0x8c build/stm32f4xx_hal_flash.o
 .text.HAL_FLASH_Unlock
                0x080039d8       0x30 build/stm32f4xx_hal_flash.o
                0x080039d8                HAL_FLASH_Unlock
 .text.HAL_FLASH_Lock
                0x08003a08       0x14 build/stm32f4xx_hal_flash.o
                0x08003a08                HAL_FLASH_Lock
 .text.FLASH_WaitForLastOperation
                0x08003a1c       0x64 build/stm32f4xx_hal_flash.o
                0x08003a1c                FLASH_WaitForLastOperation
 .text.HAL_FLASH_Program
                0x08003a80       0x80 build/stm32f4xx_hal_flash.o
                0x08003a80                HAL_FLASH_Program
 .text.__io_putchar
                0x08003b00       0x20 build/main.o
                0x08003b00                __io_putchar
 .text.Init_Main
                0x08003b20       0x70 build/main.o
                0x08003b20                Init_Main
 .text._Error_Handler
                0x08003b90        0x2 build/main.o
                0x08003b90                _Error_Handler
 *fill*         0x08003b92        0x2 
 .text.SystemClock_Config
                0x08003b94       0xc0 build/main.o
                0x08003b94                SystemClock_Config
 .text.main     0x08003c54       0x42 build/main.o
                0x08003c54                main
 .text.HAL_TIMEx_MasterConfigSynchronization
                0x08003c96       0x52 build/stm32f4xx_hal_tim_ex.o
                0x08003c96                HAL_TIMEx_MasterConfigSynchronization
 .text.UART_SetConfig
                0x08003ce8      0x334 build/stm32f4xx_hal_uart.o
 .text.UART_WaitOnFlagUntilTimeout
                0x0800401c       0x62 build/stm32f4xx_hal_uart.o
 .text.HAL_UART_Init
                0x0800407e       0x5e build/stm32f4xx_hal_uart.o
                0x0800407e                HAL_UART_Init
 .text.HAL_UART_Transmit
                0x080040dc       0xe0 build/stm32f4xx_hal_uart.o
                0x080040dc                HAL_UART_Transmit
 .text.TIM_OC1_SetConfig
                0x080041bc       0x5c build/stm32f4xx_hal_tim.o
 .text.TIM_OC3_SetConfig
                0x08004218       0x60 build/stm32f4xx_hal_tim.o
 .text.TIM_OC4_SetConfig
                0x08004278       0x50 build/stm32f4xx_hal_tim.o
 .text.TIM_Base_SetConfig
                0x080042c8       0xc0 build/stm32f4xx_hal_tim.o
                0x080042c8                TIM_Base_SetConfig
 .text.HAL_TIM_PWM_Init
                0x08004388       0x32 build/stm32f4xx_hal_tim.o
                0x08004388                HAL_TIM_PWM_Init
 .text.HAL_TIM_Encoder_Init
                0x080043ba       0x98 build/stm32f4xx_hal_tim.o
                0x080043ba                HAL_TIM_Encoder_Init
 *fill*         0x08004452        0x2 
 .text.TIM_OC2_SetConfig
                0x08004454       0x64 build/stm32f4xx_hal_tim.o
                0x08004454                TIM_OC2_SetConfig
 .text.HAL_TIM_PWM_ConfigChannel
                0x080044b8       0xdc build/stm32f4xx_hal_tim.o
                0x080044b8                HAL_TIM_PWM_ConfigChannel
 .text.TIM_CCxChannelCmd
                0x08004594       0x1e build/stm32f4xx_hal_tim.o
                0x08004594                TIM_CCxChannelCmd
 *fill*         0x080045b2        0x2 
 .text.HAL_TIM_PWM_Start
                0x080045b4       0x38 build/stm32f4xx_hal_tim.o
                0x080045b4                HAL_TIM_PWM_Start
 .text.HAL_TIM_PWM_Stop
                0x080045ec       0x68 build/stm32f4xx_hal_tim.o
                0x080045ec                HAL_TIM_PWM_Stop
 .text.HAL_TIM_Encoder_Start
                0x08004654       0x44 build/stm32f4xx_hal_tim.o
                0x08004654                HAL_TIM_Encoder_Start
 .text.HAL_MspInit
                0x08004698       0x5e build/stm32f4xx_hal_msp.o
                0x08004698                HAL_MspInit
 *fill*         0x080046f6        0x2 
 .text.HAL_GPIO_Init
                0x080046f8      0x1c8 build/stm32f4xx_hal_gpio.o
                0x080046f8                HAL_GPIO_Init
 .text.HAL_GPIO_WritePin
                0x080048c0        0xc build/stm32f4xx_hal_gpio.o
                0x080048c0                HAL_GPIO_WritePin
 .text.MX_SPI1_Init
                0x080048cc       0x4c build/spi.o
                0x080048cc                MX_SPI1_Init
 .text.HAL_SPI_MspInit
                0x08004918       0x50 build/spi.o
                0x08004918                HAL_SPI_MspInit
 .text.read_byte
                0x08004968       0x54 build/spi.o
                0x08004968                read_byte
 .text.read_shift_byte
                0x080049bc       0x5c build/spi.o
                0x080049bc                read_shift_byte
 .text.write_byte
                0x08004a18       0x54 build/spi.o
                0x08004a18                write_byte
 .text.Spi_SetGyro
                0x08004a6c       0x48 build/spi.o
                0x08004a6c                Spi_SetGyro
 .text.get_gyro_z
                0x08004ab4       0x24 build/spi.o
                0x08004ab4                get_gyro_z
 .text.gyro_offset_calc
                0x08004ad8       0x50 build/spi.o
                0x08004ad8                gyro_offset_calc
 .text.Spi_UpdateGyro_Z
                0x08004b28       0x50 build/spi.o
                0x08004b28                Spi_UpdateGyro_Z
 .text.Spi_UpdateGyro_Y
                0x08004b78       0x34 build/spi.o
                0x08004b78                Spi_UpdateGyro_Y
 .text.Spi_UpdateAccel
                0x08004bac       0x7c build/spi.o
                0x08004bac                Spi_UpdateAccel
 .text.Spi_GyroReset
                0x08004c28       0x1c build/spi.o
                0x08004c28                Spi_GyroReset
 .text.SystemInit
                0x08004c44       0x4c build/system_stm32f4xx.o
                0x08004c44                SystemInit
 .text.NMI_Handler
                0x08004c90        0x2 build/stm32f4xx_it.o
                0x08004c90                NMI_Handler
 .text.HardFault_Handler
                0x08004c92        0x2 build/stm32f4xx_it.o
                0x08004c92                HardFault_Handler
 .text.MemManage_Handler
                0x08004c94        0x2 build/stm32f4xx_it.o
                0x08004c94                MemManage_Handler
 .text.BusFault_Handler
                0x08004c96        0x2 build/stm32f4xx_it.o
                0x08004c96                BusFault_Handler
 .text.UsageFault_Handler
                0x08004c98        0x2 build/stm32f4xx_it.o
                0x08004c98                UsageFault_Handler
 .text.SVC_Handler
                0x08004c9a        0x2 build/stm32f4xx_it.o
                0x08004c9a                SVC_Handler
 .text.DebugMon_Handler
                0x08004c9c        0x2 build/stm32f4xx_it.o
                0x08004c9c                DebugMon_Handler
 .text.PendSV_Handler
                0x08004c9e        0x2 build/stm32f4xx_it.o
                0x08004c9e                PendSV_Handler
 .text.SysTick_Handler
                0x08004ca0       0x24 build/stm32f4xx_it.o
                0x08004ca0                SysTick_Handler
 .text.DMA2_Stream2_IRQHandler
                0x08004cc4       0x10 build/stm32f4xx_it.o
                0x08004cc4                DMA2_Stream2_IRQHandler
 .text.HAL_ADC_ConvHalfCpltCallback
                0x08004cd4        0x8 build/stm32f4xx_it.o
                0x08004cd4                HAL_ADC_ConvHalfCpltCallback
 .text._read    0x08004cdc       0x1c build/syscalls.o
                0x08004cdc                _read
 .text._write   0x08004cf8       0x1c build/syscalls.o
                0x08004cf8                _write
 .text._sbrk    0x08004d14       0x3c build/syscalls.o
                0x08004d14                _sbrk
 .text._close   0x08004d50        0x6 build/syscalls.o
                0x08004d50                _close
 .text._fstat   0x08004d56        0xa build/syscalls.o
                0x08004d56                _fstat
 .text._isatty  0x08004d60        0x4 build/syscalls.o
                0x08004d60                _isatty
 .text._lseek   0x08004d64        0x4 build/syscalls.o
                0x08004d64                _lseek
 .text.Mode_Select
                0x08004d68      0x16c build/mode.o
                0x08004d68                Mode_Select
 .text.SetRunMode
                0x08004ed4       0xb0 build/mode.o
                0x08004ed4                SetRunMode
 .text.Get_WallData
                0x08004f84       0x84 build/mode.o
                0x08004f84                Get_WallData
 .text.SearchRun
                0x08005008      0x29c build/mode.o
                0x08005008                SearchRun
 .text.Mode_FastRun
                0x080052a4      0x2ec build/mode.o
                0x080052a4                Mode_FastRun
 .text.Mode_FastestRun
                0x08005590      0x2ec build/mode.o
                0x08005590                Mode_FastestRun
 .text.CheckStraight
                0x0800587c       0x70 build/mode.o
                0x0800587c                CheckStraight
 .text.CheckTurn
                0x080058ec       0x60 build/mode.o
                0x080058ec                CheckTurn
 .text.PrintOutPut
                0x0800594c       0x70 build/mode.o
                0x0800594c                PrintOutPut
 .text.PrintWallData
                0x080059bc       0xd0 build/mode.o
                0x080059bc                PrintWallData
 .text.TestComb
                0x08005a8c       0x5c build/mode.o
                0x08005a8c                TestComb
 .text.Turn135_Test
                0x08005ae8      0x110 build/mode.o
                0x08005ae8                Turn135_Test
 .text.FastestTurnTest
                0x08005bf8      0x1ec build/mode.o
                0x08005bf8                FastestTurnTest
 .text.Mode_Mouse
                0x08005de4      0x1e4 build/mode.o
                0x08005de4                Mode_Mouse
 .text.Motion_MaxVeloSet
                0x08005fc8        0xc build/motion.o
                0x08005fc8                Motion_MaxVeloSet
 .text.Motion_TestTurn
                0x08005fd4       0x98 build/motion.o
                0x08005fd4                Motion_TestTurn
 .text.Motion_Start
                0x0800606c       0x74 build/motion.o
                0x0800606c                Motion_Start
 .text.Motion_Restart
                0x080060e0      0x22c build/motion.o
                0x080060e0                Motion_Restart
 .text.Motion_End
                0x0800630c       0x9c build/motion.o
                0x0800630c                Motion_End
 .text.Motion_Straight
                0x080063a8      0x154 build/motion.o
                0x080063a8                Motion_Straight
 .text.Motion_SpinTurn
                0x080064fc      0x204 build/motion.o
                0x080064fc                Motion_SpinTurn
 .text.Motion_WallSpinTurn
                0x08006700      0x23c build/motion.o
                0x08006700                Motion_WallSpinTurn
 .text.Motion_LeftTurn
                0x0800693c      0x17c build/motion.o
                0x0800693c                Motion_LeftTurn
 .text.Motion_RightTurn
                0x08006ab8      0x17c build/motion.o
                0x08006ab8                Motion_RightTurn
 .text.Motion_Switch
                0x08006c34       0x40 build/motion.o
                0x08006c34                Motion_Switch
 .text.Motion_FastStart
                0x08006c74       0xe0 build/motion.o
                0x08006c74                Motion_FastStart
 .text.Motion_FastStraight
                0x08006d54       0xa8 build/motion.o
                0x08006d54                Motion_FastStraight
 .text.Motion_Adjust
                0x08006dfc       0xc4 build/motion.o
                0x08006dfc                Motion_Adjust
 .text.Motion_Adjust_L
                0x08006ec0      0x108 build/motion.o
                0x08006ec0                Motion_Adjust_L
 .text.Motion_Adjust_R
                0x08006fc8      0x108 build/motion.o
                0x08006fc8                Motion_Adjust_R
 .text.Motion_FastGoal
                0x080070d0       0xe0 build/motion.o
                0x080070d0                Motion_FastGoal
 .text.Motion_DiagonalLeft
                0x080071b0      0x10c build/motion.o
                0x080071b0                Motion_DiagonalLeft
 .text.Motion_DiagonalRight
                0x080072bc      0x108 build/motion.o
                0x080072bc                Motion_DiagonalRight
 .text.Motion_DiagonalStart
                0x080073c4       0x88 build/motion.o
                0x080073c4                Motion_DiagonalStart
 .text.Motion_DiagonalStop
                0x0800744c       0xa8 build/motion.o
                0x0800744c                Motion_DiagonalStop
 .text.Motion_InLeft45Turn
                0x080074f4      0x120 build/motion.o
                0x080074f4                Motion_InLeft45Turn
 .text.Motion_InRight45Turn
                0x08007614      0x120 build/motion.o
                0x08007614                Motion_InRight45Turn
 .text.Motion_OutLeft45Turn
                0x08007734      0x1a0 build/motion.o
                0x08007734                Motion_OutLeft45Turn
 .text.Motion_OutRight45Turn
                0x080078d4      0x1a0 build/motion.o
                0x080078d4                Motion_OutRight45Turn
 .text.Motion_Left90Turn
                0x08007a74      0x1a8 build/motion.o
                0x08007a74                Motion_Left90Turn
 .text.Motion_Right90Turn
                0x08007c1c      0x198 build/motion.o
                0x08007c1c                Motion_Right90Turn
 .text.Turn     0x08007db4      0x204 build/motion.o
                0x08007db4                Turn
 .text.Motion_FastLeftTurn
                0x08007fb8      0x11c build/motion.o
                0x08007fb8                Motion_FastLeftTurn
 .text.Motion_FastRightTurn
                0x080080d4      0x11c build/motion.o
                0x080080d4                Motion_FastRightTurn
 .text.Motion_FastestStart
                0x080081f0       0xd8 build/motion.o
                0x080081f0                Motion_FastestStart
 .text.Motion_FastestStraight
                0x080082c8       0xa8 build/motion.o
                0x080082c8                Motion_FastestStraight
 .text.Motion_FastestGoal
                0x08008370       0xdc build/motion.o
                0x08008370                Motion_FastestGoal
 .text.Motion_FastestAdjust_L
                0x0800844c      0x104 build/motion.o
                0x0800844c                Motion_FastestAdjust_L
 .text.Motion_FastestAdjust_R
                0x08008550       0xf8 build/motion.o
                0x08008550                Motion_FastestAdjust_R
 .text.Fastest_StrTurn
                0x08008648      0x11c build/motion.o
                0x08008648                Fastest_StrTurn
 .text.Fastest_DgnInTurn
                0x08008764      0x130 build/motion.o
                0x08008764                Fastest_DgnInTurn
 .text.Fastest_DgnOutTurn
                0x08008894      0x12c build/motion.o
                0x08008894                Fastest_DgnOutTurn
 .text.Fastest_DgnTurn
                0x080089c0      0x130 build/motion.o
                0x080089c0                Fastest_DgnTurn
 .text.Motion_FastestLeftSearch
                0x08008af0      0x124 build/motion.o
                0x08008af0                Motion_FastestLeftSearch
 .text.Motion_FastestRightSearch
                0x08008c14      0x120 build/motion.o
                0x08008c14                Motion_FastestRightSearch
 .text.Motion_FastestLeftTurn
                0x08008d34      0x168 build/motion.o
                0x08008d34                Motion_FastestLeftTurn
 .text.Motion_FastestRightTurn
                0x08008e9c      0x164 build/motion.o
                0x08008e9c                Motion_FastestRightTurn
 .text.Motion_FastestDiagonalLeft
                0x08009000      0x104 build/motion.o
                0x08009000                Motion_FastestDiagonalLeft
 .text.Motion_FastestDiagonalRight
                0x08009104      0x100 build/motion.o
                0x08009104                Motion_FastestDiagonalRight
 .text.PID_value
                0x08009204       0x40 build/control.o
                0x08009204                PID_value
 .text.Control_StrCalculator
                0x08009244       0x68 build/control.o
                0x08009244                Control_StrCalculator
 .text.Control_AngCalculator
                0x080092ac       0x68 build/control.o
                0x080092ac                Control_AngCalculator
 .text.UpdateTargets
                0x08009314       0x58 build/control.o
                0x08009314                UpdateTargets
 .text.UpdateStrTarget
                0x0800936c       0xcc build/control.o
                0x0800936c                UpdateStrTarget
 .text.Control_WallEdgeSet
                0x08009438       0x24 build/control.o
                0x08009438                Control_WallEdgeSet
 .text.Control_WallEdgeAble
                0x0800945c        0xc build/control.o
                0x0800945c                Control_WallEdgeAble
 .text.WallEdgeFix
                0x08009468      0x118 build/control.o
                0x08009468                WallEdgeFix
 .text.SideWallFix
                0x08009580      0x220 build/control.o
                0x08009580                SideWallFix
 .text.SideWallFiX_Fast
                0x080097a0      0x164 build/control.o
                0x080097a0                SideWallFiX_Fast
 .text.SideWallFiX_Fastest
                0x08009904      0x14c build/control.o
                0x08009904                SideWallFiX_Fastest
 .text.DiagonalSideWall
                0x08009a50       0xa8 build/control.o
                0x08009a50                DiagonalSideWall
 .text.Control_FrontWall
                0x08009af8       0x4c build/control.o
                0x08009af8                Control_FrontWall
 .text.UpdateAngTarget
                0x08009b44       0xbc build/control.o
                0x08009b44                UpdateAngTarget
 .text.Control_UpdatePwm
                0x08009c00      0x2bc build/control.o
                0x08009c00                Control_UpdatePwm
 .text.Control_ResetVelo
                0x08009ebc       0x70 build/control.o
                0x08009ebc                Control_ResetVelo
 .text.Control_SetupStraightPID
                0x08009f2c       0x20 build/control.o
                0x08009f2c                Control_SetupStraightPID
 .text.Control_SetupTurnPID
                0x08009f4c       0x20 build/control.o
                0x08009f4c                Control_SetupTurnPID
 .text.Map_AddUnknownWall
                0x08009f6c      0x66c build/Map.o
                0x08009f6c                Map_AddUnknownWall
 .text.Map_addWall
                0x0800a5d8       0x9a build/Map.o
                0x0800a5d8                Map_addWall
 .text.Map_DelWall
                0x0800a672       0xa6 build/Map.o
                0x0800a672                Map_DelWall
 .text.Map_Init
                0x0800a718       0x58 build/Map.o
                0x0800a718                Map_Init
 .text.Map_InitFast
                0x0800a770       0x5a build/Map.o
                0x0800a770                Map_InitFast
 *fill*         0x0800a7ca        0x2 
 .text.Maze_GetGoalSize
                0x0800a7cc        0xc build/Maze.o
                0x0800a7cc                Maze_GetGoalSize
 .text.Maze_UpdatePosition
                0x0800a7d8       0xfe build/Maze.o
                0x0800a7d8                Maze_UpdatePosition
 *fill*         0x0800a8d6        0x2 
 .text.Search_UnknownWall
                0x0800a8d8       0xa4 build/Maze.o
                0x0800a8d8                Search_UnknownWall
 .text.Maze_UpdateStepMap
                0x0800a97c      0x1ec build/Maze.o
                0x0800a97c                Maze_UpdateStepMap
 .text.Maze_ResetWall
                0x0800ab68      0x148 build/Maze.o
                0x0800ab68                Maze_ResetWall
 .text.Maze_GetNextMotion
                0x0800acb0      0x2c4 build/Maze.o
                0x0800acb0                Maze_GetNextMotion
 .text.Maze_GetStep
                0x0800af74       0x10 build/Maze.o
                0x0800af74                Maze_GetStep
 .text.Maze_UpdateStepMapEx
                0x0800af84      0x990 build/Maze.o
                0x0800af84                Maze_UpdateStepMapEx
 .text.Maze_GetNextMotionEx
                0x0800b914      0x378 build/Maze.o
                0x0800b914                Maze_GetNextMotionEx
 .text.Maze_KnownStepAccel
                0x0800bc8c       0xc4 build/Maze.o
                0x0800bc8c                Maze_KnownStepAccel
 .text.Compress_T90
                0x0800bd50      0x2b4 build/Maze.o
                0x0800bd50                Compress_T90
 .text.Compress_T180
                0x0800c004      0x172 build/Maze.o
                0x0800c004                Compress_T180
 .text.Compress_Diagonal
                0x0800c176      0x562 build/Maze.o
                0x0800c176                Compress_Diagonal
 .text.Maze_Compress
                0x0800c6d8      0x52a build/Maze.o
                0x0800c6d8                Maze_Compress
 .text.Flash_Erase
                0x0800cc02       0x26 build/flash.o
                0x0800cc02                Flash_Erase
 .text.Flash_Write
                0x0800cc28       0x2e build/flash.o
                0x0800cc28                Flash_Write
 .text.Flash_Load
                0x0800cc56        0xe build/flash.o
                0x0800cc56                Flash_Load
 .text.Reset_Handler
                0x0800cc64       0x50 build/startup_stm32f405xx.o
                0x0800cc64                Reset_Handler
 .text.Default_Handler
                0x0800ccb4        0x2 build/startup_stm32f405xx.o
                0x0800ccb4                RTC_Alarm_IRQHandler
                0x0800ccb4                HASH_RNG_IRQHandler
                0x0800ccb4                EXTI2_IRQHandler
                0x0800ccb4                TIM8_CC_IRQHandler
                0x0800ccb4                TIM1_CC_IRQHandler
                0x0800ccb4                DMA2_Stream5_IRQHandler
                0x0800ccb4                DMA1_Stream5_IRQHandler
                0x0800ccb4                PVD_IRQHandler
                0x0800ccb4                SDIO_IRQHandler
                0x0800ccb4                TAMP_STAMP_IRQHandler
                0x0800ccb4                CAN2_RX1_IRQHandler
                0x0800ccb4                EXTI3_IRQHandler
                0x0800ccb4                TIM8_TRG_COM_TIM14_IRQHandler
                0x0800ccb4                TIM1_UP_TIM10_IRQHandler
                0x0800ccb4                TIM8_UP_TIM13_IRQHandler
                0x0800ccb4                I2C3_ER_IRQHandler
                0x0800ccb4                EXTI0_IRQHandler
                0x0800ccb4                I2C2_EV_IRQHandler
                0x0800ccb4                DMA1_Stream2_IRQHandler
                0x0800ccb4                CAN1_RX0_IRQHandler
                0x0800ccb4                FPU_IRQHandler
                0x0800ccb4                OTG_HS_WKUP_IRQHandler
                0x0800ccb4                CAN2_SCE_IRQHandler
                0x0800ccb4                SPI1_IRQHandler
                0x0800ccb4                TIM6_DAC_IRQHandler
                0x0800ccb4                TIM1_BRK_TIM9_IRQHandler
                0x0800ccb4                CAN2_RX0_IRQHandler
                0x0800ccb4                DMA2_Stream3_IRQHandler
                0x0800ccb4                USART6_IRQHandler
                0x0800ccb4                USART3_IRQHandler
                0x0800ccb4                CAN1_RX1_IRQHandler
                0x0800ccb4                UART5_IRQHandler
                0x0800ccb4                DMA2_Stream0_IRQHandler
                0x0800ccb4                TIM4_IRQHandler
                0x0800ccb4                I2C1_EV_IRQHandler
                0x0800ccb4                DMA1_Stream6_IRQHandler
                0x0800ccb4                DMA1_Stream1_IRQHandler
                0x0800ccb4                UART4_IRQHandler
                0x0800ccb4                TIM3_IRQHandler
                0x0800ccb4                RCC_IRQHandler
                0x0800ccb4                TIM8_BRK_TIM12_IRQHandler
                0x0800ccb4                Default_Handler
                0x0800ccb4                EXTI15_10_IRQHandler
                0x0800ccb4                ADC_IRQHandler
                0x0800ccb4                DMA1_Stream7_IRQHandler
                0x0800ccb4                TIM7_IRQHandler
                0x0800ccb4                CAN2_TX_IRQHandler
                0x0800ccb4                TIM5_IRQHandler
                0x0800ccb4                DMA2_Stream7_IRQHandler
                0x0800ccb4                I2C3_EV_IRQHandler
                0x0800ccb4                EXTI9_5_IRQHandler
                0x0800ccb4                RTC_WKUP_IRQHandler
                0x0800ccb4                SPI2_IRQHandler
                0x0800ccb4                OTG_HS_EP1_IN_IRQHandler
                0x0800ccb4                DMA1_Stream0_IRQHandler
                0x0800ccb4                CAN1_TX_IRQHandler
                0x0800ccb4                EXTI4_IRQHandler
                0x0800ccb4                FSMC_IRQHandler
                0x0800ccb4                OTG_HS_EP1_OUT_IRQHandler
                0x0800ccb4                WWDG_IRQHandler
                0x0800ccb4                TIM2_IRQHandler
                0x0800ccb4                OTG_FS_WKUP_IRQHandler
                0x0800ccb4                TIM1_TRG_COM_TIM11_IRQHandler
                0x0800ccb4                OTG_HS_IRQHandler
                0x0800ccb4                EXTI1_IRQHandler
                0x0800ccb4                USART2_IRQHandler
                0x0800ccb4                I2C2_ER_IRQHandler
                0x0800ccb4                DMA2_Stream1_IRQHandler
                0x0800ccb4                CAN1_SCE_IRQHandler
                0x0800ccb4                FLASH_IRQHandler
                0x0800ccb4                DMA2_Stream4_IRQHandler
                0x0800ccb4                USART1_IRQHandler
                0x0800ccb4                OTG_FS_IRQHandler
                0x0800ccb4                SPI3_IRQHandler
                0x0800ccb4                DMA1_Stream4_IRQHandler
                0x0800ccb4                I2C1_ER_IRQHandler
                0x0800ccb4                DMA2_Stream6_IRQHandler
                0x0800ccb4                DMA1_Stream3_IRQHandler
 *fill*         0x0800ccb6        0x2 
 .text.__errno  0x0800ccb8        0xc c:/program files (x86)/gnu tools arm embedded/7 2017-q4-major/bin/../lib/gcc/arm-none-eabi/7.2.1/../../../../arm-none-eabi/lib/thumb/v7e-m/fpv4-sp/hard\libc_nano.a(lib_a-errno.o)
                0x0800ccb8                __errno
 .text.__libc_init_array
                0x0800ccc4       0x48 c:/program files (x86)/gnu tools arm embedded/7 2017-q4-major/bin/../lib/gcc/arm-none-eabi/7.2.1/../../../../arm-none-eabi/lib/thumb/v7e-m/fpv4-sp/hard\libc_nano.a(lib_a-init.o)
                0x0800ccc4                __libc_init_array
 .text.memcpy   0x0800cd0c       0x16 c:/program files (x86)/gnu tools arm embedded/7 2017-q4-major/bin/../lib/gcc/arm-none-eabi/7.2.1/../../../../arm-none-eabi/lib/thumb/v7e-m/fpv4-sp/hard\libc_nano.a(lib_a-memcpy-stub.o)
                0x0800cd0c                memcpy
 .text.memset   0x0800cd22       0x10 c:/program files (x86)/gnu tools arm embedded/7 2017-q4-major/bin/../lib/gcc/arm-none-eabi/7.2.1/../../../../arm-none-eabi/lib/thumb/v7e-m/fpv4-sp/hard\libc_nano.a(lib_a-memset.o)
                0x0800cd22                memset
 .text.__cvt    0x0800cd32       0xc2 c:/program files (x86)/gnu tools arm embedded/7 2017-q4-major/bin/../lib/gcc/arm-none-eabi/7.2.1/../../../../arm-none-eabi/lib/thumb/v7e-m/fpv4-sp/hard\libc_nano.a(lib_a-nano-vfprintf_float.o)
                0x0800cd32                __cvt
 .text.__exponent
                0x0800cdf4       0x66 c:/program files (x86)/gnu tools arm embedded/7 2017-q4-major/bin/../lib/gcc/arm-none-eabi/7.2.1/../../../../arm-none-eabi/lib/thumb/v7e-m/fpv4-sp/hard\libc_nano.a(lib_a-nano-vfprintf_float.o)
                0x0800cdf4                __exponent
 *fill*         0x0800ce5a        0x2 
 .text._printf_float
                0x0800ce5c      0x480 c:/program files (x86)/gnu tools arm embedded/7 2017-q4-major/bin/../lib/gcc/arm-none-eabi/7.2.1/../../../../arm-none-eabi/lib/thumb/v7e-m/fpv4-sp/hard\libc_nano.a(lib_a-nano-vfprintf_float.o)
                0x0800ce5c                _printf_float
 .text._printf_common
                0x0800d2dc       0xea c:/program files (x86)/gnu tools arm embedded/7 2017-q4-major/bin/../lib/gcc/arm-none-eabi/7.2.1/../../../../arm-none-eabi/lib/thumb/v7e-m/fpv4-sp/hard\libc_nano.a(lib_a-nano-vfprintf_i.o)
                0x0800d2dc                _printf_common
 *fill*         0x0800d3c6        0x2 
 .text._printf_i
                0x0800d3c8      0x224 c:/program files (x86)/gnu tools arm embedded/7 2017-q4-major/bin/../lib/gcc/arm-none-eabi/7.2.1/../../../../arm-none-eabi/lib/thumb/v7e-m/fpv4-sp/hard\libc_nano.a(lib_a-nano-vfprintf_i.o)
                0x0800d3c8                _printf_i
 .text.printf   0x0800d5ec       0x30 c:/program files (x86)/gnu tools arm embedded/7 2017-q4-major/bin/../lib/gcc/arm-none-eabi/7.2.1/../../../../arm-none-eabi/lib/thumb/v7e-m/fpv4-sp/hard\libc_nano.a(lib_a-printf.o)
                0x0800d5ec                iprintf
                0x0800d5ec                printf
 .text.putchar  0x0800d61c       0x28 c:/program files (x86)/gnu tools arm embedded/7 2017-q4-major/bin/../lib/gcc/arm-none-eabi/7.2.1/../../../../arm-none-eabi/lib/thumb/v7e-m/fpv4-sp/hard\libc_nano.a(lib_a-putchar.o)
                0x0800d61c                putchar
 .text._puts_r  0x0800d644       0xb8 c:/program files (x86)/gnu tools arm embedded/7 2017-q4-major/bin/../lib/gcc/arm-none-eabi/7.2.1/../../../../arm-none-eabi/lib/thumb/v7e-m/fpv4-sp/hard\libc_nano.a(lib_a-puts.o)
                0x0800d644                _puts_r
 .text.puts     0x0800d6fc       0x10 c:/program files (x86)/gnu tools arm embedded/7 2017-q4-major/bin/../lib/gcc/arm-none-eabi/7.2.1/../../../../arm-none-eabi/lib/thumb/v7e-m/fpv4-sp/hard\libc_nano.a(lib_a-puts.o)
                0x0800d6fc                puts
 .text.setbuf   0x0800d70c       0x10 c:/program files (x86)/gnu tools arm embedded/7 2017-q4-major/bin/../lib/gcc/arm-none-eabi/7.2.1/../../../../arm-none-eabi/lib/thumb/v7e-m/fpv4-sp/hard\libc_nano.a(lib_a-setbuf.o)
                0x0800d70c                setbuf
 .text.setvbuf  0x0800d71c      0x15c c:/program files (x86)/gnu tools arm embedded/7 2017-q4-major/bin/../lib/gcc/arm-none-eabi/7.2.1/../../../../arm-none-eabi/lib/thumb/v7e-m/fpv4-sp/hard\libc_nano.a(lib_a-setvbuf.o)
                0x0800d71c                setvbuf
 .text.__swbuf_r
                0x0800d878       0xa4 c:/program files (x86)/gnu tools arm embedded/7 2017-q4-major/bin/../lib/gcc/arm-none-eabi/7.2.1/../../../../arm-none-eabi/lib/thumb/v7e-m/fpv4-sp/hard\libc_nano.a(lib_a-wbuf.o)
                0x0800d878                __swbuf_r
 .text.__swsetup_r
                0x0800d91c       0xdc c:/program files (x86)/gnu tools arm embedded/7 2017-q4-major/bin/../lib/gcc/arm-none-eabi/7.2.1/../../../../arm-none-eabi/lib/thumb/v7e-m/fpv4-sp/hard\libc_nano.a(lib_a-wsetup.o)
                0x0800d91c                __swsetup_r
 .text.quorem   0x0800d9f8      0x118 c:/program files (x86)/gnu tools arm embedded/7 2017-q4-major/bin/../lib/gcc/arm-none-eabi/7.2.1/../../../../arm-none-eabi/lib/thumb/v7e-m/fpv4-sp/hard\libc_nano.a(lib_a-dtoa.o)
 .text._dtoa_r  0x0800db10      0xb70 c:/program files (x86)/gnu tools arm embedded/7 2017-q4-major/bin/../lib/gcc/arm-none-eabi/7.2.1/../../../../arm-none-eabi/lib/thumb/v7e-m/fpv4-sp/hard\libc_nano.a(lib_a-dtoa.o)
                0x0800db10                _dtoa_r
 .text.__sflush_r
                0x0800e680      0x10c c:/program files (x86)/gnu tools arm embedded/7 2017-q4-major/bin/../lib/gcc/arm-none-eabi/7.2.1/../../../../arm-none-eabi/lib/thumb/v7e-m/fpv4-sp/hard\libc_nano.a(lib_a-fflush.o)
                0x0800e680                __sflush_r
 .text._fflush_r
                0x0800e78c       0x54 c:/program files (x86)/gnu tools arm embedded/7 2017-q4-major/bin/../lib/gcc/arm-none-eabi/7.2.1/../../../../arm-none-eabi/lib/thumb/v7e-m/fpv4-sp/hard\libc_nano.a(lib_a-fflush.o)
                0x0800e78c                _fflush_r
 .text.std      0x0800e7e0       0x48 c:/program files (x86)/gnu tools arm embedded/7 2017-q4-major/bin/../lib/gcc/arm-none-eabi/7.2.1/../../../../arm-none-eabi/lib/thumb/v7e-m/fpv4-sp/hard\libc_nano.a(lib_a-findfp.o)
 .text._cleanup_r
                0x0800e828        0xc c:/program files (x86)/gnu tools arm embedded/7 2017-q4-major/bin/../lib/gcc/arm-none-eabi/7.2.1/../../../../arm-none-eabi/lib/thumb/v7e-m/fpv4-sp/hard\libc_nano.a(lib_a-findfp.o)
                0x0800e828                _cleanup_r
 .text.__sfmoreglue
                0x0800e834       0x2c c:/program files (x86)/gnu tools arm embedded/7 2017-q4-major/bin/../lib/gcc/arm-none-eabi/7.2.1/../../../../arm-none-eabi/lib/thumb/v7e-m/fpv4-sp/hard\libc_nano.a(lib_a-findfp.o)
                0x0800e834                __sfmoreglue
 .text.__sinit  0x0800e860       0x60 c:/program files (x86)/gnu tools arm embedded/7 2017-q4-major/bin/../lib/gcc/arm-none-eabi/7.2.1/../../../../arm-none-eabi/lib/thumb/v7e-m/fpv4-sp/hard\libc_nano.a(lib_a-findfp.o)
                0x0800e860                __sinit
 .text.__sfp    0x0800e8c0       0x78 c:/program files (x86)/gnu tools arm embedded/7 2017-q4-major/bin/../lib/gcc/arm-none-eabi/7.2.1/../../../../arm-none-eabi/lib/thumb/v7e-m/fpv4-sp/hard\libc_nano.a(lib_a-findfp.o)
                0x0800e8c0                __sfp
 .text._fwalk_reent
                0x0800e938       0x3c c:/program files (x86)/gnu tools arm embedded/7 2017-q4-major/bin/../lib/gcc/arm-none-eabi/7.2.1/../../../../arm-none-eabi/lib/thumb/v7e-m/fpv4-sp/hard\libc_nano.a(lib_a-fwalk.o)
                0x0800e938                _fwalk_reent
 .text._localeconv_r
                0x0800e974       0x1c c:/program files (x86)/gnu tools arm embedded/7 2017-q4-major/bin/../lib/gcc/arm-none-eabi/7.2.1/../../../../arm-none-eabi/lib/thumb/v7e-m/fpv4-sp/hard\libc_nano.a(lib_a-localeconv.o)
                0x0800e974                _localeconv_r
 .text.__swhatbuf_r
                0x0800e990       0x48 c:/program files (x86)/gnu tools arm embedded/7 2017-q4-major/bin/../lib/gcc/arm-none-eabi/7.2.1/../../../../arm-none-eabi/lib/thumb/v7e-m/fpv4-sp/hard\libc_nano.a(lib_a-makebuf.o)
                0x0800e990                __swhatbuf_r
 .text.__smakebuf_r
                0x0800e9d8       0x80 c:/program files (x86)/gnu tools arm embedded/7 2017-q4-major/bin/../lib/gcc/arm-none-eabi/7.2.1/../../../../arm-none-eabi/lib/thumb/v7e-m/fpv4-sp/hard\libc_nano.a(lib_a-makebuf.o)
                0x0800e9d8                __smakebuf_r
 .text.malloc   0x0800ea58       0x10 c:/program files (x86)/gnu tools arm embedded/7 2017-q4-major/bin/../lib/gcc/arm-none-eabi/7.2.1/../../../../arm-none-eabi/lib/thumb/v7e-m/fpv4-sp/hard\libc_nano.a(lib_a-malloc.o)
                0x0800ea58                malloc
 .text._Balloc  0x0800ea68       0x68 c:/program files (x86)/gnu tools arm embedded/7 2017-q4-major/bin/../lib/gcc/arm-none-eabi/7.2.1/../../../../arm-none-eabi/lib/thumb/v7e-m/fpv4-sp/hard\libc_nano.a(lib_a-mprec.o)
                0x0800ea68                _Balloc
 .text._Bfree   0x0800ead0       0x2e c:/program files (x86)/gnu tools arm embedded/7 2017-q4-major/bin/../lib/gcc/arm-none-eabi/7.2.1/../../../../arm-none-eabi/lib/thumb/v7e-m/fpv4-sp/hard\libc_nano.a(lib_a-mprec.o)
                0x0800ead0                _Bfree
 .text.__multadd
                0x0800eafe       0x76 c:/program files (x86)/gnu tools arm embedded/7 2017-q4-major/bin/../lib/gcc/arm-none-eabi/7.2.1/../../../../arm-none-eabi/lib/thumb/v7e-m/fpv4-sp/hard\libc_nano.a(lib_a-mprec.o)
                0x0800eafe                __multadd
 .text.__hi0bits
                0x0800eb74       0x3e c:/program files (x86)/gnu tools arm embedded/7 2017-q4-major/bin/../lib/gcc/arm-none-eabi/7.2.1/../../../../arm-none-eabi/lib/thumb/v7e-m/fpv4-sp/hard\libc_nano.a(lib_a-mprec.o)
                0x0800eb74                __hi0bits
 .text.__lo0bits
                0x0800ebb2       0x5e c:/program files (x86)/gnu tools arm embedded/7 2017-q4-major/bin/../lib/gcc/arm-none-eabi/7.2.1/../../../../arm-none-eabi/lib/thumb/v7e-m/fpv4-sp/hard\libc_nano.a(lib_a-mprec.o)
                0x0800ebb2                __lo0bits
 .text.__i2b    0x0800ec10       0x12 c:/program files (x86)/gnu tools arm embedded/7 2017-q4-major/bin/../lib/gcc/arm-none-eabi/7.2.1/../../../../arm-none-eabi/lib/thumb/v7e-m/fpv4-sp/hard\libc_nano.a(lib_a-mprec.o)
                0x0800ec10                __i2b
 .text.__multiply
                0x0800ec22      0x12c c:/program files (x86)/gnu tools arm embedded/7 2017-q4-major/bin/../lib/gcc/arm-none-eabi/7.2.1/../../../../arm-none-eabi/lib/thumb/v7e-m/fpv4-sp/hard\libc_nano.a(lib_a-mprec.o)
                0x0800ec22                __multiply
 *fill*         0x0800ed4e        0x2 
 .text.__pow5mult
                0x0800ed50       0x9c c:/program files (x86)/gnu tools arm embedded/7 2017-q4-major/bin/../lib/gcc/arm-none-eabi/7.2.1/../../../../arm-none-eabi/lib/thumb/v7e-m/fpv4-sp/hard\libc_nano.a(lib_a-mprec.o)
                0x0800ed50                __pow5mult
 .text.__lshift
                0x0800edec       0xa8 c:/program files (x86)/gnu tools arm embedded/7 2017-q4-major/bin/../lib/gcc/arm-none-eabi/7.2.1/../../../../arm-none-eabi/lib/thumb/v7e-m/fpv4-sp/hard\libc_nano.a(lib_a-mprec.o)
                0x0800edec                __lshift
 .text.__mcmp   0x0800ee94       0x34 c:/program files (x86)/gnu tools arm embedded/7 2017-q4-major/bin/../lib/gcc/arm-none-eabi/7.2.1/../../../../arm-none-eabi/lib/thumb/v7e-m/fpv4-sp/hard\libc_nano.a(lib_a-mprec.o)
                0x0800ee94                __mcmp
 .text.__mdiff  0x0800eec8       0xba c:/program files (x86)/gnu tools arm embedded/7 2017-q4-major/bin/../lib/gcc/arm-none-eabi/7.2.1/../../../../arm-none-eabi/lib/thumb/v7e-m/fpv4-sp/hard\libc_nano.a(lib_a-mprec.o)
                0x0800eec8                __mdiff
 .text.__d2b    0x0800ef82       0x9e c:/program files (x86)/gnu tools arm embedded/7 2017-q4-major/bin/../lib/gcc/arm-none-eabi/7.2.1/../../../../arm-none-eabi/lib/thumb/v7e-m/fpv4-sp/hard\libc_nano.a(lib_a-mprec.o)
                0x0800ef82                __d2b
 .text._calloc_r
                0x0800f020       0x1c c:/program files (x86)/gnu tools arm embedded/7 2017-q4-major/bin/../lib/gcc/arm-none-eabi/7.2.1/../../../../arm-none-eabi/lib/thumb/v7e-m/fpv4-sp/hard\libc_nano.a(lib_a-nano-callocr.o)
                0x0800f020                _calloc_r
 .text._free_r  0x0800f03c       0x9c c:/program files (x86)/gnu tools arm embedded/7 2017-q4-major/bin/../lib/gcc/arm-none-eabi/7.2.1/../../../../arm-none-eabi/lib/thumb/v7e-m/fpv4-sp/hard\libc_nano.a(lib_a-nano-freer.o)
                0x0800f03c                _free_r
 .text._malloc_r
                0x0800f0d8       0xb4 c:/program files (x86)/gnu tools arm embedded/7 2017-q4-major/bin/../lib/gcc/arm-none-eabi/7.2.1/../../../../arm-none-eabi/lib/thumb/v7e-m/fpv4-sp/hard\libc_nano.a(lib_a-nano-mallocr.o)
                0x0800f0d8                _malloc_r
 .text.__sfputc_r
                0x0800f18c       0x2e c:/program files (x86)/gnu tools arm embedded/7 2017-q4-major/bin/../lib/gcc/arm-none-eabi/7.2.1/../../../../arm-none-eabi/lib/thumb/v7e-m/fpv4-sp/hard\libc_nano.a(lib_a-nano-vfprintf.o)
 .text.__sfputs_r
                0x0800f1ba       0x24 c:/program files (x86)/gnu tools arm embedded/7 2017-q4-major/bin/../lib/gcc/arm-none-eabi/7.2.1/../../../../arm-none-eabi/lib/thumb/v7e-m/fpv4-sp/hard\libc_nano.a(lib_a-nano-vfprintf.o)
                0x0800f1ba                __sfputs_r
 *fill*         0x0800f1de        0x2 
 .text._vfprintf_r
                0x0800f1e0      0x228 c:/program files (x86)/gnu tools arm embedded/7 2017-q4-major/bin/../lib/gcc/arm-none-eabi/7.2.1/../../../../arm-none-eabi/lib/thumb/v7e-m/fpv4-sp/hard\libc_nano.a(lib_a-nano-vfprintf.o)
                0x0800f1e0                _vfprintf_r
                0x0800f1e0                _vfiprintf_r
 .text._putc_r  0x0800f408       0x6c c:/program files (x86)/gnu tools arm embedded/7 2017-q4-major/bin/../lib/gcc/arm-none-eabi/7.2.1/../../../../arm-none-eabi/lib/thumb/v7e-m/fpv4-sp/hard\libc_nano.a(lib_a-putc.o)
                0x0800f408                _putc_r
 .text._sbrk_r  0x0800f474       0x20 c:/program files (x86)/gnu tools arm embedded/7 2017-q4-major/bin/../lib/gcc/arm-none-eabi/7.2.1/../../../../arm-none-eabi/lib/thumb/v7e-m/fpv4-sp/hard\libc_nano.a(lib_a-sbrkr.o)
                0x0800f474                _sbrk_r
 .text.__sread  0x0800f494       0x22 c:/program files (x86)/gnu tools arm embedded/7 2017-q4-major/bin/../lib/gcc/arm-none-eabi/7.2.1/../../../../arm-none-eabi/lib/thumb/v7e-m/fpv4-sp/hard\libc_nano.a(lib_a-stdio.o)
                0x0800f494                __sread
 .text.__swrite
                0x0800f4b6       0x38 c:/program files (x86)/gnu tools arm embedded/7 2017-q4-major/bin/../lib/gcc/arm-none-eabi/7.2.1/../../../../arm-none-eabi/lib/thumb/v7e-m/fpv4-sp/hard\libc_nano.a(lib_a-stdio.o)
                0x0800f4b6                __swrite
 .text.__sseek  0x0800f4ee       0x24 c:/program files (x86)/gnu tools arm embedded/7 2017-q4-major/bin/../lib/gcc/arm-none-eabi/7.2.1/../../../../arm-none-eabi/lib/thumb/v7e-m/fpv4-sp/hard\libc_nano.a(lib_a-stdio.o)
                0x0800f4ee                __sseek
 .text.__sclose
                0x0800f512        0x8 c:/program files (x86)/gnu tools arm embedded/7 2017-q4-major/bin/../lib/gcc/arm-none-eabi/7.2.1/../../../../arm-none-eabi/lib/thumb/v7e-m/fpv4-sp/hard\libc_nano.a(lib_a-stdio.o)
                0x0800f512                __sclose
 *fill*         0x0800f51a        0x2 
 .text._write_r
                0x0800f51c       0x24 c:/program files (x86)/gnu tools arm embedded/7 2017-q4-major/bin/../lib/gcc/arm-none-eabi/7.2.1/../../../../arm-none-eabi/lib/thumb/v7e-m/fpv4-sp/hard\libc_nano.a(lib_a-writer.o)
                0x0800f51c                _write_r
 .text._close_r
                0x0800f540       0x20 c:/program files (x86)/gnu tools arm embedded/7 2017-q4-major/bin/../lib/gcc/arm-none-eabi/7.2.1/../../../../arm-none-eabi/lib/thumb/v7e-m/fpv4-sp/hard\libc_nano.a(lib_a-closer.o)
                0x0800f540                _close_r
 .text._fstat_r
                0x0800f560       0x24 c:/program files (x86)/gnu tools arm embedded/7 2017-q4-major/bin/../lib/gcc/arm-none-eabi/7.2.1/../../../../arm-none-eabi/lib/thumb/v7e-m/fpv4-sp/hard\libc_nano.a(lib_a-fstatr.o)
                0x0800f560                _fstat_r
 .text._isatty_r
                0x0800f584       0x20 c:/program files (x86)/gnu tools arm embedded/7 2017-q4-major/bin/../lib/gcc/arm-none-eabi/7.2.1/../../../../arm-none-eabi/lib/thumb/v7e-m/fpv4-sp/hard\libc_nano.a(lib_a-isattyr.o)
                0x0800f584                _isatty_r
 .text._lseek_r
                0x0800f5a4       0x24 c:/program files (x86)/gnu tools arm embedded/7 2017-q4-major/bin/../lib/gcc/arm-none-eabi/7.2.1/../../../../arm-none-eabi/lib/thumb/v7e-m/fpv4-sp/hard\libc_nano.a(lib_a-lseekr.o)
                0x0800f5a4                _lseek_r
 .text.__ascii_mbtowc
                0x0800f5c8       0x24 c:/program files (x86)/gnu tools arm embedded/7 2017-q4-major/bin/../lib/gcc/arm-none-eabi/7.2.1/../../../../arm-none-eabi/lib/thumb/v7e-m/fpv4-sp/hard\libc_nano.a(lib_a-mbtowc_r.o)
                0x0800f5c8                __ascii_mbtowc
 .text.__malloc_lock
                0x0800f5ec        0x2 c:/program files (x86)/gnu tools arm embedded/7 2017-q4-major/bin/../lib/gcc/arm-none-eabi/7.2.1/../../../../arm-none-eabi/lib/thumb/v7e-m/fpv4-sp/hard\libc_nano.a(lib_a-mlock.o)
                0x0800f5ec                __malloc_lock
 .text.__malloc_unlock
                0x0800f5ee        0x2 c:/program files (x86)/gnu tools arm embedded/7 2017-q4-major/bin/../lib/gcc/arm-none-eabi/7.2.1/../../../../arm-none-eabi/lib/thumb/v7e-m/fpv4-sp/hard\libc_nano.a(lib_a-mlock.o)
                0x0800f5ee                __malloc_unlock
 .text._read_r  0x0800f5f0       0x24 c:/program files (x86)/gnu tools arm embedded/7 2017-q4-major/bin/../lib/gcc/arm-none-eabi/7.2.1/../../../../arm-none-eabi/lib/thumb/v7e-m/fpv4-sp/hard\libc_nano.a(lib_a-readr.o)
                0x0800f5f0                _read_r
 .text.__ascii_wctomb
                0x0800f614       0x1a c:/program files (x86)/gnu tools arm embedded/7 2017-q4-major/bin/../lib/gcc/arm-none-eabi/7.2.1/../../../../arm-none-eabi/lib/thumb/v7e-m/fpv4-sp/hard\libc_nano.a(lib_a-wctomb_r.o)
                0x0800f614                __ascii_wctomb
 *(.glue_7)
 .glue_7        0x0800f62e        0x0 linker stubs
 *(.glue_7t)
 .glue_7t       0x0800f62e        0x0 linker stubs
 *(.eh_frame)
 *fill*         0x0800f62e        0x2 
 .eh_frame      0x0800f630        0x0 c:/program files (x86)/gnu tools arm embedded/7 2017-q4-major/bin/../lib/gcc/arm-none-eabi/7.2.1/thumb/v7e-m/fpv4-sp/hard/crtbegin.o
 *(.init)
 .init          0x0800f630        0x4 c:/program files (x86)/gnu tools arm embedded/7 2017-q4-major/bin/../lib/gcc/arm-none-eabi/7.2.1/thumb/v7e-m/fpv4-sp/hard/crti.o
                0x0800f630                _init
 .init          0x0800f634        0x8 c:/program files (x86)/gnu tools arm embedded/7 2017-q4-major/bin/../lib/gcc/arm-none-eabi/7.2.1/thumb/v7e-m/fpv4-sp/hard/crtn.o
 *(.fini)
 .fini          0x0800f63c        0x4 c:/program files (x86)/gnu tools arm embedded/7 2017-q4-major/bin/../lib/gcc/arm-none-eabi/7.2.1/thumb/v7e-m/fpv4-sp/hard/crti.o
                0x0800f63c                _fini
 .fini          0x0800f640        0x8 c:/program files (x86)/gnu tools arm embedded/7 2017-q4-major/bin/../lib/gcc/arm-none-eabi/7.2.1/thumb/v7e-m/fpv4-sp/hard/crtn.o
                0x0800f648                . = ALIGN (0x4)
                0x0800f648                _etext = .

.vfp11_veneer   0x0800f648        0x0
 .vfp11_veneer  0x0800f648        0x0 linker stubs

.v4_bx          0x0800f648        0x0
 .v4_bx         0x0800f648        0x0 linker stubs

.iplt           0x0800f648        0x0
 .iplt          0x0800f648        0x0 c:/program files (x86)/gnu tools arm embedded/7 2017-q4-major/bin/../lib/gcc/arm-none-eabi/7.2.1/thumb/v7e-m/fpv4-sp/hard/crtbegin.o

.rodata         0x0800f648      0x360
                0x0800f648                . = ALIGN (0x4)
 *(.rodata)
 *(.rodata*)
 .rodata.MX_TIM1_Init.str1.4
                0x0800f648        0xa build/tim.o
 *fill*         0x0800f652        0x2 
 .rodata.MX_ADC1_Init.str1.4
                0x0800f654        0xa build/adc.o
 *fill*         0x0800f65e        0x2 
 .rodata.MX_USART3_UART_Init.str1.4
                0x0800f660        0xc build/usart.o
 .rodata.flagBitshiftOffset.9184
                0x0800f66c        0x8 build/stm32f4xx_hal_dma.o
 .rodata.Init_Main.str1.4
                0x0800f674        0xa build/main.o
 *fill*         0x0800f67e        0x2 
 .rodata.SystemClock_Config.str1.4
                0x0800f680        0xb build/main.o
 *fill*         0x0800f68b        0x1 
 .rodata.MX_SPI1_Init.str1.4
                0x0800f68c        0xa build/spi.o
 *fill*         0x0800f696        0x2 
 .rodata.Spi_SetGyro.str1.4
                0x0800f698        0xe build/spi.o
 *fill*         0x0800f6a6        0x2 
 .rodata.AHBPrescTable
                0x0800f6a8       0x10 build/system_stm32f4xx.o
                0x0800f6a8                AHBPrescTable
 .rodata.APBPrescTable
                0x0800f6b8        0x8 build/system_stm32f4xx.o
                0x0800f6b8                APBPrescTable
 .rodata.Mode_Select.str1.4
                0x0800f6c0        0x4 build/mode.o
 .rodata.PrintOutPut.str1.4
                0x0800f6c4        0xe build/mode.o
 *fill*         0x0800f6d2        0x2 
 .rodata.PrintWallData.str1.4
                0x0800f6d4        0xc build/mode.o
                                 0x10 (size before relaxing)
 .rodata.start_address
                0x0800f6e0        0x4 build/flash.o
                0x0800f6e0                start_address
 .rodata._global_impure_ptr
                0x0800f6e4        0x4 c:/program files (x86)/gnu tools arm embedded/7 2017-q4-major/bin/../lib/gcc/arm-none-eabi/7.2.1/../../../../arm-none-eabi/lib/thumb/v7e-m/fpv4-sp/hard\libc_nano.a(lib_a-impure.o)
                0x0800f6e4                _global_impure_ptr
 .rodata._printf_float.str1.1
                0x0800f6e8       0x12 c:/program files (x86)/gnu tools arm embedded/7 2017-q4-major/bin/../lib/gcc/arm-none-eabi/7.2.1/../../../../arm-none-eabi/lib/thumb/v7e-m/fpv4-sp/hard\libc_nano.a(lib_a-nano-vfprintf_float.o)
 .rodata._printf_i.str1.1
                0x0800f6fa       0x22 c:/program files (x86)/gnu tools arm embedded/7 2017-q4-major/bin/../lib/gcc/arm-none-eabi/7.2.1/../../../../arm-none-eabi/lib/thumb/v7e-m/fpv4-sp/hard\libc_nano.a(lib_a-nano-vfprintf_i.o)
 .rodata._dtoa_r.str1.1
                0x0800f71c        0xd c:/program files (x86)/gnu tools arm embedded/7 2017-q4-major/bin/../lib/gcc/arm-none-eabi/7.2.1/../../../../arm-none-eabi/lib/thumb/v7e-m/fpv4-sp/hard\libc_nano.a(lib_a-dtoa.o)
                                  0xf (size before relaxing)
 *fill*         0x0800f729        0x3 
 .rodata.__sf_fake_stderr
                0x0800f72c       0x20 c:/program files (x86)/gnu tools arm embedded/7 2017-q4-major/bin/../lib/gcc/arm-none-eabi/7.2.1/../../../../arm-none-eabi/lib/thumb/v7e-m/fpv4-sp/hard\libc_nano.a(lib_a-findfp.o)
                0x0800f72c                __sf_fake_stderr
 .rodata.__sf_fake_stdin
                0x0800f74c       0x20 c:/program files (x86)/gnu tools arm embedded/7 2017-q4-major/bin/../lib/gcc/arm-none-eabi/7.2.1/../../../../arm-none-eabi/lib/thumb/v7e-m/fpv4-sp/hard\libc_nano.a(lib_a-findfp.o)
                0x0800f74c                __sf_fake_stdin
 .rodata.__sf_fake_stdout
                0x0800f76c       0x20 c:/program files (x86)/gnu tools arm embedded/7 2017-q4-major/bin/../lib/gcc/arm-none-eabi/7.2.1/../../../../arm-none-eabi/lib/thumb/v7e-m/fpv4-sp/hard\libc_nano.a(lib_a-findfp.o)
                0x0800f76c                __sf_fake_stdout
 *fill*         0x0800f78c        0x4 
 .rodata.__mprec_bigtens
                0x0800f790       0x28 c:/program files (x86)/gnu tools arm embedded/7 2017-q4-major/bin/../lib/gcc/arm-none-eabi/7.2.1/../../../../arm-none-eabi/lib/thumb/v7e-m/fpv4-sp/hard\libc_nano.a(lib_a-mprec.o)
                0x0800f790                __mprec_bigtens
 .rodata.__mprec_tens
                0x0800f7b8       0xc8 c:/program files (x86)/gnu tools arm embedded/7 2017-q4-major/bin/../lib/gcc/arm-none-eabi/7.2.1/../../../../arm-none-eabi/lib/thumb/v7e-m/fpv4-sp/hard\libc_nano.a(lib_a-mprec.o)
                0x0800f7b8                __mprec_tens
 .rodata.p05.7359
                0x0800f880        0xc c:/program files (x86)/gnu tools arm embedded/7 2017-q4-major/bin/../lib/gcc/arm-none-eabi/7.2.1/../../../../arm-none-eabi/lib/thumb/v7e-m/fpv4-sp/hard\libc_nano.a(lib_a-mprec.o)
 .rodata._vfprintf_r.str1.1
                0x0800f88c       0x11 c:/program files (x86)/gnu tools arm embedded/7 2017-q4-major/bin/../lib/gcc/arm-none-eabi/7.2.1/../../../../arm-none-eabi/lib/thumb/v7e-m/fpv4-sp/hard\libc_nano.a(lib_a-nano-vfprintf.o)
 .rodata._setlocale_r.str1.1
                0x0800f89d        0x8 c:/program files (x86)/gnu tools arm embedded/7 2017-q4-major/bin/../lib/gcc/arm-none-eabi/7.2.1/../../../../arm-none-eabi/lib/thumb/v7e-m/fpv4-sp/hard\libc_nano.a(lib_a-locale.o)
                                  0x9 (size before relaxing)
 .rodata.str1.1
                0x0800f8a5        0x2 c:/program files (x86)/gnu tools arm embedded/7 2017-q4-major/bin/../lib/gcc/arm-none-eabi/7.2.1/../../../../arm-none-eabi/lib/thumb/v7e-m/fpv4-sp/hard\libc_nano.a(lib_a-locale.o)
 .rodata._ctype_
                0x0800f8a7      0x101 c:/program files (x86)/gnu tools arm embedded/7 2017-q4-major/bin/../lib/gcc/arm-none-eabi/7.2.1/../../../../arm-none-eabi/lib/thumb/v7e-m/fpv4-sp/hard\libc_nano.a(lib_a-ctype_.o)
                0x0800f8a7                _ctype_
                0x0800f9a8                . = ALIGN (0x4)

.ARM.extab
 *(.ARM.extab* .gnu.linkonce.armextab.*)

.ARM            0x0800f9a8        0x8
                0x0800f9a8                __exidx_start = .
 *(.ARM.exidx*)
 .ARM.exidx     0x0800f9a8        0x8 c:/program files (x86)/gnu tools arm embedded/7 2017-q4-major/bin/../lib/gcc/arm-none-eabi/7.2.1/thumb/v7e-m/fpv4-sp/hard\libgcc.a(_udivmoddi4.o)
                0x0800f9b0                __exidx_end = .

.rel.dyn        0x0800f9b0        0x0
 .rel.iplt      0x0800f9b0        0x0 c:/program files (x86)/gnu tools arm embedded/7 2017-q4-major/bin/../lib/gcc/arm-none-eabi/7.2.1/thumb/v7e-m/fpv4-sp/hard/crtbegin.o

.preinit_array  0x0800f9b0        0x0
                0x0800f9b0                PROVIDE (__preinit_array_start, .)
 *(.preinit_array*)
                0x0800f9b0                PROVIDE (__preinit_array_end, .)

.init_array     0x0800f9b0        0x4
                0x0800f9b0                PROVIDE (__init_array_start, .)
 *(SORT_BY_NAME(.init_array.*))
 *(.init_array*)
 .init_array    0x0800f9b0        0x4 c:/program files (x86)/gnu tools arm embedded/7 2017-q4-major/bin/../lib/gcc/arm-none-eabi/7.2.1/thumb/v7e-m/fpv4-sp/hard/crtbegin.o
                0x0800f9b4                PROVIDE (__init_array_end, .)

.fini_array     0x0800f9b4        0x4
                [!provide]                PROVIDE (__fini_array_start, .)
 *(SORT_BY_NAME(.fini_array.*))
 *(.fini_array*)
 .fini_array    0x0800f9b4        0x4 c:/program files (x86)/gnu tools arm embedded/7 2017-q4-major/bin/../lib/gcc/arm-none-eabi/7.2.1/thumb/v7e-m/fpv4-sp/hard/crtbegin.o
                [!provide]                PROVIDE (__fini_array_end, .)
                0x0800f9b8                _sidata = LOADADDR (.data)

.data           0x20000000      0x244 load address 0x0800f9b8
                0x20000000                . = ALIGN (0x4)
                0x20000000                _sdata = .
 *(.data)
 *(.data*)
 .data.radius   0x20000000        0x4 build/tim.o
                0x20000000                radius
 .data.uwTickFreq
                0x20000004        0x1 build/stm32f4xx_hal.o
                0x20000004                uwTickFreq
 *fill*         0x20000005        0x3 
 .data.uwTickPrio
                0x20000008        0x4 build/stm32f4xx_hal.o
                0x20000008                uwTickPrio
 .data.SystemCoreClock
                0x2000000c        0x4 build/system_stm32f4xx.o
                0x2000000c                SystemCoreClock
 .data.gx       0x20000010        0x1 build/mode.o
                0x20000010                gx
 *fill*         0x20000011        0x3 
 .data.walledge_1200
                0x20000014       0x18 build/mode.o
                0x20000014                walledge_1200
 .data.walledge_800
                0x2000002c       0x18 build/mode.o
                0x2000002c                walledge_800
 .data.walledge_search
                0x20000044       0x18 build/mode.o
                0x20000044                walledge_search
 .data.ang_d    0x2000005c        0x4 build/control.o
                0x2000005c                ang_d
 .data.ang_i    0x20000060        0x4 build/control.o
                0x20000060                ang_i
 .data.ang_p    0x20000064        0x4 build/control.o
                0x20000064                ang_p
 .data.str_i    0x20000068        0x4 build/control.o
                0x20000068                str_i
 .data.str_p    0x2000006c        0x4 build/control.o
                0x2000006c                str_p
 .data.goal_size
                0x20000070        0x1 build/Maze.o
                0x20000070                goal_size
 *fill*         0x20000071        0x3 
 .data._impure_ptr
                0x20000074        0x4 c:/program files (x86)/gnu tools arm embedded/7 2017-q4-major/bin/../lib/gcc/arm-none-eabi/7.2.1/../../../../arm-none-eabi/lib/thumb/v7e-m/fpv4-sp/hard\libc_nano.a(lib_a-impure.o)
                0x20000074                _impure_ptr
 .data.impure_data
                0x20000078       0x60 c:/program files (x86)/gnu tools arm embedded/7 2017-q4-major/bin/../lib/gcc/arm-none-eabi/7.2.1/../../../../arm-none-eabi/lib/thumb/v7e-m/fpv4-sp/hard\libc_nano.a(lib_a-impure.o)
 .data.__global_locale
                0x200000d8      0x16c c:/program files (x86)/gnu tools arm embedded/7 2017-q4-major/bin/../lib/gcc/arm-none-eabi/7.2.1/../../../../arm-none-eabi/lib/thumb/v7e-m/fpv4-sp/hard\libc_nano.a(lib_a-locale.o)
                0x200000d8                __global_locale
                0x20000244                . = ALIGN (0x4)
                0x20000244                _edata = .
                0x0800fbfc                _siccmram = LOADADDR (.ccmram)

.igot.plt       0x20000244        0x0 load address 0x0800fbfc
 .igot.plt      0x20000244        0x0 c:/program files (x86)/gnu tools arm embedded/7 2017-q4-major/bin/../lib/gcc/arm-none-eabi/7.2.1/thumb/v7e-m/fpv4-sp/hard/crtbegin.o

.ccmram         0x10000000        0x0 load address 0x0800fbfc
                0x10000000                . = ALIGN (0x4)
                0x10000000                _sccmram = .
 *(.ccmram)
 *(.ccmram*)
                0x10000000                . = ALIGN (0x4)
                0x10000000                _eccmram = .
                0x10000000                . = ALIGN (0x4)

.bss            0x20000244     0xa650
                0x20000244                _sbss = .
                0x20000244                __bss_start__ = _sbss
 *(.bss)
 .bss           0x20000244       0x1c c:/program files (x86)/gnu tools arm embedded/7 2017-q4-major/bin/../lib/gcc/arm-none-eabi/7.2.1/thumb/v7e-m/fpv4-sp/hard/crtbegin.o
 *(.bss*)
 .bss.heap_end.7234
                0x20000260        0x4 build/syscalls.o
 .bss.gy        0x20000264        0x1 build/mode.o
                0x20000264                gy
 *fill*         0x20000265        0x3 
 .bss.diagonal_step
                0x20000268        0x4 build/motion.o
                0x20000268                diagonal_step
 .bss.gain_velo
                0x2000026c        0x4 build/motion.o
                0x2000026c                gain_velo
 .bss.prefront_flag
                0x20000270        0x2 build/motion.o
                0x20000270                prefront_flag
 .bss.add_l     0x20000272        0x1 build/control.o
                0x20000272                add_l
 .bss.add_r     0x20000273        0x1 build/control.o
                0x20000273                add_r
 .bss.ang_idial
                0x20000274        0x4 build/control.o
                0x20000274                ang_idial
 .bss.counter_ms
                0x20000278        0x2 build/control.o
                0x20000278                counter_ms
 *fill*         0x2000027a        0x2 
 .bss.dist_idial
                0x2000027c        0x4 build/control.o
                0x2000027c                dist_idial
 .bss.front_wall_diff
                0x20000280        0x4 build/control.o
                0x20000280                front_wall_diff
 .bss.str_d     0x20000284        0x4 build/control.o
                0x20000284                str_d
 .bss.wall_dif  0x20000288        0x4 build/control.o
                0x20000288                wall_dif
 .bss.walledge_side
                0x2000028c        0x1 build/control.o
                0x2000028c                walledge_side
 *fill*         0x2000028d        0x3 
 .bss.__malloc_free_list
                0x20000290        0x4 c:/program files (x86)/gnu tools arm embedded/7 2017-q4-major/bin/../lib/gcc/arm-none-eabi/7.2.1/../../../../arm-none-eabi/lib/thumb/v7e-m/fpv4-sp/hard\libc_nano.a(lib_a-nano-mallocr.o)
                0x20000290                __malloc_free_list
 .bss.__malloc_sbrk_start
                0x20000294        0x4 c:/program files (x86)/gnu tools arm embedded/7 2017-q4-major/bin/../lib/gcc/arm-none-eabi/7.2.1/../../../../arm-none-eabi/lib/thumb/v7e-m/fpv4-sp/hard\libc_nano.a(lib_a-nano-mallocr.o)
                0x20000294                __malloc_sbrk_start
 *(COMMON)
 COMMON         0x20000298      0x120 build/tim.o
                0x20000298                htim8
                0x200002d4                sMasterConfig
                0x200002dc                enc
                0x200002e8                htim3
                0x20000324                sConfigOC
                0x20000340                htim1
                0x2000037c                htim2
 COMMON         0x200003b8      0x1b2 build/adc.o
                0x200003b8                ADCOffData
                0x200003c0                hadc2
                0x20000408                ADCOntData
                0x20000410                sen_front_reference_f
                0x20000414                sen_front
                0x20000434                sen_l
                0x20000454                hadc1
                0x2000049c                cnt_100ms
                0x200004a0                sen_fr
                0x200004c0                sen_fl
                0x200004e0                ADCBuff
                0x200004e8                sen_r
                0x20000508                hdma_adc2
                0x20000568                adc_counter
 *fill*         0x2000056a        0x2 
 COMMON         0x2000056c        0x4 build/stm32f4xx_hal.o
                0x2000056c                uwTick
 COMMON         0x20000570       0x40 build/usart.o
                0x20000570                huart3
 COMMON         0x200005b0       0x20 build/stm32f4xx_hal_flash.o
                0x200005b0                pFlash
 COMMON         0x200005d0       0x84 build/spi.o
                0x200005d0                flag_gyro_calc
                0x200005d4                accel
                0x200005e0                gyro_y
                0x200005e4                gyro_x
                0x200005e8                hspi1
                0x20000640                gyro_z
 COMMON         0x20000654        0x1 build/motion.o
                0x20000654                motion_end_flag
 *fill*         0x20000655        0x3 
 COMMON         0x20000658     0x9caf build/control.o
                0x20000658                walledge
                0x20000670                counter_s
                0x20000674                straight
                0x20000690                error_ang_old
                0x20000694                error_ang_sum
                0x20000698                error_sum
                0x2000069c                front_wall_flag
                0x200006a0                error_old
                0x200006a4                control_wall_flag
                0x200006a8                angle
                0x200006c4                loger
                0x2000a306                motor_flag
 *fill*         0x2000a307        0x1 
 COMMON         0x2000a308      0x588 build/Maze.o
                0x2000a308                stepEx_v
                0x2000a54c                stepEx_h
                0x2000a790                step
 COMMON         0x2000a890        0x4 c:/program files (x86)/gnu tools arm embedded/7 2017-q4-major/bin/../lib/gcc/arm-none-eabi/7.2.1/../../../../arm-none-eabi/lib/thumb/v7e-m/fpv4-sp/hard\libc_nano.a(lib_a-reent.o)
                0x2000a890                errno
                0x2000a894                . = ALIGN (0x4)
                0x2000a894                _ebss = .
                0x2000a894                __bss_end__ = _ebss

._user_heap_stack
                0x2000a894      0x604
                0x2000a898                . = ALIGN (0x8)
 *fill*         0x2000a894        0x4 
                0x2000a898                PROVIDE (end, .)
                [!provide]                PROVIDE (_end, .)
                0x2000aa98                . = (. + _Min_Heap_Size)
 *fill*         0x2000a898      0x200 
                0x2000ae98                . = (. + _Min_Stack_Size)
 *fill*         0x2000aa98      0x400 
                0x2000ae98                . = ALIGN (0x8)

/DISCARD/
 libc.a(*)
 libm.a(*)
 libgcc.a(*)

.ARM.attributes
                0x00000000       0x30
 *(.ARM.attributes)
 .ARM.attributes
                0x00000000       0x22 c:/program files (x86)/gnu tools arm embedded/7 2017-q4-major/bin/../lib/gcc/arm-none-eabi/7.2.1/thumb/v7e-m/fpv4-sp/hard/crti.o
 .ARM.attributes
                0x00000022       0x34 c:/program files (x86)/gnu tools arm embedded/7 2017-q4-major/bin/../lib/gcc/arm-none-eabi/7.2.1/thumb/v7e-m/fpv4-sp/hard/crtbegin.o
 .ARM.attributes
                0x00000056       0x39 build/stm32f4xx_hal_adc.o
 .ARM.attributes
                0x0000008f       0x39 build/stm32f4xx_hal_flash_ex.o
 .ARM.attributes
                0x000000c8       0x39 build/tim.o
 .ARM.attributes
                0x00000101       0x39 build/dma.o
 .ARM.attributes
                0x0000013a       0x39 build/adc.o
 .ARM.attributes
                0x00000173       0x39 build/stm32f4xx_hal_spi.o
 .ARM.attributes
                0x000001ac       0x39 build/stm32f4xx_hal_rcc.o
 .ARM.attributes
                0x000001e5       0x39 build/stm32f4xx_hal.o
 .ARM.attributes
                0x0000021e       0x39 build/usart.o
 .ARM.attributes
                0x00000257       0x39 build/stm32f4xx_hal_dma.o
 .ARM.attributes
                0x00000290       0x39 build/gpio.o
 .ARM.attributes
                0x000002c9       0x39 build/stm32f4xx_hal_cortex.o
 .ARM.attributes
                0x00000302       0x39 build/stm32f4xx_hal_flash.o
 .ARM.attributes
                0x0000033b       0x39 build/main.o
 .ARM.attributes
                0x00000374       0x39 build/stm32f4xx_hal_tim_ex.o
 .ARM.attributes
                0x000003ad       0x39 build/stm32f4xx_hal_uart.o
 .ARM.attributes
                0x000003e6       0x39 build/stm32f4xx_hal_tim.o
 .ARM.attributes
                0x0000041f       0x39 build/stm32f4xx_hal_msp.o
 .ARM.attributes
                0x00000458       0x39 build/stm32f4xx_hal_gpio.o
 .ARM.attributes
                0x00000491       0x39 build/spi.o
 .ARM.attributes
                0x000004ca       0x39 build/system_stm32f4xx.o
 .ARM.attributes
                0x00000503       0x39 build/stm32f4xx_it.o
 .ARM.attributes
                0x0000053c       0x39 build/syscalls.o
 .ARM.attributes
                0x00000575       0x39 build/mode.o
 .ARM.attributes
                0x000005ae       0x39 build/motion.o
 .ARM.attributes
                0x000005e7       0x39 build/control.o
 .ARM.attributes
                0x00000620       0x39 build/Map.o
 .ARM.attributes
                0x00000659       0x39 build/Maze.o
 .ARM.attributes
                0x00000692       0x39 build/flash.o
 .ARM.attributes
                0x000006cb       0x21 build/startup_stm32f405xx.o
 .ARM.attributes
                0x000006ec       0x34 c:/program files (x86)/gnu tools arm embedded/7 2017-q4-major/bin/../lib/gcc/arm-none-eabi/7.2.1/../../../../arm-none-eabi/lib/thumb/v7e-m/fpv4-sp/hard\libc_nano.a(lib_a-errno.o)
 .ARM.attributes
                0x00000720       0x34 c:/program files (x86)/gnu tools arm embedded/7 2017-q4-major/bin/../lib/gcc/arm-none-eabi/7.2.1/../../../../arm-none-eabi/lib/thumb/v7e-m/fpv4-sp/hard\libc_nano.a(lib_a-impure.o)
 .ARM.attributes
                0x00000754       0x34 c:/program files (x86)/gnu tools arm embedded/7 2017-q4-major/bin/../lib/gcc/arm-none-eabi/7.2.1/../../../../arm-none-eabi/lib/thumb/v7e-m/fpv4-sp/hard\libc_nano.a(lib_a-init.o)
 .ARM.attributes
                0x00000788       0x34 c:/program files (x86)/gnu tools arm embedded/7 2017-q4-major/bin/../lib/gcc/arm-none-eabi/7.2.1/../../../../arm-none-eabi/lib/thumb/v7e-m/fpv4-sp/hard\libc_nano.a(lib_a-memcpy-stub.o)
 .ARM.attributes
                0x000007bc       0x34 c:/program files (x86)/gnu tools arm embedded/7 2017-q4-major/bin/../lib/gcc/arm-none-eabi/7.2.1/../../../../arm-none-eabi/lib/thumb/v7e-m/fpv4-sp/hard\libc_nano.a(lib_a-memset.o)
 .ARM.attributes
                0x000007f0       0x34 c:/program files (x86)/gnu tools arm embedded/7 2017-q4-major/bin/../lib/gcc/arm-none-eabi/7.2.1/../../../../arm-none-eabi/lib/thumb/v7e-m/fpv4-sp/hard\libc_nano.a(lib_a-nano-vfprintf_float.o)
 .ARM.attributes
                0x00000824       0x34 c:/program files (x86)/gnu tools arm embedded/7 2017-q4-major/bin/../lib/gcc/arm-none-eabi/7.2.1/../../../../arm-none-eabi/lib/thumb/v7e-m/fpv4-sp/hard\libc_nano.a(lib_a-nano-vfprintf_i.o)
 .ARM.attributes
                0x00000858       0x34 c:/program files (x86)/gnu tools arm embedded/7 2017-q4-major/bin/../lib/gcc/arm-none-eabi/7.2.1/../../../../arm-none-eabi/lib/thumb/v7e-m/fpv4-sp/hard\libc_nano.a(lib_a-printf.o)
 .ARM.attributes
                0x0000088c       0x34 c:/program files (x86)/gnu tools arm embedded/7 2017-q4-major/bin/../lib/gcc/arm-none-eabi/7.2.1/../../../../arm-none-eabi/lib/thumb/v7e-m/fpv4-sp/hard\libc_nano.a(lib_a-putchar.o)
 .ARM.attributes
                0x000008c0       0x34 c:/program files (x86)/gnu tools arm embedded/7 2017-q4-major/bin/../lib/gcc/arm-none-eabi/7.2.1/../../../../arm-none-eabi/lib/thumb/v7e-m/fpv4-sp/hard\libc_nano.a(lib_a-puts.o)
 .ARM.attributes
                0x000008f4       0x34 c:/program files (x86)/gnu tools arm embedded/7 2017-q4-major/bin/../lib/gcc/arm-none-eabi/7.2.1/../../../../arm-none-eabi/lib/thumb/v7e-m/fpv4-sp/hard\libc_nano.a(lib_a-setbuf.o)
 .ARM.attributes
                0x00000928       0x34 c:/program files (x86)/gnu tools arm embedded/7 2017-q4-major/bin/../lib/gcc/arm-none-eabi/7.2.1/../../../../arm-none-eabi/lib/thumb/v7e-m/fpv4-sp/hard\libc_nano.a(lib_a-setvbuf.o)
 .ARM.attributes
                0x0000095c       0x1b c:/program files (x86)/gnu tools arm embedded/7 2017-q4-major/bin/../lib/gcc/arm-none-eabi/7.2.1/../../../../arm-none-eabi/lib/thumb/v7e-m/fpv4-sp/hard\libc_nano.a(lib_a-strlen.o)
 .ARM.attributes
                0x00000977       0x34 c:/program files (x86)/gnu tools arm embedded/7 2017-q4-major/bin/../lib/gcc/arm-none-eabi/7.2.1/../../../../arm-none-eabi/lib/thumb/v7e-m/fpv4-sp/hard\libc_nano.a(lib_a-wbuf.o)
 .ARM.attributes
                0x000009ab       0x34 c:/program files (x86)/gnu tools arm embedded/7 2017-q4-major/bin/../lib/gcc/arm-none-eabi/7.2.1/../../../../arm-none-eabi/lib/thumb/v7e-m/fpv4-sp/hard\libc_nano.a(lib_a-wsetup.o)
 .ARM.attributes
                0x000009df       0x34 c:/program files (x86)/gnu tools arm embedded/7 2017-q4-major/bin/../lib/gcc/arm-none-eabi/7.2.1/../../../../arm-none-eabi/lib/thumb/v7e-m/fpv4-sp/hard\libc_nano.a(lib_a-dtoa.o)
 .ARM.attributes
                0x00000a13       0x34 c:/program files (x86)/gnu tools arm embedded/7 2017-q4-major/bin/../lib/gcc/arm-none-eabi/7.2.1/../../../../arm-none-eabi/lib/thumb/v7e-m/fpv4-sp/hard\libc_nano.a(lib_a-fflush.o)
 .ARM.attributes
                0x00000a47       0x34 c:/program files (x86)/gnu tools arm embedded/7 2017-q4-major/bin/../lib/gcc/arm-none-eabi/7.2.1/../../../../arm-none-eabi/lib/thumb/v7e-m/fpv4-sp/hard\libc_nano.a(lib_a-findfp.o)
 .ARM.attributes
                0x00000a7b       0x34 c:/program files (x86)/gnu tools arm embedded/7 2017-q4-major/bin/../lib/gcc/arm-none-eabi/7.2.1/../../../../arm-none-eabi/lib/thumb/v7e-m/fpv4-sp/hard\libc_nano.a(lib_a-fwalk.o)
 .ARM.attributes
                0x00000aaf       0x34 c:/program files (x86)/gnu tools arm embedded/7 2017-q4-major/bin/../lib/gcc/arm-none-eabi/7.2.1/../../../../arm-none-eabi/lib/thumb/v7e-m/fpv4-sp/hard\libc_nano.a(lib_a-localeconv.o)
 .ARM.attributes
                0x00000ae3       0x34 c:/program files (x86)/gnu tools arm embedded/7 2017-q4-major/bin/../lib/gcc/arm-none-eabi/7.2.1/../../../../arm-none-eabi/lib/thumb/v7e-m/fpv4-sp/hard\libc_nano.a(lib_a-makebuf.o)
 .ARM.attributes
                0x00000b17       0x34 c:/program files (x86)/gnu tools arm embedded/7 2017-q4-major/bin/../lib/gcc/arm-none-eabi/7.2.1/../../../../arm-none-eabi/lib/thumb/v7e-m/fpv4-sp/hard\libc_nano.a(lib_a-malloc.o)
 .ARM.attributes
                0x00000b4b       0x20 c:/program files (x86)/gnu tools arm embedded/7 2017-q4-major/bin/../lib/gcc/arm-none-eabi/7.2.1/../../../../arm-none-eabi/lib/thumb/v7e-m/fpv4-sp/hard\libc_nano.a(lib_a-memchr.o)
 .ARM.attributes
                0x00000b6b       0x34 c:/program files (x86)/gnu tools arm embedded/7 2017-q4-major/bin/../lib/gcc/arm-none-eabi/7.2.1/../../../../arm-none-eabi/lib/thumb/v7e-m/fpv4-sp/hard\libc_nano.a(lib_a-mprec.o)
 .ARM.attributes
                0x00000b9f       0x34 c:/program files (x86)/gnu tools arm embedded/7 2017-q4-major/bin/../lib/gcc/arm-none-eabi/7.2.1/../../../../arm-none-eabi/lib/thumb/v7e-m/fpv4-sp/hard\libc_nano.a(lib_a-nano-callocr.o)
 .ARM.attributes
                0x00000bd3       0x34 c:/program files (x86)/gnu tools arm embedded/7 2017-q4-major/bin/../lib/gcc/arm-none-eabi/7.2.1/../../../../arm-none-eabi/lib/thumb/v7e-m/fpv4-sp/hard\libc_nano.a(lib_a-nano-freer.o)
 .ARM.attributes
                0x00000c07       0x34 c:/program files (x86)/gnu tools arm embedded/7 2017-q4-major/bin/../lib/gcc/arm-none-eabi/7.2.1/../../../../arm-none-eabi/lib/thumb/v7e-m/fpv4-sp/hard\libc_nano.a(lib_a-nano-mallocr.o)
 .ARM.attributes
                0x00000c3b       0x34 c:/program files (x86)/gnu tools arm embedded/7 2017-q4-major/bin/../lib/gcc/arm-none-eabi/7.2.1/../../../../arm-none-eabi/lib/thumb/v7e-m/fpv4-sp/hard\libc_nano.a(lib_a-nano-vfprintf.o)
 .ARM.attributes
                0x00000c6f       0x34 c:/program files (x86)/gnu tools arm embedded/7 2017-q4-major/bin/../lib/gcc/arm-none-eabi/7.2.1/../../../../arm-none-eabi/lib/thumb/v7e-m/fpv4-sp/hard\libc_nano.a(lib_a-putc.o)
 .ARM.attributes
                0x00000ca3       0x34 c:/program files (x86)/gnu tools arm embedded/7 2017-q4-major/bin/../lib/gcc/arm-none-eabi/7.2.1/../../../../arm-none-eabi/lib/thumb/v7e-m/fpv4-sp/hard\libc_nano.a(lib_a-sbrkr.o)
 .ARM.attributes
                0x00000cd7       0x34 c:/program files (x86)/gnu tools arm embedded/7 2017-q4-major/bin/../lib/gcc/arm-none-eabi/7.2.1/../../../../arm-none-eabi/lib/thumb/v7e-m/fpv4-sp/hard\libc_nano.a(lib_a-stdio.o)
 .ARM.attributes
                0x00000d0b       0x34 c:/program files (x86)/gnu tools arm embedded/7 2017-q4-major/bin/../lib/gcc/arm-none-eabi/7.2.1/../../../../arm-none-eabi/lib/thumb/v7e-m/fpv4-sp/hard\libc_nano.a(lib_a-writer.o)
 .ARM.attributes
                0x00000d3f       0x34 c:/program files (x86)/gnu tools arm embedded/7 2017-q4-major/bin/../lib/gcc/arm-none-eabi/7.2.1/../../../../arm-none-eabi/lib/thumb/v7e-m/fpv4-sp/hard\libc_nano.a(lib_a-closer.o)
 .ARM.attributes
                0x00000d73       0x34 c:/program files (x86)/gnu tools arm embedded/7 2017-q4-major/bin/../lib/gcc/arm-none-eabi/7.2.1/../../../../arm-none-eabi/lib/thumb/v7e-m/fpv4-sp/hard\libc_nano.a(lib_a-fstatr.o)
 .ARM.attributes