Archive member included to satisfy reference by file (symbol)

c:/program files (x86)/gnu tools arm embedded/7 2017-q4-major/bin/../lib/gcc/arm-none-eabi/7.2.1/../../../../arm-none-eabi/lib/thumb/v7e-m/fpv4-sp/hard\libc_nano.a(lib_a-errno.o)
                              build/syscalls.o (__errno)
c:/program files (x86)/gnu tools arm embedded/7 2017-q4-major/bin/../lib/gcc/arm-none-eabi/7.2.1/../../../../arm-none-eabi/lib/thumb/v7e-m/fpv4-sp/hard\libc_nano.a(lib_a-exit.o)
                              c:/program files (x86)/gnu tools arm embedded/7 2017-q4-major/bin/../lib/gcc/arm-none-eabi/7.2.1/../../../../arm-none-eabi/lib/thumb/v7e-m/fpv4-sp/hard/crt0.o (exit)
c:/program files (x86)/gnu tools arm embedded/7 2017-q4-major/bin/../lib/gcc/arm-none-eabi/7.2.1/../../../../arm-none-eabi/lib/thumb/v7e-m/fpv4-sp/hard\libc_nano.a(lib_a-impure.o)
                              c:/program files (x86)/gnu tools arm embedded/7 2017-q4-major/bin/../lib/gcc/arm-none-eabi/7.2.1/../../../../arm-none-eabi/lib/thumb/v7e-m/fpv4-sp/hard\libc_nano.a(lib_a-exit.o) (_global_impure_ptr)
c:/program files (x86)/gnu tools arm embedded/7 2017-q4-major/bin/../lib/gcc/arm-none-eabi/7.2.1/../../../../arm-none-eabi/lib/thumb/v7e-m/fpv4-sp/hard\libc_nano.a(lib_a-init.o)
                              c:/program files (x86)/gnu tools arm embedded/7 2017-q4-major/bin/../lib/gcc/arm-none-eabi/7.2.1/../../../../arm-none-eabi/lib/thumb/v7e-m/fpv4-sp/hard/crt0.o (__libc_init_array)
c:/program files (x86)/gnu tools arm embedded/7 2017-q4-major/bin/../lib/gcc/arm-none-eabi/7.2.1/../../../../arm-none-eabi/lib/thumb/v7e-m/fpv4-sp/hard\libc_nano.a(lib_a-memcpy-stub.o)
                              build/flash.o (memcpy)
c:/program files (x86)/gnu tools arm embedded/7 2017-q4-major/bin/../lib/gcc/arm-none-eabi/7.2.1/../../../../arm-none-eabi/lib/thumb/v7e-m/fpv4-sp/hard\libc_nano.a(lib_a-memset.o)
                              c:/program files (x86)/gnu tools arm embedded/7 2017-q4-major/bin/../lib/gcc/arm-none-eabi/7.2.1/../../../../arm-none-eabi/lib/thumb/v7e-m/fpv4-sp/hard/crt0.o (memset)
c:/program files (x86)/gnu tools arm embedded/7 2017-q4-major/bin/../lib/gcc/arm-none-eabi/7.2.1/../../../../arm-none-eabi/lib/thumb/v7e-m/fpv4-sp/hard\libc_nano.a(lib_a-nano-vfprintf_float.o)
                              (_printf_float)
c:/program files (x86)/gnu tools arm embedded/7 2017-q4-major/bin/../lib/gcc/arm-none-eabi/7.2.1/../../../../arm-none-eabi/lib/thumb/v7e-m/fpv4-sp/hard\libc_nano.a(lib_a-nano-vfprintf_i.o)
                              c:/program files (x86)/gnu tools arm embedded/7 2017-q4-major/bin/../lib/gcc/arm-none-eabi/7.2.1/../../../../arm-none-eabi/lib/thumb/v7e-m/fpv4-sp/hard\libc_nano.a(lib_a-nano-vfprintf_float.o) (_printf_common)
c:/program files (x86)/gnu tools arm embedded/7 2017-q4-major/bin/../lib/gcc/arm-none-eabi/7.2.1/../../../../arm-none-eabi/lib/thumb/v7e-m/fpv4-sp/hard\libc_nano.a(lib_a-printf.o)
                              build/main.o (printf)
c:/program files (x86)/gnu tools arm embedded/7 2017-q4-major/bin/../lib/gcc/arm-none-eabi/7.2.1/../../../../arm-none-eabi/lib/thumb/v7e-m/fpv4-sp/hard\libc_nano.a(lib_a-putchar.o)
                              build/mode.o (putchar)
c:/program files (x86)/gnu tools arm embedded/7 2017-q4-major/bin/../lib/gcc/arm-none-eabi/7.2.1/../../../../arm-none-eabi/lib/thumb/v7e-m/fpv4-sp/hard\libc_nano.a(lib_a-puts.o)
                              build/mode.o (puts)
c:/program files (x86)/gnu tools arm embedded/7 2017-q4-major/bin/../lib/gcc/arm-none-eabi/7.2.1/../../../../arm-none-eabi/lib/thumb/v7e-m/fpv4-sp/hard\libc_nano.a(lib_a-setbuf.o)
                              build/main.o (setbuf)
c:/program files (x86)/gnu tools arm embedded/7 2017-q4-major/bin/../lib/gcc/arm-none-eabi/7.2.1/../../../../arm-none-eabi/lib/thumb/v7e-m/fpv4-sp/hard\libc_nano.a(lib_a-setvbuf.o)
                              c:/program files (x86)/gnu tools arm embedded/7 2017-q4-major/bin/../lib/gcc/arm-none-eabi/7.2.1/../../../../arm-none-eabi/lib/thumb/v7e-m/fpv4-sp/hard\libc_nano.a(lib_a-setbuf.o) (setvbuf)
c:/program files (x86)/gnu tools arm embedded/7 2017-q4-major/bin/../lib/gcc/arm-none-eabi/7.2.1/../../../../arm-none-eabi/lib/thumb/v7e-m/fpv4-sp/hard\libc_nano.a(lib_a-strlen.o)
                              c:/program files (x86)/gnu tools arm embedded/7 2017-q4-major/bin/../lib/gcc/arm-none-eabi/7.2.1/../../../../arm-none-eabi/lib/thumb/v7e-m/fpv4-sp/hard\libc_nano.a(lib_a-nano-vfprintf_float.o) (strlen)
c:/program files (x86)/gnu tools arm embedded/7 2017-q4-major/bin/../lib/gcc/arm-none-eabi/7.2.1/../../../../arm-none-eabi/lib/thumb/v7e-m/fpv4-sp/hard\libc_nano.a(lib_a-wbuf.o)
                              c:/program files (x86)/gnu tools arm embedded/7 2017-q4-major/bin/../lib/gcc/arm-none-eabi/7.2.1/../../../../arm-none-eabi/lib/thumb/v7e-m/fpv4-sp/hard\libc_nano.a(lib_a-puts.o) (__swbuf_r)
[...]
Memory Configuration

Name             Origin             Length             Attributes
RAM              0x20000000         0x00020000         xrw
CCMRAM           0x10000000         0x00010000         rw
FLASH            0x08000000         0x000e0000         xr
DATA             0x080e0000         0x00020000         xr
*default*        0x00000000         0xffffffff

Linker script and memory map

LOAD c:/program files (x86)/gnu tools arm embedded/7 2017-q4-major/bin/../lib/gcc/arm-none-eabi/7.2.1/thumb/v7e-m/fpv4-sp/hard/crti.o
LOAD c:/program files (x86)/gnu tools arm embedded/7 2017-q4-major/bin/../lib/gcc/arm-none-eabi/7.2.1/thumb/v7e-m/fpv4-sp/hard/crtbegin.o
LOAD c:/program files (x86)/gnu tools arm embedded/7 2017-q4-major/bin/../lib/gcc/arm-none-eabi/7.2.1/../../../../arm-none-eabi/lib/thumb/v7e-m/fpv4-sp/hard/crt0.o
LOAD build/stm32f4xx_hal_adc.o
LOAD build/stm32f4xx_hal_dma_ex.o
LOAD build/stm32f4xx_hal_flash_ex.o
LOAD build/stm32f4xx_hal_pwr.o
LOAD build/stm32f4xx_hal_rcc_ex.o
LOAD build/tim.o
LOAD build/stm32f4xx_hal_pwr_ex.o
LOAD build/dma.o
LOAD build/stm32f4xx_hal_adc_ex.o
LOAD build/adc.o
LOAD build/stm32f4xx_hal_spi.o
LOAD build/stm32f4xx_hal_rcc.o
LOAD build/stm32f4xx_hal.o
LOAD build/usart.o
LOAD build/stm32f4xx_hal_dma.o
LOAD build/gpio.o
LOAD build/stm32f4xx_hal_cortex.o
LOAD build/stm32f4xx_hal_flash.o
LOAD build/main.o
LOAD build/stm32f4xx_hal_tim_ex.o
LOAD build/stm32f4xx_hal_uart.o
LOAD build/stm32f4xx_hal_flash_ramfunc.o
LOAD build/stm32f4xx_hal_tim.o
LOAD build/stm32f4xx_hal_msp.o
LOAD build/stm32f4xx_hal_gpio.o
LOAD build/spi.o
LOAD build/system_stm32f4xx.o
LOAD build/stm32f4xx_it.o
LOAD build/syscalls.o
LOAD build/mode.o
LOAD build/motion.o
LOAD build/control.o
LOAD build/Map.o
LOAD build/Maze.o
LOAD build/flash.o
LOAD build/buzzer.o
LOAD build/startup_stm32f405xx.o
LOAD c:/program files (x86)/gnu tools arm embedded/7 2017-q4-major/bin/../lib/gcc/arm-none-eabi/7.2.1/../../../../arm-none-eabi/lib/thumb/v7e-m/fpv4-sp/hard\libc_nano.a
LOAD c:/program files (x86)/gnu tools arm embedded/7 2017-q4-major/bin/../lib/gcc/arm-none-eabi/7.2.1/../../../../arm-none-eabi/lib/thumb/v7e-m/fpv4-sp/hard\libm.a
LOAD c:/program files (x86)/gnu tools arm embedded/7 2017-q4-major/bin/../lib/gcc/arm-none-eabi/7.2.1/../../../../arm-none-eabi/lib/thumb/v7e-m/fpv4-sp/hard\libnosys.a
LOAD Drivers/CMSIS/Lib/GCC/\libarm_cortexM4lf_math.a
START GROUP
LOAD c:/program files (x86)/gnu tools arm embedded/7 2017-q4-major/bin/../lib/gcc/arm-none-eabi/7.2.1/thumb/v7e-m/fpv4-sp/hard\libgcc.a
LOAD c:/program files (x86)/gnu tools arm embedded/7 2017-q4-major/bin/../lib/gcc/arm-none-eabi/7.2.1/../../../../arm-none-eabi/lib/thumb/v7e-m/fpv4-sp/hard\libc_nano.a
END GROUP
START GROUP
LOAD c:/program files (x86)/gnu tools arm embedded/7 2017-q4-major/bin/../lib/gcc/arm-none-eabi/7.2.1/thumb/v7e-m/fpv4-sp/hard\libgcc.a
LOAD c:/program files (x86)/gnu tools arm embedded/7 2017-q4-major/bin/../lib/gcc/arm-none-eabi/7.2.1/../../../../arm-none-eabi/lib/thumb/v7e-m/fpv4-sp/hard\libc_nano.a
END GROUP
LOAD c:/program files (x86)/gnu tools arm embedded/7 2017-q4-major/bin/../lib/gcc/arm-none-eabi/7.2.1/thumb/v7e-m/fpv4-sp/hard/crtend.o
LOAD c:/program files (x86)/gnu tools arm embedded/7 2017-q4-major/bin/../lib/gcc/arm-none-eabi/7.2.1/thumb/v7e-m/fpv4-sp/hard/crtn.o
                0x20020000                _estack = 0x20020000
                0x00000200                _Min_Heap_Size = 0x200
                0x00000400                _Min_Stack_Size = 0x400

.isr_vector     0x08000000      0x188
                0x08000000                . = ALIGN (0x4)
 *(.isr_vector)
 .isr_vector    0x08000000      0x188 build/startup_stm32f405xx.o
                0x08000000                g_pfnVectors
                0x08000188                . = ALIGN (0x4)

.text           0x08000190     0xf868
                0x08000190                . = ALIGN (0x4)
 *(.text)
 .text          0x08000190       0x40 c:/program files (x86)/gnu tools arm embedded/7 2017-q4-major/bin/../lib/gcc/arm-none-eabi/7.2.1/thumb/v7e-m/fpv4-sp/hard/crtbegin.o
 .text          0x080001d0       0x10 c:/program files (x86)/gnu tools arm embedded/7 2017-q4-major/bin/../lib/gcc/arm-none-eabi/7.2.1/../../../../arm-none-eabi/lib/thumb/v7e-m/fpv4-sp/hard\libc_nano.a(lib_a-strlen.o)
                0x080001d0                strlen
 .text          0x080001e0       0xa0 c:/program files (x86)/gnu tools arm embedded/7 2017-q4-major/bin/../lib/gcc/arm-none-eabi/7.2.1/../../../../arm-none-eabi/lib/thumb/v7e-m/fpv4-sp/hard\libc_nano.a(lib_a-memchr.o)
                0x080001e0                memchr
 .text          0x08000280      0x378 c:/program files (x86)/gnu tools arm embedded/7 2017-q4-major/bin/../lib/gcc/arm-none-eabi/7.2.1/thumb/v7e-m/fpv4-sp/hard\libgcc.a(_arm_addsubdf3.o)
                0x08000280                __aeabi_drsub
                0x08000288                __aeabi_dsub
                0x08000288                __subdf3
                0x0800028c                __aeabi_dadd
                0x0800028c                __adddf3
                0x08000504                __floatunsidf
                0x08000504                __aeabi_ui2d
                0x08000524                __floatsidf
                0x08000524                __aeabi_i2d
                0x08000548                __aeabi_f2d
                0x08000548                __extendsfdf2
                0x0800058c                __floatundidf
                0x0800058c                __aeabi_ul2d
                0x0800059c                __floatdidf
                0x0800059c                __aeabi_l2d
 .text          0x080005f8      0x424 c:/program files (x86)/gnu tools arm embedded/7 2017-q4-major/bin/../lib/gcc/arm-none-eabi/7.2.1/thumb/v7e-m/fpv4-sp/hard\libgcc.a(_arm_muldivdf3.o)
                0x080005f8                __aeabi_dmul
                0x080005f8                __muldf3
                0x0800084c                __divdf3
                0x0800084c                __aeabi_ddiv
 .text          0x08000a1c      0x110 c:/program files (x86)/gnu tools arm embedded/7 2017-q4-major/bin/../lib/gcc/arm-none-eabi/7.2.1/thumb/v7e-m/fpv4-sp/hard\libgcc.a(_arm_cmpdf2.o)
                0x08000a1c                __gtdf2
                0x08000a1c                __gedf2
                0x08000a24                __ltdf2
                0x08000a24                __ledf2
                0x08000a2c                __nedf2
                0x08000a2c                __eqdf2
                0x08000a2c                __cmpdf2
                0x08000aa8                __aeabi_cdrcmple
                0x08000ab8                __aeabi_cdcmpeq
                0x08000ab8                __aeabi_cdcmple
                0x08000ac8                __aeabi_dcmpeq
                0x08000adc                __aeabi_dcmplt
                0x08000af0                __aeabi_dcmple
                0x08000b04                __aeabi_dcmpge
                0x08000b18                __aeabi_dcmpgt
 .text          0x08000b2c       0x2c c:/program files (x86)/gnu tools arm embedded/7 2017-q4-major/bin/../lib/gcc/arm-none-eabi/7.2.1/thumb/v7e-m/fpv4-sp/hard\libgcc.a(_arm_unorddf2.o)
                0x08000b2c                __unorddf2
                0x08000b2c                __aeabi_dcmpun
 .text          0x08000b58       0x50 c:/program files (x86)/gnu tools arm embedded/7 2017-q4-major/bin/../lib/gcc/arm-none-eabi/7.2.1/thumb/v7e-m/fpv4-sp/hard\libgcc.a(_arm_fixdfsi.o)
                0x08000b58                __aeabi_d2iz
                0x08000b58                __fixdfsi
 .text          0x08000ba8       0xa0 c:/program files (x86)/gnu tools arm embedded/7 2017-q4-major/bin/../lib/gcc/arm-none-eabi/7.2.1/thumb/v7e-m/fpv4-sp/hard\libgcc.a(_arm_truncdfsf2.o)
                0x08000ba8                __truncdfsf2
                0x08000ba8                __aeabi_d2f
 .text          0x08000c48       0x30 c:/program files (x86)/gnu tools arm embedded/7 2017-q4-major/bin/../lib/gcc/arm-none-eabi/7.2.1/thumb/v7e-m/fpv4-sp/hard\libgcc.a(_aeabi_uldivmod.o)
                0x08000c48                __aeabi_uldivmod
 .text          0x08000c78      0x2cc c:/program files (x86)/gnu tools arm embedded/7 2017-q4-major/bin/../lib/gcc/arm-none-eabi/7.2.1/thumb/v7e-m/fpv4-sp/hard\libgcc.a(_udivmoddi4.o)
                0x08000c78                __udivmoddi4
 .text          0x08000f44        0x4 c:/program files (x86)/gnu tools arm embedded/7 2017-q4-major/bin/../lib/gcc/arm-none-eabi/7.2.1/thumb/v7e-m/fpv4-sp/hard\libgcc.a(_dvmd_tls.o)
                0x08000f44                __aeabi_idiv0
                0x08000f44                __aeabi_ldiv0
 *(.text*)
 .text.ADC_Init
                0x08000f48      0x130 build/stm32f4xx_hal_adc.o
 .text.HAL_ADC_Init
                0x08001078       0x54 build/stm32f4xx_hal_adc.o
                0x08001078                HAL_ADC_Init
 .text.HAL_ADC_Start
                0x080010cc       0xf8 build/stm32f4xx_hal_adc.o
                0x080010cc                HAL_ADC_Start
 .text.HAL_ADC_Stop
                0x080011c4       0x40 build/stm32f4xx_hal_adc.o
                0x080011c4                HAL_ADC_Stop
 .text.HAL_ADC_PollForConversion
                0x08001204       0xb6 build/stm32f4xx_hal_adc.o
                0x08001204                HAL_ADC_PollForConversion
 *fill*         0x080012ba        0x2 
 .text.HAL_ADC_Start_DMA
                0x080012bc      0x144 build/stm32f4xx_hal_adc.o
                0x080012bc                HAL_ADC_Start_DMA
 .text.HAL_ADC_Stop_DMA
                0x08001400       0x5e build/stm32f4xx_hal_adc.o
                0x08001400                HAL_ADC_Stop_DMA
 .text.HAL_ADC_GetValue
                0x0800145e        0x6 build/stm32f4xx_hal_adc.o
                0x0800145e                HAL_ADC_GetValue
 .text.HAL_ADC_ConvCpltCallback
                0x08001464        0x2 build/stm32f4xx_hal_adc.o
                0x08001464                HAL_ADC_ConvCpltCallback
 .text.ADC_DMAConvCplt
                0x08001466       0x62 build/stm32f4xx_hal_adc.o
 .text.ADC_DMAHalfConvCplt
                0x080014c8        0xa build/stm32f4xx_hal_adc.o
 .text.HAL_ADC_ErrorCallback
                0x080014d2        0x2 build/stm32f4xx_hal_adc.o
                0x080014d2                HAL_ADC_ErrorCallback
 .text.ADC_DMAError
                0x080014d4       0x16 build/stm32f4xx_hal_adc.o
 *fill*         0x080014ea        0x2 
 .text.HAL_ADC_ConfigChannel
                0x080014ec      0x190 build/stm32f4xx_hal_adc.o
                0x080014ec                HAL_ADC_ConfigChannel
 .text.FLASH_MassErase
                0x0800167c       0x24 build/stm32f4xx_hal_flash_ex.o
 .text.FLASH_Erase_Sector
                0x080016a0       0x58 build/stm32f4xx_hal_flash_ex.o
                0x080016a0                FLASH_Erase_Sector
 .text.FLASH_FlushCaches
                0x080016f8       0x60 build/stm32f4xx_hal_flash_ex.o
                0x080016f8                FLASH_FlushCaches
 .text.HAL_FLASHEx_Erase
                0x08001758       0x94 build/stm32f4xx_hal_flash_ex.o
                0x08001758                HAL_FLASHEx_Erase
 .text.MX_TIM1_Init
                0x080017ec       0x6c build/tim.o
                0x080017ec                MX_TIM1_Init
 .text.MX_TIM8_Init
                0x08001858       0x6c build/tim.o
                0x08001858                MX_TIM8_Init
 .text.HAL_TIM_Encoder_MspInit
                0x080018c4       0x94 build/tim.o
                0x080018c4                HAL_TIM_Encoder_MspInit
 .text.HAL_TIM_PWM_MspInit
                0x08001958       0x50 build/tim.o
                0x08001958                HAL_TIM_PWM_MspInit
 .text.HAL_TIM_MspPostInit
                0x080019a8       0x70 build/tim.o
                0x080019a8                HAL_TIM_MspPostInit
 .text.MX_TIM2_Init
                0x08001a18       0x90 build/tim.o
                0x08001a18                MX_TIM2_Init
 .text.MX_TIM3_Init
                0x08001aa8       0x90 build/tim.o
                0x08001aa8                MX_TIM3_Init
 .text.Tim_BuzzerPwm
                0x08001b38       0x80 build/tim.o
                0x08001b38                Tim_BuzzerPwm
 .text.Tim_MotorPwm
                0x08001bb8      0x174 build/tim.o
                0x08001bb8                Tim_MotorPwm
 .text.Tim_MotorBrake
                0x08001d2c       0x64 build/tim.o
                0x08001d2c                Tim_MotorBrake
 .text.Tim_UpdateEncoder
                0x08001d90       0x80 build/tim.o
                0x08001d90                Tim_UpdateEncoder
 .text.Tim_FanPwm
                0x08001e10       0x80 build/tim.o
                0x08001e10                Tim_FanPwm
 .text.MX_DMA_Init
                0x08001e90       0x34 build/dma.o
                0x08001e90                MX_DMA_Init
 .text.MX_ADC1_Init
                0x08001ec4       0x6c build/adc.o
                0x08001ec4                MX_ADC1_Init
 .text.MX_ADC2_Init
                0x08001f30       0xc8 build/adc.o
                0x08001f30                MX_ADC2_Init
 .text.HAL_ADC_MspInit
                0x08001ff8       0xe0 build/adc.o
                0x08001ff8                HAL_ADC_MspInit
 .text.Adc_SetSensorValue
                0x080020d8       0x38 build/adc.o
                0x080020d8                Adc_SetSensorValue
 .text.update_sensor_data
                0x08002110       0x80 build/adc.o
                0x08002110                update_sensor_data
 .text.Adc_IrSensorStart
                0x08002190       0x20 build/adc.o
                0x08002190                Adc_IrSensorStart
 .text.Adc_IrSensorFinish
                0x080021b0       0x28 build/adc.o
                0x080021b0                Adc_IrSensorFinish
 .text.Adc_CheckConvert
                0x080021d8       0x30 build/adc.o
                0x080021d8                Adc_CheckConvert
 .text.Adc_GetSensor
                0x08002208      0x154 build/adc.o
                0x08002208                Adc_GetSensor
 .text.Adc_GetBatt
                0x0800235c       0xd8 build/adc.o
                0x0800235c                Adc_GetBatt
 .text.SPI_WaitFlagStateUntilTimeout
                0x08002434       0x96 build/stm32f4xx_hal_spi.o
 .text.SPI_CheckFlag_BSY
                0x080024ca       0x28 build/stm32f4xx_hal_spi.o
 .text.HAL_SPI_Init
                0x080024f2       0x80 build/stm32f4xx_hal_spi.o
                0x080024f2                HAL_SPI_Init
 .text.HAL_SPI_Transmit
                0x08002572      0x1a6 build/stm32f4xx_hal_spi.o
                0x08002572                HAL_SPI_Transmit
 .text.HAL_SPI_TransmitReceive
                0x08002718      0x238 build/stm32f4xx_hal_spi.o
                0x08002718                HAL_SPI_TransmitReceive
 .text.HAL_SPI_Receive
                0x08002950      0x168 build/stm32f4xx_hal_spi.o
                0x08002950                HAL_SPI_Receive
 .text.HAL_RCC_OscConfig
                0x08002ab8      0x398 build/stm32f4xx_hal_rcc.o
                0x08002ab8                HAL_RCC_OscConfig
 .text.HAL_RCC_GetSysClockFreq
                0x08002e50       0xa8 build/stm32f4xx_hal_rcc.o
                0x08002e50                HAL_RCC_GetSysClockFreq
 .text.HAL_RCC_ClockConfig
                0x08002ef8      0x158 build/stm32f4xx_hal_rcc.o
                0x08002ef8                HAL_RCC_ClockConfig
 .text.HAL_RCC_GetHCLKFreq
                0x08003050        0xc build/stm32f4xx_hal_rcc.o
                0x08003050                HAL_RCC_GetHCLKFreq
 .text.HAL_RCC_GetPCLK1Freq
                0x0800305c       0x20 build/stm32f4xx_hal_rcc.o
                0x0800305c                HAL_RCC_GetPCLK1Freq
 .text.HAL_RCC_GetPCLK2Freq
                0x0800307c       0x20 build/stm32f4xx_hal_rcc.o
                0x0800307c                HAL_RCC_GetPCLK2Freq
 .text.HAL_InitTick
                0x0800309c       0x4c build/stm32f4xx_hal.o
                0x0800309c                HAL_InitTick
 .text.HAL_Init
                0x080030e8       0x34 build/stm32f4xx_hal.o
                0x080030e8                HAL_Init
 .text.HAL_IncTick
                0x0800311c       0x18 build/stm32f4xx_hal.o
                0x0800311c                HAL_IncTick
 .text.HAL_GetTick
                0x08003134        0xc build/stm32f4xx_hal.o
                0x08003134                HAL_GetTick
 .text.HAL_Delay
                0x08003140       0x28 build/stm32f4xx_hal.o
                0x08003140                HAL_Delay
 .text.MX_USART3_UART_Init
                0x08003168       0x3c build/usart.o
                0x08003168                MX_USART3_UART_Init
 .text.HAL_UART_MspInit
                0x080031a4       0x58 build/usart.o
                0x080031a4                HAL_UART_MspInit
 .text.DMA_SetConfig
                0x080031fc       0x2c build/stm32f4xx_hal_dma.o
 .text.DMA_CalcBaseAndBitshift
                0x08003228       0x3c build/stm32f4xx_hal_dma.o
 .text.DMA_CheckFifoParam
                0x08003264       0x8e build/stm32f4xx_hal_dma.o
 *fill*         0x080032f2        0x2 
 .text.HAL_DMA_Init
                0x080032f4       0xcc build/stm32f4xx_hal_dma.o
                0x080032f4                HAL_DMA_Init
 .text.HAL_DMA_Start_IT
                0x080033c0       0x74 build/stm32f4xx_hal_dma.o
                0x080033c0                HAL_DMA_Start_IT
 .text.HAL_DMA_Abort
                0x08003434       0x94 build/stm32f4xx_hal_dma.o
                0x08003434                HAL_DMA_Abort
 .text.HAL_DMA_IRQHandler
                0x080034c8      0x1dc build/stm32f4xx_hal_dma.o
                0x080034c8                HAL_DMA_IRQHandler
 .text.MX_GPIO_Init
                0x080036a4       0xd8 build/gpio.o
                0x080036a4                MX_GPIO_Init
 .text.Gpio_FullColor
                0x0800377c       0x3c build/gpio.o
                0x0800377c                Gpio_FullColor
 .text.Gpio_SideLed
                0x080037b8       0x2c build/gpio.o
                0x080037b8                Gpio_SideLed
 .text.HAL_NVIC_SetPriorityGrouping
                0x080037e4       0x24 build/stm32f4xx_hal_cortex.o
                0x080037e4                HAL_NVIC_SetPriorityGrouping
 .text.HAL_NVIC_SetPriority
                0x08003808       0x68 build/stm32f4xx_hal_cortex.o
                0x08003808                HAL_NVIC_SetPriority
 .text.HAL_NVIC_EnableIRQ
                0x08003870       0x18 build/stm32f4xx_hal_cortex.o
                0x08003870                HAL_NVIC_EnableIRQ
 .text.HAL_SYSTICK_Config
                0x08003888       0x2c build/stm32f4xx_hal_cortex.o
                0x08003888                HAL_SYSTICK_Config
 .text.HAL_SYSTICK_CLKSourceConfig
                0x080038b4       0x20 build/stm32f4xx_hal_cortex.o
                0x080038b4                HAL_SYSTICK_CLKSourceConfig
 .text.HAL_SYSTICK_Callback
                0x080038d4        0x2 build/stm32f4xx_hal_cortex.o
                0x080038d4                HAL_SYSTICK_Callback
 .text.HAL_SYSTICK_IRQHandler
                0x080038d6        0x8 build/stm32f4xx_hal_cortex.o
                0x080038d6                HAL_SYSTICK_IRQHandler
 *fill*         0x080038de        0x2 
 .text.FLASH_Program_DoubleWord
                0x080038e0       0x2c build/stm32f4xx_hal_flash.o
 .text.FLASH_Program_Word
                0x0800390c       0x24 build/stm32f4xx_hal_flash.o
 .text.FLASH_Program_HalfWord
                0x08003930       0x24 build/stm32f4xx_hal_flash.o
 .text.FLASH_Program_Byte
                0x08003954       0x20 build/stm32f4xx_hal_flash.o
 .text.FLASH_SetErrorCode
                0x08003974       0x8c build/stm32f4xx_hal_flash.o
 .text.HAL_FLASH_Unlock
                0x08003a00       0x30 build/stm32f4xx_hal_flash.o
                0x08003a00                HAL_FLASH_Unlock
 .text.HAL_FLASH_Lock
                0x08003a30       0x14 build/stm32f4xx_hal_flash.o
                0x08003a30                HAL_FLASH_Lock
 .text.FLASH_WaitForLastOperation
                0x08003a44       0x64 build/stm32f4xx_hal_flash.o
                0x08003a44                FLASH_WaitForLastOperation
 .text.HAL_FLASH_Program
                0x08003aa8       0x80 build/stm32f4xx_hal_flash.o
                0x08003aa8                HAL_FLASH_Program
 .text.__io_putchar
                0x08003b28       0x20 build/main.o
                0x08003b28                __io_putchar
 .text.Init_Main
                0x08003b48       0x70 build/main.o
                0x08003b48                Init_Main
 .text._Error_Handler
                0x08003bb8        0x2 build/main.o
                0x08003bb8                _Error_Handler
 *fill*         0x08003bba        0x2 
 .text.SystemClock_Config
                0x08003bbc       0xc0 build/main.o
                0x08003bbc                SystemClock_Config
 .text.main     0x08003c7c       0x42 build/main.o
                0x08003c7c                main
 .text.HAL_TIMEx_MasterConfigSynchronization
                0x08003cbe       0x52 build/stm32f4xx_hal_tim_ex.o
                0x08003cbe                HAL_TIMEx_MasterConfigSynchronization
 .text.UART_SetConfig
                0x08003d10      0x334 build/stm32f4xx_hal_uart.o
 .text.UART_WaitOnFlagUntilTimeout
                0x08004044       0x62 build/stm32f4xx_hal_uart.o
 .text.HAL_UART_Init
                0x080040a6       0x5e build/stm32f4xx_hal_uart.o
                0x080040a6                HAL_UART_Init
 .text.HAL_UART_Transmit
                0x08004104       0xe0 build/stm32f4xx_hal_uart.o
                0x08004104                HAL_UART_Transmit
 .text.TIM_OC1_SetConfig
                0x080041e4       0x5c build/stm32f4xx_hal_tim.o
 .text.TIM_OC3_SetConfig
                0x08004240       0x60 build/stm32f4xx_hal_tim.o
 .text.TIM_OC4_SetConfig
                0x080042a0       0x50 build/stm32f4xx_hal_tim.o
 .text.TIM_Base_SetConfig
                0x080042f0       0xc0 build/stm32f4xx_hal_tim.o
                0x080042f0                TIM_Base_SetConfig
 .text.HAL_TIM_PWM_Init
                0x080043b0       0x32 build/stm32f4xx_hal_tim.o
                0x080043b0                HAL_TIM_PWM_Init
 .text.HAL_TIM_Encoder_Init
                0x080043e2       0x98 build/stm32f4xx_hal_tim.o
                0x080043e2                HAL_TIM_Encoder_Init
 *fill*         0x0800447a        0x2 
 .text.TIM_OC2_SetConfig
                0x0800447c       0x64 build/stm32f4xx_hal_tim.o
                0x0800447c                TIM_OC2_SetConfig
 .text.HAL_TIM_PWM_ConfigChannel
                0x080044e0       0xdc build/stm32f4xx_hal_tim.o
                0x080044e0                HAL_TIM_PWM_ConfigChannel
 .text.TIM_CCxChannelCmd
                0x080045bc       0x1e build/stm32f4xx_hal_tim.o
                0x080045bc                TIM_CCxChannelCmd
 *fill*         0x080045da        0x2 
 .text.HAL_TIM_PWM_Start
                0x080045dc       0x38 build/stm32f4xx_hal_tim.o
                0x080045dc                HAL_TIM_PWM_Start
 .text.HAL_TIM_PWM_Stop
                0x08004614       0x68 build/stm32f4xx_hal_tim.o
                0x08004614                HAL_TIM_PWM_Stop
 .text.HAL_TIM_Encoder_Start
                0x0800467c       0x44 build/stm32f4xx_hal_tim.o
                0x0800467c                HAL_TIM_Encoder_Start
 .text.HAL_MspInit
                0x080046c0       0x5e build/stm32f4xx_hal_msp.o
                0x080046c0                HAL_MspInit
 *fill*         0x0800471e        0x2 
 .text.HAL_GPIO_Init
                0x08004720      0x1c8 build/stm32f4xx_hal_gpio.o
                0x08004720                HAL_GPIO_Init
 .text.HAL_GPIO_WritePin
                0x080048e8        0xc build/stm32f4xx_hal_gpio.o
                0x080048e8                HAL_GPIO_WritePin
 .text.MX_SPI1_Init
                0x080048f4       0x4c build/spi.o
                0x080048f4                MX_SPI1_Init
 .text.HAL_SPI_MspInit
                0x08004940       0x50 build/spi.o
                0x08004940                HAL_SPI_MspInit
 .text.read_byte
                0x08004990       0x54 build/spi.o
                0x08004990                read_byte
 .text.read_shift_byte
                0x080049e4       0x5c build/spi.o
                0x080049e4                read_shift_byte
 .text.write_byte
                0x08004a40       0x54 build/spi.o
                0x08004a40                write_byte
 .text.Spi_SetGyro
                0x08004a94       0x48 build/spi.o
                0x08004a94                Spi_SetGyro
 .text.get_gyro_z
                0x08004adc       0x24 build/spi.o
                0x08004adc                get_gyro_z
 .text.gyro_offset_calc
                0x08004b00       0x50 build/spi.o
                0x08004b00                gyro_offset_calc
 .text.Spi_UpdateGyro_Z
                0x08004b50       0x50 build/spi.o
                0x08004b50                Spi_UpdateGyro_Z
 .text.Spi_UpdateGyro_Y
                0x08004ba0       0x34 build/spi.o
                0x08004ba0                Spi_UpdateGyro_Y
 .text.Spi_UpdateAccel
                0x08004bd4       0x7c build/spi.o
                0x08004bd4                Spi_UpdateAccel
 .text.Spi_GyroReset
                0x08004c50       0x1c build/spi.o
                0x08004c50                Spi_GyroReset
 .text.SystemInit
                0x08004c6c       0x4c build/system_stm32f4xx.o
                0x08004c6c                SystemInit
 .text.NMI_Handler
                0x08004cb8        0x2 build/stm32f4xx_it.o
                0x08004cb8                NMI_Handler
 .text.HardFault_Handler
                0x08004cba        0x2 build/stm32f4xx_it.o
                0x08004cba                HardFault_Handler
 .text.MemManage_Handler
                0x08004cbc        0x2 build/stm32f4xx_it.o
                0x08004cbc                MemManage_Handler
 .text.BusFault_Handler
                0x08004cbe        0x2 build/stm32f4xx_it.o
                0x08004cbe                BusFault_Handler
 .text.UsageFault_Handler
                0x08004cc0        0x2 build/stm32f4xx_it.o
                0x08004cc0                UsageFault_Handler
 .text.SVC_Handler
                0x08004cc2        0x2 build/stm32f4xx_it.o
                0x08004cc2                SVC_Handler
 .text.DebugMon_Handler
                0x08004cc4        0x2 build/stm32f4xx_it.o
                0x08004cc4                DebugMon_Handler
 .text.PendSV_Handler
                0x08004cc6        0x2 build/stm32f4xx_it.o
                0x08004cc6                PendSV_Handler
 .text.SysTick_Handler
                0x08004cc8       0x24 build/stm32f4xx_it.o
                0x08004cc8                SysTick_Handler
 .text.DMA2_Stream2_IRQHandler
                0x08004cec       0x10 build/stm32f4xx_it.o
                0x08004cec                DMA2_Stream2_IRQHandler
 .text.HAL_ADC_ConvHalfCpltCallback
                0x08004cfc        0x8 build/stm32f4xx_it.o
                0x08004cfc                HAL_ADC_ConvHalfCpltCallback
 .text._read    0x08004d04       0x1c build/syscalls.o
                0x08004d04                _read
 .text._write   0x08004d20       0x1c build/syscalls.o
                0x08004d20                _write
 .text._sbrk    0x08004d3c       0x3c build/syscalls.o
                0x08004d3c                _sbrk
 .text._close   0x08004d78        0x6 build/syscalls.o
                0x08004d78                _close
 .text._fstat   0x08004d7e        0xa build/syscalls.o
                0x08004d7e                _fstat
 .text._isatty  0x08004d88        0x4 build/syscalls.o
                0x08004d88                _isatty
 .text._lseek   0x08004d8c        0x4 build/syscalls.o
                0x08004d8c                _lseek
 .text.Mode_Select
                0x08004d90      0x16c build/mode.o
                0x08004d90                Mode_Select
 .text.SensorCheck
                0x08004efc       0xec build/mode.o
                0x08004efc                SensorCheck
 .text.SetRunMode
                0x08004fe8       0xb0 build/mode.o
                0x08004fe8                SetRunMode
 .text.Get_WallData
                0x08005098       0x84 build/mode.o
                0x08005098                Get_WallData
 .text.SearchRun
                0x0800511c      0x2a8 build/mode.o
                0x0800511c                SearchRun
 .text.Mode_FastRun
                0x080053c4      0x2ec build/mode.o
                0x080053c4                Mode_FastRun
 .text.Mode_FastestRun
                0x080056b0      0x2ec build/mode.o
                0x080056b0                Mode_FastestRun
 .text.CheckTurn
                0x0800599c       0x60 build/mode.o
                0x0800599c                CheckTurn
 .text.PrintOutPut
                0x080059fc       0x70 build/mode.o
                0x080059fc                PrintOutPut
 .text.PrintWallData
                0x08005a6c       0xd0 build/mode.o
                0x08005a6c                PrintWallData
 .text.TestComb
                0x08005b3c       0x5c build/mode.o
                0x08005b3c                TestComb
 .text.Turn135_Test
                0x08005b98      0x110 build/mode.o
                0x08005b98                Turn135_Test
 .text.FastestTurnTest
                0x08005ca8      0x1ec build/mode.o
                0x08005ca8                FastestTurnTest
 .text.Mode_Mouse
                0x08005e94      0x1dc build/mode.o
                0x08005e94                Mode_Mouse
 .text.Motion_MaxVeloSet
                0x08006070        0xc build/motion.o
                0x08006070                Motion_MaxVeloSet
 .text.Motion_TestTurn
                0x0800607c       0x98 build/motion.o
                0x0800607c                Motion_TestTurn
 .text.Motion_Start
                0x08006114       0x74 build/motion.o
                0x08006114                Motion_Start
 .text.Motion_Restart
                0x08006188      0x22c build/motion.o
                0x08006188                Motion_Restart
 .text.Motion_End
                0x080063b4       0x9c build/motion.o
                0x080063b4                Motion_End
 .text.Motion_SearchStraight
                0x08006450      0x3cc build/motion.o
                0x08006450                Motion_SearchStraight
 .text.Motion_SpinTurn
                0x0800681c      0x238 build/motion.o
                0x0800681c                Motion_SpinTurn
 .text.Motion_WallSpinTurn
                0x08006a54      0x268 build/motion.o
                0x08006a54                Motion_WallSpinTurn
 .text.Motion_LeftTurn
                0x08006cbc      0x17c build/motion.o
                0x08006cbc                Motion_LeftTurn
 .text.Motion_RightTurn
                0x08006e38      0x17c build/motion.o
                0x08006e38                Motion_RightTurn
 .text.Motion_Switch
                0x08006fb4       0x40 build/motion.o
                0x08006fb4                Motion_Switch
 .text.Motion_FastStart
                0x08006ff4       0xe0 build/motion.o
                0x08006ff4                Motion_FastStart
 .text.Motion_FastStraight
                0x080070d4       0xa8 build/motion.o
                0x080070d4                Motion_FastStraight
 .text.Motion_Adjust
                0x0800717c       0xc4 build/motion.o
                0x0800717c                Motion_Adjust
 .text.Motion_Adjust_L
                0x08007240      0x108 build/motion.o
                0x08007240                Motion_Adjust_L
 .text.Motion_Adjust_R
                0x08007348      0x108 build/motion.o
                0x08007348                Motion_Adjust_R
 .text.Motion_FastGoal
                0x08007450       0xe0 build/motion.o
                0x08007450                Motion_FastGoal
 .text.Motion_DiagonalLeft
                0x08007530      0x10c build/motion.o
                0x08007530                Motion_DiagonalLeft
 .text.Motion_DiagonalRight
                0x0800763c      0x108 build/motion.o
                0x0800763c                Motion_DiagonalRight
 .text.Motion_DiagonalStart
                0x08007744       0x88 build/motion.o
                0x08007744                Motion_DiagonalStart
 .text.Motion_DiagonalStop
                0x080077cc       0xa8 build/motion.o
                0x080077cc                Motion_DiagonalStop
 .text.Motion_InLeft45Turn
                0x08007874      0x120 build/motion.o
                0x08007874                Motion_InLeft45Turn
 .text.Motion_InRight45Turn
                0x08007994      0x120 build/motion.o
                0x08007994                Motion_InRight45Turn
 .text.Motion_OutLeft45Turn
                0x08007ab4      0x1a0 build/motion.o
                0x08007ab4                Motion_OutLeft45Turn
 .text.Motion_OutRight45Turn
                0x08007c54      0x1a0 build/motion.o
                0x08007c54                Motion_OutRight45Turn
 .text.Motion_Left90Turn
                0x08007df4      0x1a8 build/motion.o
                0x08007df4                Motion_Left90Turn
 .text.Motion_Right90Turn
                0x08007f9c      0x198 build/motion.o
                0x08007f9c                Motion_Right90Turn
 .text.Turn     0x08008134      0x204 build/motion.o
                0x08008134                Turn
 .text.Motion_FastLeftTurn
                0x08008338      0x11c build/motion.o
                0x08008338                Motion_FastLeftTurn
 .text.Motion_FastRightTurn
                0x08008454      0x11c build/motion.o
                0x08008454                Motion_FastRightTurn
 .text.Motion_FastestStart
                0x08008570       0xd8 build/motion.o
                0x08008570                Motion_FastestStart
 .text.Motion_FastestStraight
                0x08008648       0xa8 build/motion.o
                0x08008648                Motion_FastestStraight
 .text.Motion_FastestGoal
                0x080086f0       0xdc build/motion.o
                0x080086f0                Motion_FastestGoal
 .text.Motion_FastestAdjust_L
                0x080087cc      0x104 build/motion.o
                0x080087cc                Motion_FastestAdjust_L
 .text.Motion_FastestAdjust_R
                0x080088d0       0xf8 build/motion.o
                0x080088d0                Motion_FastestAdjust_R
 .text.Fastest_StrTurn
                0x080089c8      0x11c build/motion.o
                0x080089c8                Fastest_StrTurn
 .text.Fastest_DgnInTurn
                0x08008ae4      0x130 build/motion.o
                0x08008ae4                Fastest_DgnInTurn
 .text.Fastest_DgnOutTurn
                0x08008c14      0x12c build/motion.o
                0x08008c14                Fastest_DgnOutTurn
 .text.Fastest_DgnTurn
                0x08008d40      0x130 build/motion.o
                0x08008d40                Fastest_DgnTurn
 .text.Motion_FastestLeftSearch
                0x08008e70      0x124 build/motion.o
                0x08008e70                Motion_FastestLeftSearch
 .text.Motion_FastestRightSearch
                0x08008f94      0x120 build/motion.o
                0x08008f94                Motion_FastestRightSearch
 .text.Motion_FastestLeftTurn
                0x080090b4      0x168 build/motion.o
                0x080090b4                Motion_FastestLeftTurn
 .text.Motion_FastestRightTurn
                0x0800921c      0x164 build/motion.o
                0x0800921c                Motion_FastestRightTurn
 .text.Motion_FastestDiagonalLeft
                0x08009380      0x104 build/motion.o
                0x08009380                Motion_FastestDiagonalLeft
 .text.Motion_FastestDiagonalRight
                0x08009484      0x100 build/motion.o
                0x08009484                Motion_FastestDiagonalRight
 .text.PID_value
                0x08009584       0x40 build/control.o
                0x08009584                PID_value
 .text.Control_StrCalculator
                0x080095c4       0x68 build/control.o
                0x080095c4                Control_StrCalculator
 .text.Control_AngCalculator
                0x0800962c       0x68 build/control.o
                0x0800962c                Control_AngCalculator
 .text.UpdateTargets
                0x08009694       0x58 build/control.o
                0x08009694                UpdateTargets
 .text.UpdateStrTarget
                0x080096ec       0xcc build/control.o
                0x080096ec                UpdateStrTarget
 .text.Control_WallEdgeSet
                0x080097b8       0x24 build/control.o
                0x080097b8                Control_WallEdgeSet
 .text.Control_WallEdgeAble
                0x080097dc        0xc build/control.o
                0x080097dc                Control_WallEdgeAble
 .text.WallEdgeFix
                0x080097e8      0x118 build/control.o
                0x080097e8                WallEdgeFix
 .text.SideWallFix
                0x08009900      0x220 build/control.o
                0x08009900                SideWallFix
 .text.SideWallFiX_Fast
                0x08009b20      0x164 build/control.o
                0x08009b20                SideWallFiX_Fast
 .text.SideWallFiX_Fastest
                0x08009c84      0x14c build/control.o
                0x08009c84                SideWallFiX_Fastest
 .text.DiagonalSideWall
                0x08009dd0       0xa8 build/control.o
                0x08009dd0                DiagonalSideWall
 .text.Control_FrontWall
                0x08009e78       0x4c build/control.o
                0x08009e78                Control_FrontWall
 .text.UpdateAngTarget
                0x08009ec4       0xbc build/control.o
                0x08009ec4                UpdateAngTarget
 .text.Control_UpdatePwm
                0x08009f80      0x2c0 build/control.o
                0x08009f80                Control_UpdatePwm
 .text.Control_ResetVelo
                0x0800a240       0x70 build/control.o
                0x0800a240                Control_ResetVelo
 .text.Control_SetupStraightPID
                0x0800a2b0       0x20 build/control.o
                0x0800a2b0                Control_SetupStraightPID
 .text.Control_SetupTurnPID
                0x0800a2d0       0x20 build/control.o
                0x0800a2d0                Control_SetupTurnPID
 .text.Map_AddUnknownWall
                0x0800a2f0      0x66c build/Map.o
                0x0800a2f0                Map_AddUnknownWall
 .text.Map_addWall
                0x0800a95c       0x9a build/Map.o
                0x0800a95c                Map_addWall
 .text.Map_DelWall
                0x0800a9f6       0xa6 build/Map.o
                0x0800a9f6                Map_DelWall
 .text.Map_Init
                0x0800aa9c       0x58 build/Map.o
                0x0800aa9c                Map_Init
 .text.Map_InitFast
                0x0800aaf4       0x5a build/Map.o
                0x0800aaf4                Map_InitFast
 *fill*         0x0800ab4e        0x2 
 .text.Maze_GetGoalSize
                0x0800ab50        0xc build/Maze.o
                0x0800ab50                Maze_GetGoalSize
 .text.Maze_UpdatePosition
                0x0800ab5c       0xfe build/Maze.o
                0x0800ab5c                Maze_UpdatePosition
 *fill*         0x0800ac5a        0x2 
 .text.Search_UnknownWall
                0x0800ac5c       0xa4 build/Maze.o
                0x0800ac5c                Search_UnknownWall
 .text.Maze_UpdateStepMap
                0x0800ad00      0x1ec build/Maze.o
                0x0800ad00                Maze_UpdateStepMap
 .text.Maze_ResetWall
                0x0800aeec      0x148 build/Maze.o
                0x0800aeec                Maze_ResetWall
 .text.Maze_GetNextMotion
                0x0800b034      0x2c4 build/Maze.o
                0x0800b034                Maze_GetNextMotion
 .text.Maze_GetStep
                0x0800b2f8       0x10 build/Maze.o
                0x0800b2f8                Maze_GetStep
 .text.Maze_UpdateStepMapEx
                0x0800b308      0x990 build/Maze.o
                0x0800b308                Maze_UpdateStepMapEx
 .text.Maze_GetNextMotionEx
                0x0800bc98      0x378 build/Maze.o
                0x0800bc98                Maze_GetNextMotionEx
 .text.Maze_KnownStepAccel
                0x0800c010       0xc4 build/Maze.o
                0x0800c010                Maze_KnownStepAccel
 .text.Compress_T90
                0x0800c0d4      0x2b4 build/Maze.o
                0x0800c0d4                Compress_T90
 .text.Compress_T180
                0x0800c388      0x172 build/Maze.o
                0x0800c388                Compress_T180
 .text.Compress_Diagonal
                0x0800c4fa      0x562 build/Maze.o
                0x0800c4fa                Compress_Diagonal
 .text.Maze_Compress
                0x0800ca5c      0x52a build/Maze.o
                0x0800ca5c                Maze_Compress
 *fill*         0x0800cf86        0x2 
 .text.Maze_UnknownStepAccel
                0x0800cf88       0x18 build/Maze.o
                0x0800cf88                Maze_UnknownStepAccel
 .text.Maze_GetAfterNextMotion
                0x0800cfa0        0xc build/Maze.o
                0x0800cfa0                Maze_GetAfterNextMotion
 .text.Flash_Erase
                0x0800cfac       0x26 build/flash.o
                0x0800cfac                Flash_Erase
 .text.Flash_Write
                0x0800cfd2       0x2e build/flash.o
                0x0800cfd2                Flash_Write
 .text.Flash_Load
                0x0800d000        0xe build/flash.o
                0x0800d000                Flash_Load
 *fill*         0x0800d00e        0x2 
 .text.Reset_Handler
                0x0800d010       0x50 build/startup_stm32f405xx.o
                0x0800d010                Reset_Handler
 .text.Default_Handler
                0x0800d060        0x2 build/startup_stm32f405xx.o
                0x0800d060                RTC_Alarm_IRQHandler
                0x0800d060                HASH_RNG_IRQHandler
                0x0800d060                EXTI2_IRQHandler
                0x0800d060                TIM8_CC_IRQHandler
                0x0800d060                TIM1_CC_IRQHandler
                0x0800d060                DMA2_Stream5_IRQHandler
                0x0800d060                DMA1_Stream5_IRQHandler
                0x0800d060                PVD_IRQHandler
                0x0800d060                SDIO_IRQHandler
                0x0800d060                TAMP_STAMP_IRQHandler
                0x0800d060                CAN2_RX1_IRQHandler
                0x0800d060                EXTI3_IRQHandler
                0x0800d060                TIM8_TRG_COM_TIM14_IRQHandler
                0x0800d060                TIM1_UP_TIM10_IRQHandler
                0x0800d060                TIM8_UP_TIM13_IRQHandler
                0x0800d060                I2C3_ER_IRQHandler
                0x0800d060                EXTI0_IRQHandler
                0x0800d060                I2C2_EV_IRQHandler
                0x0800d060                DMA1_Stream2_IRQHandler
                0x0800d060                CAN1_RX0_IRQHandler
                0x0800d060                FPU_IRQHandler
                0x0800d060                OTG_HS_WKUP_IRQHandler
                0x0800d060                CAN2_SCE_IRQHandler
                0x0800d060                SPI1_IRQHandler
                0x0800d060                TIM6_DAC_IRQHandler
                0x0800d060                TIM1_BRK_TIM9_IRQHandler
                0x0800d060                CAN2_RX0_IRQHandler
                0x0800d060                DMA2_Stream3_IRQHandler
                0x0800d060                USART6_IRQHandler
                0x0800d060                USART3_IRQHandler
                0x0800d060                CAN1_RX1_IRQHandler
                0x0800d060                UART5_IRQHandler
                0x0800d060                DMA2_Stream0_IRQHandler
                0x0800d060                TIM4_IRQHandler
                0x0800d060                I2C1_EV_IRQHandler
                0x0800d060                DMA1_Stream6_IRQHandler
                0x0800d060                DMA1_Stream1_IRQHandler
                0x0800d060                UART4_IRQHandler
                0x0800d060                TIM3_IRQHandler
                0x0800d060                RCC_IRQHandler
                0x0800d060                TIM8_BRK_TIM12_IRQHandler
                0x0800d060                Default_Handler
                0x0800d060                EXTI15_10_IRQHandler
                0x0800d060                ADC_IRQHandler
                0x0800d060                DMA1_Stream7_IRQHandler
                0x0800d060                TIM7_IRQHandler
                0x0800d060                CAN2_TX_IRQHandler
                0x0800d060                TIM5_IRQHandler
                0x0800d060                DMA2_Stream7_IRQHandler
                0x0800d060                I2C3_EV_IRQHandler
                0x0800d060                EXTI9_5_IRQHandler
                0x0800d060                RTC_WKUP_IRQHandler
                0x0800d060                SPI2_IRQHandler
                0x0800d060                OTG_HS_EP1_IN_IRQHandler
                0x0800d060                DMA1_Stream0_IRQHandler
                0x0800d060                CAN1_TX_IRQHandler
                0x0800d060                EXTI4_IRQHandler
                0x0800d060                FSMC_IRQHandler
                0x0800d060                OTG_HS_EP1_OUT_IRQHandler
                0x0800d060                WWDG_IRQHandler
                0x0800d060                TIM2_IRQHandler
                0x0800d060                OTG_FS_WKUP_IRQHandler
                0x0800d060                TIM1_TRG_COM_TIM11_IRQHandler
                0x0800d060                OTG_HS_IRQHandler
                0x0800d060                EXTI1_IRQHandler
                0x0800d060                USART2_IRQHandler
                0x0800d060                I2C2_ER_IRQHandler
                0x0800d060                DMA2_Stream1_IRQHandler
                0x0800d060                CAN1_SCE_IRQHandler
                0x0800d060                FLASH_IRQHandler
                0x0800d060                DMA2_Stream4_IRQHandler
                0x0800d060                USART1_IRQHandler
                0x0800d060                OTG_FS_IRQHandler
                0x0800d060                SPI3_IRQHandler
                0x0800d060                DMA1_Stream4_IRQHandler
                0x0800d060                I2C1_ER_IRQHandler
                0x0800d060                DMA2_Stream6_IRQHandler
                0x0800d060                DMA1_Stream3_IRQHandler
 *fill*         0x0800d062        0x2 
 .text.__errno  0x0800d064        0xc c:/program files (x86)/gnu tools arm embedded/7 2017-q4-major/bin/../lib/gcc/arm-none-eabi/7.2.1/../../../../arm-none-eabi/lib/thumb/v7e-m/fpv4-sp/hard\libc_nano.a(lib_a-errno.o)
                0x0800d064                __errno
 .text.__libc_init_array
                0x0800d070       0x48 c:/program files (x86)/gnu tools arm embedded/7 2017-q4-major/bin/../lib/gcc/arm-none-eabi/7.2.1/../../../../arm-none-eabi/lib/thumb/v7e-m/fpv4-sp/hard\libc_nano.a(lib_a-init.o)
                0x0800d070                __libc_init_array
 .text.memcpy   0x0800d0b8       0x16 c:/program files (x86)/gnu tools arm embedded/7 2017-q4-major/bin/../lib/gcc/arm-none-eabi/7.2.1/../../../../arm-none-eabi/lib/thumb/v7e-m/fpv4-sp/hard\libc_nano.a(lib_a-memcpy-stub.o)
                0x0800d0b8                memcpy
 .text.memset   0x0800d0ce       0x10 c:/program files (x86)/gnu tools arm embedded/7 2017-q4-major/bin/../lib/gcc/arm-none-eabi/7.2.1/../../../../arm-none-eabi/lib/thumb/v7e-m/fpv4-sp/hard\libc_nano.a(lib_a-memset.o)
                0x0800d0ce                memset
 .text.__cvt    0x0800d0de       0xc2 c:/program files (x86)/gnu tools arm embedded/7 2017-q4-major/bin/../lib/gcc/arm-none-eabi/7.2.1/../../../../arm-none-eabi/lib/thumb/v7e-m/fpv4-sp/hard\libc_nano.a(lib_a-nano-vfprintf_float.o)
                0x0800d0de                __cvt
 .text.__exponent
                0x0800d1a0       0x66 c:/program files (x86)/gnu tools arm embedded/7 2017-q4-major/bin/../lib/gcc/arm-none-eabi/7.2.1/../../../../arm-none-eabi/lib/thumb/v7e-m/fpv4-sp/hard\libc_nano.a(lib_a-nano-vfprintf_float.o)
                0x0800d1a0                __exponent
 *fill*         0x0800d206        0x2 
 .text._printf_float
                0x0800d208      0x480 c:/program files (x86)/gnu tools arm embedded/7 2017-q4-major/bin/../lib/gcc/arm-none-eabi/7.2.1/../../../../arm-none-eabi/lib/thumb/v7e-m/fpv4-sp/hard\libc_nano.a(lib_a-nano-vfprintf_float.o)
                0x0800d208                _printf_float
 .text._printf_common
                0x0800d688       0xea c:/program files (x86)/gnu tools arm embedded/7 2017-q4-major/bin/../lib/gcc/arm-none-eabi/7.2.1/../../../../arm-none-eabi/lib/thumb/v7e-m/fpv4-sp/hard\libc_nano.a(lib_a-nano-vfprintf_i.o)
                0x0800d688                _printf_common
 *fill*         0x0800d772        0x2 
 .text._printf_i
                0x0800d774      0x224 c:/program files (x86)/gnu tools arm embedded/7 2017-q4-major/bin/../lib/gcc/arm-none-eabi/7.2.1/../../../../arm-none-eabi/lib/thumb/v7e-m/fpv4-sp/hard\libc_nano.a(lib_a-nano-vfprintf_i.o)
                0x0800d774                _printf_i
 .text.printf   0x0800d998       0x30 c:/program files (x86)/gnu tools arm embedded/7 2017-q4-major/bin/../lib/gcc/arm-none-eabi/7.2.1/../../../../arm-none-eabi/lib/thumb/v7e-m/fpv4-sp/hard\libc_nano.a(lib_a-printf.o)
                0x0800d998                iprintf
                0x0800d998                printf
 .text.putchar  0x0800d9c8       0x28 c:/program files (x86)/gnu tools arm embedded/7 2017-q4-major/bin/../lib/gcc/arm-none-eabi/7.2.1/../../../../arm-none-eabi/lib/thumb/v7e-m/fpv4-sp/hard\libc_nano.a(lib_a-putchar.o)
                0x0800d9c8                putchar
 .text._puts_r  0x0800d9f0       0xb8 c:/program files (x86)/gnu tools arm embedded/7 2017-q4-major/bin/../lib/gcc/arm-none-eabi/7.2.1/../../../../arm-none-eabi/lib/thumb/v7e-m/fpv4-sp/hard\libc_nano.a(lib_a-puts.o)
                0x0800d9f0                _puts_r
 .text.puts     0x0800daa8       0x10 c:/program files (x86)/gnu tools arm embedded/7 2017-q4-major/bin/../lib/gcc/arm-none-eabi/7.2.1/../../../../arm-none-eabi/lib/thumb/v7e-m/fpv4-sp/hard\libc_nano.a(lib_a-puts.o)
                0x0800daa8                puts
 .text.setbuf   0x0800dab8       0x10 c:/program files (x86)/gnu tools arm embedded/7 2017-q4-major/bin/../lib/gcc/arm-none-eabi/7.2.1/../../../../arm-none-eabi/lib/thumb/v7e-m/fpv4-sp/hard\libc_nano.a(lib_a-setbuf.o)
                0x0800dab8                setbuf
 .text.setvbuf  0x0800dac8      0x15c c:/program files (x86)/gnu tools arm embedded/7 2017-q4-major/bin/../lib/gcc/arm-none-eabi/7.2.1/../../../../arm-none-eabi/lib/thumb/v7e-m/fpv4-sp/hard\libc_nano.a(lib_a-setvbuf.o)
                0x0800dac8                setvbuf
 .text.__swbuf_r
                0x0800dc24       0xa4 c:/program files (x86)/gnu tools arm embedded/7 2017-q4-major/bin/../lib/gcc/arm-none-eabi/7.2.1/../../../../arm-none-eabi/lib/thumb/v7e-m/fpv4-sp/hard\libc_nano.a(lib_a-wbuf.o)
                0x0800dc24                __swbuf_r
 .text.__swsetup_r
                0x0800dcc8       0xdc c:/program files (x86)/gnu tools arm embedded/7 2017-q4-major/bin/../lib/gcc/arm-none-eabi/7.2.1/../../../../arm-none-eabi/lib/thumb/v7e-m/fpv4-sp/hard\libc_nano.a(lib_a-wsetup.o)
                0x0800dcc8                __swsetup_r
 .text.quorem   0x0800dda4      0x118 c:/program files (x86)/gnu tools arm embedded/7 2017-q4-major/bin/../lib/gcc/arm-none-eabi/7.2.1/../../../../arm-none-eabi/lib/thumb/v7e-m/fpv4-sp/hard\libc_nano.a(lib_a-dtoa.o)
 *fill*         0x0800debc        0x4 
 .text._dtoa_r  0x0800dec0      0xb70 c:/program files (x86)/gnu tools arm embedded/7 2017-q4-major/bin/../lib/gcc/arm-none-eabi/7.2.1/../../../../arm-none-eabi/lib/thumb/v7e-m/fpv4-sp/hard\libc_nano.a(lib_a-dtoa.o)
                0x0800dec0                _dtoa_r
 .text.__sflush_r
                0x0800ea30      0x10c c:/program files (x86)/gnu tools arm embedded/7 2017-q4-major/bin/../lib/gcc/arm-none-eabi/7.2.1/../../../../arm-none-eabi/lib/thumb/v7e-m/fpv4-sp/hard\libc_nano.a(lib_a-fflush.o)
                0x0800ea30                __sflush_r
 .text._fflush_r
                0x0800eb3c       0x54 c:/program files (x86)/gnu tools arm embedded/7 2017-q4-major/bin/../lib/gcc/arm-none-eabi/7.2.1/../../../../arm-none-eabi/lib/thumb/v7e-m/fpv4-sp/hard\libc_nano.a(lib_a-fflush.o)
                0x0800eb3c                _fflush_r
 .text.std      0x0800eb90       0x48 c:/program files (x86)/gnu tools arm embedded/7 2017-q4-major/bin/../lib/gcc/arm-none-eabi/7.2.1/../../../../arm-none-eabi/lib/thumb/v7e-m/fpv4-sp/hard\libc_nano.a(lib_a-findfp.o)
 .text._cleanup_r
                0x0800ebd8        0xc c:/program files (x86)/gnu tools arm embedded/7 2017-q4-major/bin/../lib/gcc/arm-none-eabi/7.2.1/../../../../arm-none-eabi/lib/thumb/v7e-m/fpv4-sp/hard\libc_nano.a(lib_a-findfp.o)
                0x0800ebd8                _cleanup_r
 .text.__sfmoreglue
                0x0800ebe4       0x2c c:/program files (x86)/gnu tools arm embedded/7 2017-q4-major/bin/../lib/gcc/arm-none-eabi/7.2.1/../../../../arm-none-eabi/lib/thumb/v7e-m/fpv4-sp/hard\libc_nano.a(lib_a-findfp.o)
                0x0800ebe4                __sfmoreglue
 .text.__sinit  0x0800ec10       0x60 c:/program files (x86)/gnu tools arm embedded/7 2017-q4-major/bin/../lib/gcc/arm-none-eabi/7.2.1/../../../../arm-none-eabi/lib/thumb/v7e-m/fpv4-sp/hard\libc_nano.a(lib_a-findfp.o)
                0x0800ec10                __sinit
 .text.__sfp    0x0800ec70       0x78 c:/program files (x86)/gnu tools arm embedded/7 2017-q4-major/bin/../lib/gcc/arm-none-eabi/7.2.1/../../../../arm-none-eabi/lib/thumb/v7e-m/fpv4-sp/hard\libc_nano.a(lib_a-findfp.o)
                0x0800ec70                __sfp
 .text._fwalk_reent
                0x0800ece8       0x3c c:/program files (x86)/gnu tools arm embedded/7 2017-q4-major/bin/../lib/gcc/arm-none-eabi/7.2.1/../../../../arm-none-eabi/lib/thumb/v7e-m/fpv4-sp/hard\libc_nano.a(lib_a-fwalk.o)
                0x0800ece8                _fwalk_reent
 .text._localeconv_r
                0x0800ed24       0x1c c:/program files (x86)/gnu tools arm embedded/7 2017-q4-major/bin/../lib/gcc/arm-none-eabi/7.2.1/../../../../arm-none-eabi/lib/thumb/v7e-m/fpv4-sp/hard\libc_nano.a(lib_a-localeconv.o)
                0x0800ed24                _localeconv_r
 .text.__swhatbuf_r
                0x0800ed40       0x48 c:/program files (x86)/gnu tools arm embedded/7 2017-q4-major/bin/../lib/gcc/arm-none-eabi/7.2.1/../../../../arm-none-eabi/lib/thumb/v7e-m/fpv4-sp/hard\libc_nano.a(lib_a-makebuf.o)
                0x0800ed40                __swhatbuf_r
 .text.__smakebuf_r
                0x0800ed88       0x80 c:/program files (x86)/gnu tools arm embedded/7 2017-q4-major/bin/../lib/gcc/arm-none-eabi/7.2.1/../../../../arm-none-eabi/lib/thumb/v7e-m/fpv4-sp/hard\libc_nano.a(lib_a-makebuf.o)
                0x0800ed88                __smakebuf_r
 .text.malloc   0x0800ee08       0x10 c:/program files (x86)/gnu tools arm embedded/7 2017-q4-major/bin/../lib/gcc/arm-none-eabi/7.2.1/../../../../arm-none-eabi/lib/thumb/v7e-m/fpv4-sp/hard\libc_nano.a(lib_a-malloc.o)
                0x0800ee08                malloc
 .text._Balloc  0x0800ee18       0x68 c:/program files (x86)/gnu tools arm embedded/7 2017-q4-major/bin/../lib/gcc/arm-none-eabi/7.2.1/../../../../arm-none-eabi/lib/thumb/v7e-m/fpv4-sp/hard\libc_nano.a(lib_a-mprec.o)
                0x0800ee18                _Balloc
 .text._Bfree   0x0800ee80       0x2e c:/program files (x86)/gnu tools arm embedded/7 2017-q4-major/bin/../lib/gcc/arm-none-eabi/7.2.1/../../../../arm-none-eabi/lib/thumb/v7e-m/fpv4-sp/hard\libc_nano.a(lib_a-mprec.o)
                0x0800ee80                _Bfree
 .text.__multadd
                0x0800eeae       0x76 c:/program files (x86)/gnu tools arm embedded/7 2017-q4-major/bin/../lib/gcc/arm-none-eabi/7.2.1/../../../../arm-none-eabi/lib/thumb/v7e-m/fpv4-sp/hard\libc_nano.a(lib_a-mprec.o)
                0x0800eeae                __multadd
 .text.__hi0bits
                0x0800ef24       0x3e c:/program files (x86)/gnu tools arm embedded/7 2017-q4-major/bin/../lib/gcc/arm-none-eabi/7.2.1/../../../../arm-none-eabi/lib/thumb/v7e-m/fpv4-sp/hard\libc_nano.a(lib_a-mprec.o)
                0x0800ef24                __hi0bits
 .text.__lo0bits
                0x0800ef62       0x5e c:/program files (x86)/gnu tools arm embedded/7 2017-q4-major/bin/../lib/gcc/arm-none-eabi/7.2.1/../../../../arm-none-eabi/lib/thumb/v7e-m/fpv4-sp/hard\libc_nano.a(lib_a-mprec.o)
                0x0800ef62                __lo0bits
 .text.__i2b    0x0800efc0       0x12 c:/program files (x86)/gnu tools arm embedded/7 2017-q4-major/bin/../lib/gcc/arm-none-eabi/7.2.1/../../../../arm-none-eabi/lib/thumb/v7e-m/fpv4-sp/hard\libc_nano.a(lib_a-mprec.o)
                0x0800efc0                __i2b
 .text.__multiply
                0x0800efd2      0x12c c:/program files (x86)/gnu tools arm embedded/7 2017-q4-major/bin/../lib/gcc/arm-none-eabi/7.2.1/../../../../arm-none-eabi/lib/thumb/v7e-m/fpv4-sp/hard\libc_nano.a(lib_a-mprec.o)
                0x0800efd2                __multiply
 *fill*         0x0800f0fe        0x2 
 .text.__pow5mult
                0x0800f100       0x9c c:/program files (x86)/gnu tools arm embedded/7 2017-q4-major/bin/../lib/gcc/arm-none-eabi/7.2.1/../../../../arm-none-eabi/lib/thumb/v7e-m/fpv4-sp/hard\libc_nano.a(lib_a-mprec.o)
                0x0800f100                __pow5mult
 .text.__lshift
                0x0800f19c       0xa8 c:/program files (x86)/gnu tools arm embedded/7 2017-q4-major/bin/../lib/gcc/arm-none-eabi/7.2.1/../../../../arm-none-eabi/lib/thumb/v7e-m/fpv4-sp/hard\libc_nano.a(lib_a-mprec.o)
                0x0800f19c                __lshift
 .text.__mcmp   0x0800f244       0x34 c:/program files (x86)/gnu tools arm embedded/7 2017-q4-major/bin/../lib/gcc/arm-none-eabi/7.2.1/../../../../arm-none-eabi/lib/thumb/v7e-m/fpv4-sp/hard\libc_nano.a(lib_a-mprec.o)
                0x0800f244                __mcmp
 .text.__mdiff  0x0800f278       0xba c:/program files (x86)/gnu tools arm embedded/7 2017-q4-major/bin/../lib/gcc/arm-none-eabi/7.2.1/../../../../arm-none-eabi/lib/thumb/v7e-m/fpv4-sp/hard\libc_nano.a(lib_a-mprec.o)
                0x0800f278                __mdiff
 .text.__d2b    0x0800f332       0x9e c:/program files (x86)/gnu tools arm embedded/7 2017-q4-major/bin/../lib/gcc/arm-none-eabi/7.2.1/../../../../arm-none-eabi/lib/thumb/v7e-m/fpv4-sp/hard\libc_nano.a(lib_a-mprec.o)
                0x0800f332                __d2b
 .text._calloc_r
                0x0800f3d0       0x1c c:/program files (x86)/gnu tools arm embedded/7 2017-q4-major/bin/../lib/gcc/arm-none-eabi/7.2.1/../../../../arm-none-eabi/lib/thumb/v7e-m/fpv4-sp/hard\libc_nano.a(lib_a-nano-callocr.o)
                0x0800f3d0                _calloc_r
 .text._free_r  0x0800f3ec       0x9c c:/program files (x86)/gnu tools arm embedded/7 2017-q4-major/bin/../lib/gcc/arm-none-eabi/7.2.1/../../../../arm-none-eabi/lib/thumb/v7e-m/fpv4-sp/hard\libc_nano.a(lib_a-nano-freer.o)
                0x0800f3ec                _free_r
 .text._malloc_r
                0x0800f488       0xb4 c:/program files (x86)/gnu tools arm embedded/7 2017-q4-major/bin/../lib/gcc/arm-none-eabi/7.2.1/../../../../arm-none-eabi/lib/thumb/v7e-m/fpv4-sp/hard\libc_nano.a(lib_a-nano-mallocr.o)
                0x0800f488                _malloc_r
 .text.__sfputc_r
                0x0800f53c       0x2e c:/program files (x86)/gnu tools arm embedded/7 2017-q4-major/bin/../lib/gcc/arm-none-eabi/7.2.1/../../../../arm-none-eabi/lib/thumb/v7e-m/fpv4-sp/hard\libc_nano.a(lib_a-nano-vfprintf.o)
 .text.__sfputs_r
                0x0800f56a       0x24 c:/program files (x86)/gnu tools arm embedded/7 2017-q4-major/bin/../lib/gcc/arm-none-eabi/7.2.1/../../../../arm-none-eabi/lib/thumb/v7e-m/fpv4-sp/hard\libc_nano.a(lib_a-nano-vfprintf.o)
                0x0800f56a                __sfputs_r
 *fill*         0x0800f58e        0x2 
 .text._vfprintf_r
                0x0800f590      0x228 c:/program files (x86)/gnu tools arm embedded/7 2017-q4-major/bin/../lib/gcc/arm-none-eabi/7.2.1/../../../../arm-none-eabi/lib/thumb/v7e-m/fpv4-sp/hard\libc_nano.a(lib_a-nano-vfprintf.o)
                0x0800f590                _vfprintf_r
                0x0800f590                _vfiprintf_r
 .text._putc_r  0x0800f7b8       0x6c c:/program files (x86)/gnu tools arm embedded/7 2017-q4-major/bin/../lib/gcc/arm-none-eabi/7.2.1/../../../../arm-none-eabi/lib/thumb/v7e-m/fpv4-sp/hard\libc_nano.a(lib_a-putc.o)
                0x0800f7b8                _putc_r
 .text._sbrk_r  0x0800f824       0x20 c:/program files (x86)/gnu tools arm embedded/7 2017-q4-major/bin/../lib/gcc/arm-none-eabi/7.2.1/../../../../arm-none-eabi/lib/thumb/v7e-m/fpv4-sp/hard\libc_nano.a(lib_a-sbrkr.o)
                0x0800f824                _sbrk_r
 .text.__sread  0x0800f844       0x22 c:/program files (x86)/gnu tools arm embedded/7 2017-q4-major/bin/../lib/gcc/arm-none-eabi/7.2.1/../../../../arm-none-eabi/lib/thumb/v7e-m/fpv4-sp/hard\libc_nano.a(lib_a-stdio.o)
                0x0800f844                __sread
 .text.__swrite
                0x0800f866       0x38 c:/program files (x86)/gnu tools arm embedded/7 2017-q4-major/bin/../lib/gcc/arm-none-eabi/7.2.1/../../../../arm-none-eabi/lib/thumb/v7e-m/fpv4-sp/hard\libc_nano.a(lib_a-stdio.o)
                0x0800f866                __swrite
 .text.__sseek  0x0800f89e       0x24 c:/program files (x86)/gnu tools arm embedded/7 2017-q4-major/bin/../lib/gcc/arm-none-eabi/7.2.1/../../../../arm-none-eabi/lib/thumb/v7e-m/fpv4-sp/hard\libc_nano.a(lib_a-stdio.o)
                0x0800f89e                __sseek
 .text.__sclose
                0x0800f8c2        0x8 c:/program files (x86)/gnu tools arm embedded/7 2017-q4-major/bin/../lib/gcc/arm-none-eabi/7.2.1/../../../../arm-none-eabi/lib/thumb/v7e-m/fpv4-sp/hard\libc_nano.a(lib_a-stdio.o)
                0x0800f8c2                __sclose
 *fill*         0x0800f8ca        0x2 
 .text._write_r
                0x0800f8cc       0x24 c:/program files (x86)/gnu tools arm embedded/7 2017-q4-major/bin/../lib/gcc/arm-none-eabi/7.2.1/../../../../arm-none-eabi/lib/thumb/v7e-m/fpv4-sp/hard\libc_nano.a(lib_a-writer.o)
                0x0800f8cc                _write_r
 .text._close_r
                0x0800f8f0       0x20 c:/program files (x86)/gnu tools arm embedded/7 2017-q4-major/bin/../lib/gcc/arm-none-eabi/7.2.1/../../../../arm-none-eabi/lib/thumb/v7e-m/fpv4-sp/hard\libc_nano.a(lib_a-closer.o)
                0x0800f8f0                _close_r
 .text._fstat_r
                0x0800f910       0x24 c:/program files (x86)/gnu tools arm embedded/7 2017-q4-major/bin/../lib/gcc/arm-none-eabi/7.2.1/../../../../arm-none-eabi/lib/thumb/v7e-m/fpv4-sp/hard\libc_nano.a(lib_a-fstatr.o)
                0x0800f910                _fstat_r
 .text._isatty_r
                0x0800f934       0x20 c:/program files (x86)/gnu tools arm embedded/7 2017-q4-major/bin/../lib/gcc/arm-none-eabi/7.2.1/../../../../arm-none-eabi/lib/thumb/v7e-m/fpv4-sp/hard\libc_nano.a(lib_a-isattyr.o)
                0x0800f934                _isatty_r
 .text._lseek_r
                0x0800f954       0x24 c:/program files (x86)/gnu tools arm embedded/7 2017-q4-major/bin/../lib/gcc/arm-none-eabi/7.2.1/../../../../arm-none-eabi/lib/thumb/v7e-m/fpv4-sp/hard\libc_nano.a(lib_a-lseekr.o)
                0x0800f954                _lseek_r
 .text.__ascii_mbtowc
                0x0800f978       0x24 c:/program files (x86)/gnu tools arm embedded/7 2017-q4-major/bin/../lib/gcc/arm-none-eabi/7.2.1/../../../../arm-none-eabi/lib/thumb/v7e-m/fpv4-sp/hard\libc_nano.a(lib_a-mbtowc_r.o)
                0x0800f978                __ascii_mbtowc
 .text.__malloc_lock
                0x0800f99c        0x2 c:/program files (x86)/gnu tools arm embedded/7 2017-q4-major/bin/../lib/gcc/arm-none-eabi/7.2.1/../../../../arm-none-eabi/lib/thumb/v7e-m/fpv4-sp/hard\libc_nano.a(lib_a-mlock.o)
                0x0800f99c                __malloc_lock
 .text.__malloc_unlock
                0x0800f99e        0x2 c:/program files (x86)/gnu tools arm embedded/7 2017-q4-major/bin/../lib/gcc/arm-none-eabi/7.2.1/../../../../arm-none-eabi/lib/thumb/v7e-m/fpv4-sp/hard\libc_nano.a(lib_a-mlock.o)
                0x0800f99e                __malloc_unlock
 .text._read_r  0x0800f9a0       0x24 c:/program files (x86)/gnu tools arm embedded/7 2017-q4-major/bin/../lib/gcc/arm-none-eabi/7.2.1/../../../../arm-none-eabi/lib/thumb/v7e-m/fpv4-sp/hard\libc_nano.a(lib_a-readr.o)
                0x0800f9a0                _read_r
 .text.__ascii_wctomb
                0x0800f9c4       0x1a c:/program files (x86)/gnu tools arm embedded/7 2017-q4-major/bin/../lib/gcc/arm-none-eabi/7.2.1/../../../../arm-none-eabi/lib/thumb/v7e-m/fpv4-sp/hard\libc_nano.a(lib_a-wctomb_r.o)
                0x0800f9c4                __ascii_wctomb
 *(.glue_7)
 .glue_7        0x0800f9de        0x0 linker stubs
 *(.glue_7t)
 .glue_7t       0x0800f9de        0x0 linker stubs
 *(.eh_frame)
 *fill*         0x0800f9de        0x2 
 .eh_frame      0x0800f9e0        0x0 c:/program files (x86)/gnu tools arm embedded/7 2017-q4-major/bin/../lib/gcc/arm-none-eabi/7.2.1/thumb/v7e-m/fpv4-sp/hard/crtbegin.o
 *(.init)
 .init          0x0800f9e0        0x4 c:/program files (x86)/gnu tools arm embedded/7 2017-q4-major/bin/../lib/gcc/arm-none-eabi/7.2.1/thumb/v7e-m/fpv4-sp/hard/crti.o
                0x0800f9e0                _init
 .init          0x0800f9e4        0x8 c:/program files (x86)/gnu tools arm embedded/7 2017-q4-major/bin/../lib/gcc/arm-none-eabi/7.2.1/thumb/v7e-m/fpv4-sp/hard/crtn.o
 *(.fini)
 .fini          0x0800f9ec        0x4 c:/program files (x86)/gnu tools arm embedded/7 2017-q4-major/bin/../lib/gcc/arm-none-eabi/7.2.1/thumb/v7e-m/fpv4-sp/hard/crti.o
                0x0800f9ec                _fini
 .fini          0x0800f9f0        0x8 c:/program files (x86)/gnu tools arm embedded/7 2017-q4-major/bin/../lib/gcc/arm-none-eabi/7.2.1/thumb/v7e-m/fpv4-sp/hard/crtn.o
                0x0800f9f8                . = ALIGN (0x4)
                0x0800f9f8                _etext = .

.vfp11_veneer   0x0800f9f8        0x0
 .vfp11_veneer  0x0800f9f8        0x0 linker stubs

.v4_bx          0x0800f9f8        0x0
 .v4_bx         0x0800f9f8        0x0 linker stubs

.iplt           0x0800f9f8        0x0
 .iplt          0x0800f9f8        0x0 c:/program files (x86)/gnu tools arm embedded/7 2017-q4-major/bin/../lib/gcc/arm-none-eabi/7.2.1/thumb/v7e-m/fpv4-sp/hard/crtbegin.o

.rodata         0x0800f9f8      0x380
                0x0800f9f8                . = ALIGN (0x4)
 *(.rodata)
 *(.rodata*)
 .rodata.MX_TIM1_Init.str1.4
                0x0800f9f8        0xa build/tim.o
 *fill*         0x0800fa02        0x2 
 .rodata.MX_ADC1_Init.str1.4
                0x0800fa04        0xa build/adc.o
 *fill*         0x0800fa0e        0x2 
 .rodata.MX_USART3_UART_Init.str1.4
                0x0800fa10        0xc build/usart.o
 .rodata.flagBitshiftOffset.9184
                0x0800fa1c        0x8 build/stm32f4xx_hal_dma.o
 .rodata.Init_Main.str1.4
                0x0800fa24        0xa build/main.o
 *fill*         0x0800fa2e        0x2 
 .rodata.SystemClock_Config.str1.4
                0x0800fa30        0xb build/main.o
 *fill*         0x0800fa3b        0x1 
 .rodata.MX_SPI1_Init.str1.4
                0x0800fa3c        0xa build/spi.o
 *fill*         0x0800fa46        0x2 
 .rodata.Spi_SetGyro.str1.4
                0x0800fa48        0xe build/spi.o
 *fill*         0x0800fa56        0x2 
 .rodata.AHBPrescTable
                0x0800fa58       0x10 build/system_stm32f4xx.o
                0x0800fa58                AHBPrescTable
 .rodata.APBPrescTable
                0x0800fa68        0x8 build/system_stm32f4xx.o
                0x0800fa68                APBPrescTable
 .rodata.Mode_Select.str1.4
                0x0800fa70        0x4 build/mode.o
 .rodata.PrintOutPut.str1.4
                0x0800fa74        0xe build/mode.o
 *fill*         0x0800fa82        0x2 
 .rodata.PrintWallData.str1.4
                0x0800fa84        0xc build/mode.o
                                 0x10 (size before relaxing)
 .rodata.SensorCheck.str1.4
                0x0800fa90       0x20 build/mode.o
                                 0x1e (size before relaxing)
 .rodata.start_address
                0x0800fab0        0x4 build/flash.o
                0x0800fab0                start_address
 .rodata._global_impure_ptr
                0x0800fab4        0x4 c:/program files (x86)/gnu tools arm embedded/7 2017-q4-major/bin/../lib/gcc/arm-none-eabi/7.2.1/../../../../arm-none-eabi/lib/thumb/v7e-m/fpv4-sp/hard\libc_nano.a(lib_a-impure.o)
                0x0800fab4                _global_impure_ptr
 .rodata._printf_float.str1.1
                0x0800fab8       0x12 c:/program files (x86)/gnu tools arm embedded/7 2017-q4-major/bin/../lib/gcc/arm-none-eabi/7.2.1/../../../../arm-none-eabi/lib/thumb/v7e-m/fpv4-sp/hard\libc_nano.a(lib_a-nano-vfprintf_float.o)
 .rodata._printf_i.str1.1
                0x0800faca       0x22 c:/program files (x86)/gnu tools arm embedded/7 2017-q4-major/bin/../lib/gcc/arm-none-eabi/7.2.1/../../../../arm-none-eabi/lib/thumb/v7e-m/fpv4-sp/hard\libc_nano.a(lib_a-nano-vfprintf_i.o)
 .rodata._dtoa_r.str1.1
                0x0800faec        0xd c:/program files (x86)/gnu tools arm embedded/7 2017-q4-major/bin/../lib/gcc/arm-none-eabi/7.2.1/../../../../arm-none-eabi/lib/thumb/v7e-m/fpv4-sp/hard\libc_nano.a(lib_a-dtoa.o)
                                  0xf (size before relaxing)
 *fill*         0x0800faf9        0x3 
 .rodata.__sf_fake_stderr
                0x0800fafc       0x20 c:/program files (x86)/gnu tools arm embedded/7 2017-q4-major/bin/../lib/gcc/arm-none-eabi/7.2.1/../../../../arm-none-eabi/lib/thumb/v7e-m/fpv4-sp/hard\libc_nano.a(lib_a-findfp.o)
                0x0800fafc                __sf_fake_stderr
 .rodata.__sf_fake_stdin
                0x0800fb1c       0x20 c:/program files (x86)/gnu tools arm embedded/7 2017-q4-major/bin/../lib/gcc/arm-none-eabi/7.2.1/../../../../arm-none-eabi/lib/thumb/v7e-m/fpv4-sp/hard\libc_nano.a(lib_a-findfp.o)
                0x0800fb1c                __sf_fake_stdin
 .rodata.__sf_fake_stdout
                0x0800fb3c       0x20 c:/program files (x86)/gnu tools arm embedded/7 2017-q4-major/bin/../lib/gcc/arm-none-eabi/7.2.1/../../../../arm-none-eabi/lib/thumb/v7e-m/fpv4-sp/hard\libc_nano.a(lib_a-findfp.o)
                0x0800fb3c                __sf_fake_stdout
 *fill*         0x0800fb5c        0x4 
 .rodata.__mprec_bigtens
                0x0800fb60       0x28 c:/program files (x86)/gnu tools arm embedded/7 2017-q4-major/bin/../lib/gcc/arm-none-eabi/7.2.1/../../../../arm-none-eabi/lib/thumb/v7e-m/fpv4-sp/hard\libc_nano.a(lib_a-mprec.o)
                0x0800fb60                __mprec_bigtens
 .rodata.__mprec_tens
                0x0800fb88       0xc8 c:/program files (x86)/gnu tools arm embedded/7 2017-q4-major/bin/../lib/gcc/arm-none-eabi/7.2.1/../../../../arm-none-eabi/lib/thumb/v7e-m/fpv4-sp/hard\libc_nano.a(lib_a-mprec.o)
                0x0800fb88                __mprec_tens
 .rodata.p05.7359
                0x0800fc50        0xc c:/program files (x86)/gnu tools arm embedded/7 2017-q4-major/bin/../lib/gcc/arm-none-eabi/7.2.1/../../../../arm-none-eabi/lib/thumb/v7e-m/fpv4-sp/hard\libc_nano.a(lib_a-mprec.o)
 .rodata._vfprintf_r.str1.1
                0x0800fc5c       0x11 c:/program files (x86)/gnu tools arm embedded/7 2017-q4-major/bin/../lib/gcc/arm-none-eabi/7.2.1/../../../../arm-none-eabi/lib/thumb/v7e-m/fpv4-sp/hard\libc_nano.a(lib_a-nano-vfprintf.o)
 .rodata._setlocale_r.str1.1
                0x0800fc6d        0x8 c:/program files (x86)/gnu tools arm embedded/7 2017-q4-major/bin/../lib/gcc/arm-none-eabi/7.2.1/../../../../arm-none-eabi/lib/thumb/v7e-m/fpv4-sp/hard\libc_nano.a(lib_a-locale.o)
                                  0x9 (size before relaxing)
 .rodata.str1.1
                0x0800fc75        0x2 c:/program files (x86)/gnu tools arm embedded/7 2017-q4-major/bin/../lib/gcc/arm-none-eabi/7.2.1/../../../../arm-none-eabi/lib/thumb/v7e-m/fpv4-sp/hard\libc_nano.a(lib_a-locale.o)
 .rodata._ctype_
                0x0800fc77      0x101 c:/program files (x86)/gnu tools arm embedded/7 2017-q4-major/bin/../lib/gcc/arm-none-eabi/7.2.1/../../../../arm-none-eabi/lib/thumb/v7e-m/fpv4-sp/hard\libc_nano.a(lib_a-ctype_.o)
                0x0800fc77                _ctype_
                0x0800fd78                . = ALIGN (0x4)

.ARM.extab
 *(.ARM.extab* .gnu.linkonce.armextab.*)

.ARM            0x0800fd78        0x8
                0x0800fd78                __exidx_start = .
 *(.ARM.exidx*)
 .ARM.exidx     0x0800fd78        0x8 c:/program files (x86)/gnu tools arm embedded/7 2017-q4-major/bin/../lib/gcc/arm-none-eabi/7.2.1/thumb/v7e-m/fpv4-sp/hard\libgcc.a(_udivmoddi4.o)
                0x0800fd80                __exidx_end = .

.rel.dyn        0x0800fd80        0x0
 .rel.iplt      0x0800fd80        0x0 c:/program files (x86)/gnu tools arm embedded/7 2017-q4-major/bin/../lib/gcc/arm-none-eabi/7.2.1/thumb/v7e-m/fpv4-sp/hard/crtbegin.o

.preinit_array  0x0800fd80        0x0
                0x0800fd80                PROVIDE (__preinit_array_start, .)
 *(.preinit_array*)
                0x0800fd80                PROVIDE (__preinit_array_end, .)

.init_array     0x0800fd80        0x4
                0x0800fd80                PROVIDE (__init_array_start, .)
 *(SORT_BY_NAME(.init_array.*))
 *(.init_array*)
 .init_array    0x0800fd80        0x4 c:/program files (x86)/gnu tools arm embedded/7 2017-q4-major/bin/../lib/gcc/arm-none-eabi/7.2.1/thumb/v7e-m/fpv4-sp/hard/crtbegin.o
                0x0800fd84                PROVIDE (__init_array_end, .)

.fini_array     0x0800fd84        0x4
                [!provide]                PROVIDE (__fini_array_start, .)
 *(SORT_BY_NAME(.fini_array.*))
 *(.fini_array*)
 .fini_array    0x0800fd84        0x4 c:/program files (x86)/gnu tools arm embedded/7 2017-q4-major/bin/../lib/gcc/arm-none-eabi/7.2.1/thumb/v7e-m/fpv4-sp/hard/crtbegin.o
                [!provide]                PROVIDE (__fini_array_end, .)
                0x0800fd88                _sidata = LOADADDR (.data)

.data           0x20000000      0x290 load address 0x0800fd88
                0x20000000                . = ALIGN (0x4)
                0x20000000                _sdata = .
 *(.data)
 *(.data*)
 .data.radius   0x20000000        0x4 build/tim.o
                0x20000000                radius
 .data.uwTickFreq
                0x20000004        0x1 build/stm32f4xx_hal.o
                0x20000004                uwTickFreq
 *fill*         0x20000005        0x3 
 .data.uwTickPrio
                0x20000008        0x4 build/stm32f4xx_hal.o
                0x20000008                uwTickPrio
 .data.SystemCoreClock
                0x2000000c        0x4 build/system_stm32f4xx.o
                0x2000000c                SystemCoreClock
 .data.gx       0x20000010        0x1 build/mode.o
                0x20000010                gx
 *fill*         0x20000011        0x3 
 .data.walledge_1200
                0x20000014       0x18 build/mode.o
                0x20000014                walledge_1200
 .data.walledge_800
                0x2000002c       0x18 build/mode.o
                0x2000002c                walledge_800
 .data.walledge_search
                0x20000044       0x18 build/mode.o
                0x20000044                walledge_search
 .data.velocity_now
                0x2000005c        0x4 build/motion.o
                0x2000005c                velocity_now
 .data.walledge600
                0x20000060       0x18 build/motion.o
                0x20000060                walledge600
 .data.walledge800
                0x20000078       0x18 build/motion.o
                0x20000078                walledge800
 .data.walledgeRestart
                0x20000090       0x18 build/motion.o
                0x20000090                walledgeRestart
 .data.ang_d    0x200000a8        0x4 build/control.o
                0x200000a8                ang_d
 .data.ang_i    0x200000ac        0x4 build/control.o
                0x200000ac                ang_i
 .data.ang_p    0x200000b0        0x4 build/control.o
                0x200000b0                ang_p
 .data.str_i    0x200000b4        0x4 build/control.o
                0x200000b4                str_i
 .data.str_p    0x200000b8        0x4 build/control.o
                0x200000b8                str_p
 .data.goal_size
                0x200000bc        0x1 build/Maze.o
                0x200000bc                goal_size
 *fill*         0x200000bd        0x3 
 .data._impure_ptr
                0x200000c0        0x4 c:/program files (x86)/gnu tools arm embedded/7 2017-q4-major/bin/../lib/gcc/arm-none-eabi/7.2.1/../../../../arm-none-eabi/lib/thumb/v7e-m/fpv4-sp/hard\libc_nano.a(lib_a-impure.o)
                0x200000c0                _impure_ptr
 .data.impure_data
                0x200000c4       0x60 c:/program files (x86)/gnu tools arm embedded/7 2017-q4-major/bin/../lib/gcc/arm-none-eabi/7.2.1/../../../../arm-none-eabi/lib/thumb/v7e-m/fpv4-sp/hard\libc_nano.a(lib_a-impure.o)
 .data.__global_locale
                0x20000124      0x16c c:/program files (x86)/gnu tools arm embedded/7 2017-q4-major/bin/../lib/gcc/arm-none-eabi/7.2.1/../../../../arm-none-eabi/lib/thumb/v7e-m/fpv4-sp/hard\libc_nano.a(lib_a-locale.o)
                0x20000124                __global_locale
                0x20000290                . = ALIGN (0x4)
                0x20000290                _edata = .
                0x08010018                _siccmram = LOADADDR (.ccmram)

.igot.plt       0x20000290        0x0 load address 0x08010018
 .igot.plt      0x20000290        0x0 c:/program files (x86)/gnu tools arm embedded/7 2017-q4-major/bin/../lib/gcc/arm-none-eabi/7.2.1/thumb/v7e-m/fpv4-sp/hard/crtbegin.o

.ccmram         0x10000000        0x0 load address 0x08010018
                0x10000000                . = ALIGN (0x4)
                0x10000000                _sccmram = .
 *(.ccmram)
 *(.ccmram*)
                0x10000000                . = ALIGN (0x4)
                0x10000000                _eccmram = .
                0x10000000                . = ALIGN (0x4)

.bss            0x20000290     0xa654
                0x20000290                _sbss = .
                0x20000290                __bss_start__ = _sbss
 *(.bss)
 .bss           0x20000290       0x1c c:/program files (x86)/gnu tools arm embedded/7 2017-q4-major/bin/../lib/gcc/arm-none-eabi/7.2.1/thumb/v7e-m/fpv4-sp/hard/crtbegin.o
 *(.bss*)
 .bss.heap_end.7234
                0x200002ac        0x4 build/syscalls.o
 .bss.gy        0x200002b0        0x1 build/mode.o
                0x200002b0                gy
 *fill*         0x200002b1        0x3 
 .bss.diagonal_step
                0x200002b4        0x4 build/motion.o
                0x200002b4                diagonal_step
 .bss.gain_velo
                0x200002b8        0x4 build/motion.o
                0x200002b8                gain_velo
 .bss.prefront_flag
                0x200002bc        0x2 build/motion.o
                0x200002bc                prefront_flag
 .bss.add_l     0x200002be        0x1 build/control.o
                0x200002be                add_l
 .bss.add_r     0x200002bf        0x1 build/control.o
                0x200002bf                add_r
 .bss.ang_idial
                0x200002c0        0x4 build/control.o
                0x200002c0                ang_idial
 .bss.counter_ms
                0x200002c4        0x2 build/control.o
                0x200002c4                counter_ms
 *fill*         0x200002c6        0x2 
 .bss.dist_idial
                0x200002c8        0x4 build/control.o
                0x200002c8                dist_idial
 .bss.front_wall_diff
                0x200002cc        0x4 build/control.o
                0x200002cc                front_wall_diff
 .bss.str_d     0x200002d0        0x4 build/control.o
                0x200002d0                str_d
 .bss.wall_dif  0x200002d4        0x4 build/control.o
                0x200002d4                wall_dif
 .bss.walledge_side
                0x200002d8        0x1 build/control.o
                0x200002d8                walledge_side
 *fill*         0x200002d9        0x3 
 .bss.__malloc_free_list
                0x200002dc        0x4 c:/program files (x86)/gnu tools arm embedded/7 2017-q4-major/bin/../lib/gcc/arm-none-eabi/7.2.1/../../../../arm-none-eabi/lib/thumb/v7e-m/fpv4-sp/hard\libc_nano.a(lib_a-nano-mallocr.o)
                0x200002dc                __malloc_free_list
 .bss.__malloc_sbrk_start
                0x200002e0        0x4 c:/program files (x86)/gnu tools arm embedded/7 2017-q4-major/bin/../lib/gcc/arm-none-eabi/7.2.1/../../../../arm-none-eabi/lib/thumb/v7e-m/fpv4-sp/hard\libc_nano.a(lib_a-nano-mallocr.o)
                0x200002e0                __malloc_sbrk_start
 *(COMMON)
 COMMON         0x200002e4      0x120 build/tim.o
                0x200002e4                htim8
                0x20000320                sMasterConfig
                0x20000328                enc
                0x20000334                htim3
                0x20000370                sConfigOC
                0x2000038c                htim1
                0x200003c8                htim2
 COMMON         0x20000404      0x1b2 build/adc.o
                0x20000404                ADCOffData
                0x2000040c                hadc2
                0x20000454                ADCOntData
                0x2000045c                sen_front_reference_f
                0x20000460                sen_front
                0x20000480                sen_l
                0x200004a0                hadc1
                0x200004e8                cnt_100ms
                0x200004ec                sen_fr
                0x2000050c                sen_fl
                0x2000052c                ADCBuff
                0x20000534                sen_r
                0x20000554                hdma_adc2
                0x200005b4                adc_counter
 *fill*         0x200005b6        0x2 
 COMMON         0x200005b8        0x4 build/stm32f4xx_hal.o
                0x200005b8                uwTick
 COMMON         0x200005bc       0x40 build/usart.o
                0x200005bc                huart3
 COMMON         0x200005fc       0x20 build/stm32f4xx_hal_flash.o
                0x200005fc                pFlash
 COMMON         0x2000061c       0x84 build/spi.o
                0x2000061c                flag_gyro_calc
                0x20000620                accel
                0x2000062c                gyro_y
                0x20000630                gyro_x
                0x20000634                hspi1
                0x2000068c                gyro_z
 COMMON         0x200006a0        0x1 build/motion.o
                0x200006a0                motion_end_flag
 *fill*         0x200006a1        0x3 
 COMMON         0x200006a4     0x9caf build/control.o
                0x200006a4                walledge
                0x200006bc                counter_s
                0x200006c0                straight
                0x200006dc                error_ang_old
                0x200006e0                error_ang_sum
                0x200006e4                error_sum
                0x200006e8                front_wall_flag
                0x200006ec                error_old
                0x200006f0                control_wall_flag
                0x200006f4                angle
                0x20000710                loger
                0x2000a352                motor_flag
 *fill*         0x2000a353        0x1 
 COMMON         0x2000a354      0x58c build/Maze.o
                0x2000a354                after_next_motion
                0x2000a358                stepEx_v
                0x2000a59c                stepEx_h
                0x2000a7e0                step
 COMMON         0x2000a8e0        0x4 c:/program files (x86)/gnu tools arm embedded/7 2017-q4-major/bin/../lib/gcc/arm-none-eabi/7.2.1/../../../../arm-none-eabi/lib/thumb/v7e-m/fpv4-sp/hard\libc_nano.a(lib_a-reent.o)
                0x2000a8e0                errno
                0x2000a8e4                . = ALIGN (0x4)
                0x2000a8e4                _ebss = .
                0x2000a8e4                __bss_end__ = _ebss

._user_heap_stack
                0x2000a8e4      0x604
                0x2000a8e8                . = ALIGN (0x8)
 *fill*         0x2000a8e4        0x4 
                0x2000a8e8                PROVIDE (end, .)
                [!provide]                PROVIDE (_end, .)
                0x2000aae8                . = (. + _Min_Heap_Size)
 *fill*         0x2000a8e8      0x200 
                0x2000aee8                . = (. + _Min_Stack_Size)
 *fill*         0x2000aae8      0x400 
                0x2000aee8                . = ALIGN (0x8)

/DISCARD/
 libc.a(*)
 libm.a(*)
 libgcc.a(*)

.ARM.attributes
                0x00000000       0x30
 *(.ARM.attributes)
 .ARM.attributes
                0x00000000       0x22 c:/program files (x86)/gnu tools arm embedded/7 2017-q4-major/bin/../lib/gcc/arm-none-eabi/7.2.1/thumb/v7e-m/fpv4-sp/hard/crti.o
 .ARM.attributes
                0x00000022       0x34 c:/program files (x86)/gnu tools arm embedded/7 2017-q4-major/bin/../lib/gcc/arm-none-eabi/7.2.1/thumb/v7e-m/fpv4-sp/hard/crtbegin.o
 .ARM.attributes
                0x00000056       0x39 build/stm32f4xx_hal_adc.o
 .ARM.attributes
                0x0000008f       0x39 build/stm32f4xx_hal_flash_ex.o
 .ARM.attributes
                0x000000c8       0x39 build/tim.o
 .ARM.attributes
                0x00000101       0x39 build/dma.o
 .ARM.attributes
                0x0000013a       0x39 build/adc.o
 .ARM.attributes
                0x00000173       0x39 build/stm32f4xx_hal_spi.o
 .ARM.attributes
                0x000001ac       0x39 build/stm32f4xx_hal_rcc.o
 .ARM.attributes
                0x000001e5       0x39 build/stm32f4xx_hal.o
 .ARM.attributes
                0x0000021e       0x39 build/usart.o
 .ARM.attributes
                0x00000257       0x39 build/stm32f4xx_hal_dma.o
 .ARM.attributes
                0x00000290       0x39 build/gpio.o
 .ARM.attributes
                0x000002c9       0x39 build/stm32f4xx_hal_cortex.o
 .ARM.attributes
                0x00000302       0x39 build/stm32f4xx_hal_flash.o
 .ARM.attributes
                0x0000033b       0x39 build/main.o
 .ARM.attributes
                0x00000374       0x39 build/stm32f4xx_hal_tim_ex.o
 .ARM.attributes
                0x000003ad       0x39 build/stm32f4xx_hal_uart.o
 .ARM.attributes
                0x000003e6       0x39 build/stm32f4xx_hal_tim.o
 .ARM.attributes
                0x0000041f       0x39 build/stm32f4xx_hal_msp.o
 .ARM.attributes
                0x00000458       0x39 build/stm32f4xx_hal_gpio.o
 .ARM.attributes
                0x00000491       0x39 build/spi.o
 .ARM.attributes
                0x000004ca       0x39 build/system_stm32f4xx.o
 .ARM.attributes
                0x00000503       0x39 build/stm32f4xx_it.o
 .ARM.attributes
                0x0000053c       0x39 build/syscalls.o
 .ARM.attributes
                0x00000575       0x39 build/mode.o
 .ARM.attributes
                0x000005ae       0x39 build/motion.o
 .ARM.attributes
                0x000005e7       0x39 build/control.o
 .ARM.attributes
                0x00000620       0x39 build/Map.o
 .ARM.attributes
                0x00000659       0x39 build/Maze.o
 .ARM.attributes
                0x00000692       0x39 build/flash.o
 .ARM.attributes
                0x000006cb       0x21 build/startup_stm32f405xx.o
 .ARM.attributes
                0x000006ec       0x34 c:/program files (x86)/gnu tools arm embedded/7 2017-q4-major/bin/../lib/gcc/arm-none-eabi/7.2.1/../../../../arm-none-eabi/lib/thumb/v7e-m/fpv4-sp/hard\libc_nano.a(lib_a-errno.o)
 .ARM.attributes
                0x00000720       0x34 c:/program files (x86)/gnu tools arm embedded/7 2017-q4-major/bin/../lib/gcc/arm-none-eabi/7.2.1/../../../../arm-none-eabi/lib/thumb/v7e-m/fpv4-sp/hard\libc_nano.a(lib_a-impure.o)
 .ARM.attributes
                0x00000754       0x34 c:/program files (x86)/gnu tools arm embedded/7 2017-q4-major/bin/../lib/gcc/arm-none-eabi/7.2.1/../../../../arm-none-eabi/lib/thumb/v7e-m/fpv4-sp/hard\libc_nano.a(lib_a-init.o)
 .ARM.attributes
                0x00000788       0x34 c:/program files (x86)/gnu tools arm embedded/7 2017-q4-major/bin/../lib/gcc/arm-none-eabi/7.2.1/../../../../arm-none-eabi/lib/thumb/v7e-m/fpv4-sp/hard\libc_nano.a(lib_a-memcpy-stub.o)
 .ARM.attributes
                0x000007bc       0x34 c:/program files (x86)/gnu tools arm embedded/7 2017-q4-major/bin/../lib/gcc/arm-none-eabi/7.2.1/../../../../arm-none-eabi/lib/thumb/v7e-m/fpv4-sp/hard\libc_nano.a(lib_a-memset.o)
 .ARM.attributes
                0x000007f0       0x34 c:/program files (x86)/gnu tools arm embedded/7 2017-q4-major/bin/../lib/gcc/arm-none-eabi/7.2.1/../../../../arm-none-eabi/lib/thumb/v7e-m/fpv4-sp/hard\libc_nano.a(lib_a-nano-vfprintf_float.o)
 .ARM.attributes
                0x00000824       0x34 c:/program files (x86)/gnu tools arm embedded/7 2017-q4-major/bin/../lib/gcc/arm-none-eabi/7.2.1/../../../../arm-none-eabi/lib/thumb/v7e-m/fpv4-sp/hard\libc_nano.a(lib_a-nano-vfprintf_i.o)
 .ARM.attributes
                0x00000858       0x34 c:/program files (x86)/gnu tools arm embedded/7 2017-q4-major/bin/../lib/gcc/arm-none-eabi/7.2.1/../../../../arm-none-eabi/lib/thumb/v7e-m/fpv4-sp/hard\libc_nano.a(lib_a-printf.o)
 .ARM.attributes
                0x0000088c       0x34 c:/program files (x86)/gnu tools arm embedded/7 2017-q4-major/bin/../lib/gcc/arm-none-eabi/7.2.1/../../../../arm-none-eabi/lib/thumb/v7e-m/fpv4-sp/hard\libc_nano.a(lib_a-putchar.o)
 .ARM.attributes
                0x000008c0       0x34 c:/program files (x86)/gnu tools arm embedded/7 2017-q4-major/bin/../lib/gcc/arm-none-eabi/7.2.1/../../../../arm-none-eabi/lib/thumb/v7e-m/fpv4-sp/hard\libc_nano.a(lib_a-puts.o)
 .ARM.attributes
                0x000008f4       0x34 c:/program files (x86)/gnu tools arm embedded/7 2017-q4-major/bin/../lib/gcc/arm-none-eabi/7.2.1/../../../../arm-none-eabi/lib/thumb/v7e-m/fpv4-sp/hard\libc_nano.a(lib_a-setbuf.o)
 .ARM.attributes
                0x00000928       0x34 c:/program files (x86)/gnu tools arm embedded/7 2017-q4-major/bin/../lib/gcc/arm-none-eabi/7.2.1/../../../../arm-none-eabi/lib/thumb/v7e-m/fpv4-sp/hard\libc_nano.a(lib_a-setvbuf.o)
 .ARM.attributes
                0x0000095c       0x1b c:/program files (x86)/gnu tools arm embedded/7 2017-q4-major/bin/../lib/gcc/arm-none-eabi/7.2.1/../../../../arm-none-eabi/lib/thumb/v7e-m/fpv4-sp/hard\libc_nano.a(lib_a-strlen.o)
 .ARM.attributes
                0x00000977       0x34 c:/program files (x86)/gnu tools arm embedded/7 2017-q4-major/bin/../lib/gcc/arm-none-eabi/7.2.1/../../../../arm-none-eabi/lib/thumb/v7e-m/fpv4-sp/hard\libc_nano.a(lib_a-wbuf.o)
 .ARM.attributes
                0x000009ab       0x34 c:/program files (x86)/gnu tools arm embedded/7 2017-q4-major/bin/../lib/gcc/arm-none-eabi/7.2.1/../../../../arm-none-eabi/lib/thumb/v7e-m/fpv4-sp/hard\libc_nano.a(lib_a-wsetup.o)
 .ARM.attributes
                0x000009df       0x34 c:/program files (x86)/gnu tools arm embedded/7 2017-q4-major/bin/../lib/gcc/arm-none-eabi/7.2.1/../../../../arm-none-eabi/lib/thumb/v7e-m/fpv4-sp/hard\libc_nano.a(lib_a-dtoa.o)
 .ARM.attributes
                0x00000a13       0x34 c:/program files (x86)/gnu tools arm embedded/7 2017-q4-major/bin/../lib/gcc/arm-none-eabi/7.2.1/../../../../arm-none-eabi/lib/thumb/v7e-m/fpv4-sp/hard\libc_nano.a(lib_a-fflush.o)
 .ARM.attributes
                0x00000a47       0x34 c:/program files (x86)/gnu tools arm embedded/7 2017-q4-major/bin/../lib/gcc/arm-none-eabi/7.2.1/../../../../arm-none-eabi/lib/thumb/v7e-m/fpv4-sp/hard\libc_nano.a(lib_a-findfp.o)
 .ARM.attributes
                0x00000a7b       0x34 c:/program files (x86)/gnu tools arm embedded/7 2017-q4-major/bin/../lib/gcc/arm-none-eabi/7.2.1/../../../../arm-none-eabi/lib/thumb/v7e-m/fpv4-sp/hard\libc_nano.a(lib_a-fwalk.o)
 .ARM.attributes
                0x00000aaf       0x34 c:/program files (x86)/gnu tools arm embedded/7 2017-q4-major/bin/../lib/gcc/arm-none-eabi/7.2.1/../../../../arm-none-eabi/lib/thumb/v7e-m/fpv4-sp/hard\libc_nano.a(lib_a-localeconv.o)
 .ARM.attributes
                0x00000ae3       0x34 c:/program files (x86)/gnu tools arm embedded/7 2017-q4-major/bin/../lib/gcc/arm-none-eabi/7.2.1/../../../../arm-none-eabi/lib/thumb/v7e-m/fpv4-sp/hard\libc_nano.a(lib_a-makebuf.o)
 .ARM.attributes
                0x00000b17       0x34 c:/program files (x86)/gnu tools arm embedded/7 2017-q4-major/bin/../lib/gcc/arm-none-eabi/7.2.1/../../../../arm-none-eabi/lib/thumb/v7e-m/fpv4-sp/hard\libc_nano.a(lib_a-malloc.o)
 .ARM.attributes
                0x00000b4b       0x20 c:/program files (x86)/gnu tools arm embedded/7 2017-q4-major/bin/../lib/gcc/arm-none-eabi/7.2.1/../../../../arm-none-eabi/lib/thumb/v7e-m/fpv4-sp/hard\libc_nano.a(lib_a-memchr.o)
 .ARM.attributes
                0x00000b6b       0x34 c:/program files (x86)/gnu tools arm embedded/7 2017-q4-major/bin/../lib/gcc/arm-none-eabi/7.2.1/../../../../arm-none-eabi/lib/thumb/v7e-m/fpv4-sp/hard\libc_nano.a(lib_a-mprec.o)
 .ARM.attributes
                0x00000b9f       0x34 c:/program files (x86)/gnu tools arm embedded/7 2017-q4-major/bin/../lib/gcc/arm-none-eabi/7.2.1/../../../../arm-none-eabi/lib/thumb/v7e-m/fpv4-sp/hard\libc_nano.a(lib_a-nano-callocr.o)
 .ARM.attributes
                0x00000bd3       0x34 c:/program files (x86)/gnu tools arm embedded/7 2017-q4-major/bin/../lib/gcc/arm-none-eabi/7.2.1/../../../../arm-none-eabi/lib/thumb/v7e-m/fpv4-sp/hard\libc_nano.a(lib_a-nano-freer.o)
 .ARM.attributes
                0x00000c07       0x34 c:/program files (x86)/gnu tools arm embedded/7 2017-q4-major/bin/../lib/gcc/arm-none-eabi/7.2.1/../../../../arm-none-eabi/lib/thumb/v7e-m/fpv4-sp/hard\libc_nano.a(lib_a-nano-mallocr.o)
 .ARM.attributes
                0x00000c3b       0x34 c:/program files (x86)/gnu tools arm embedded/7 2017-q4-major/bin/../lib/gcc/arm-none-eabi/7.2.1/../../../../arm-none-eabi/lib/thumb/v7e-m/fpv4-sp/hard\libc_nano.a(lib_a-nano-vfprintf.o)
 .ARM.attributes
                0x00000c6f       0x34 c:/program files (x86)/gnu tools arm embedded/7 2017-q4-major/bin/../lib/gcc/arm-none-eabi/7.2.1/../../../../arm-none-eabi/lib/thumb/v7e-m/fpv4-sp/hard\libc_nano.a(lib_a-putc.o)
 .ARM.attributes