Archive member included to satisfy reference by file (symbol)

c:/program files (x86)/gnu tools arm embedded/7 2017-q4-major/bin/../lib/gcc/arm-none-eabi/7.2.1/../../../../arm-none-eabi/lib/thumb/v7e-m/fpv4-sp/hard\libc_nano.a(lib_a-errno.o)
                              build/syscalls.o (__errno)
c:/program files (x86)/gnu tools arm embedded/7 2017-q4-major/bin/../lib/gcc/arm-none-eabi/7.2.1/../../../../arm-none-eabi/lib/thumb/v7e-m/fpv4-sp/hard\libc_nano.a(lib_a-exit.o)
                              c:/program files (x86)/gnu tools arm embedded/7 2017-q4-major/bin/../lib/gcc/arm-none-eabi/7.2.1/../../../../arm-none-eabi/lib/thumb/v7e-m/fpv4-sp/hard/crt0.o (exit)
c:/program files (x86)/gnu tools arm embedded/7 2017-q4-major/bin/../lib/gcc/arm-none-eabi/7.2.1/../../../../arm-none-eabi/lib/thumb/v7e-m/fpv4-sp/hard\libc_nano.a(lib_a-impure.o)
                              c:/program files (x86)/gnu tools arm embedded/7 2017-q4-major/bin/../lib/gcc/arm-none-eabi/7.2.1/../../../../arm-none-eabi/lib/thumb/v7e-m/fpv4-sp/hard\libc_nano.a(lib_a-exit.o) (_global_impure_ptr)
c:/program files (x86)/gnu tools arm embedded/7 2017-q4-major/bin/../lib/gcc/arm-none-eabi/7.2.1/../../../../arm-none-eabi/lib/thumb/v7e-m/fpv4-sp/hard\libc_nano.a(lib_a-init.o)
                              c:/program files (x86)/gnu tools arm embedded/7 2017-q4-major/bin/../lib/gcc/arm-none-eabi/7.2.1/../../../../arm-none-eabi/lib/thumb/v7e-m/fpv4-sp/hard/crt0.o (__libc_init_array)
c:/program files (x86)/gnu tools arm embedded/7 2017-q4-major/bin/../lib/gcc/arm-none-eabi/7.2.1/../../../../arm-none-eabi/lib/thumb/v7e-m/fpv4-sp/hard\libc_nano.a(lib_a-memcpy-stub.o)
                              build/flash.o (memcpy)
c:/program files (x86)/gnu tools arm embedded/7 2017-q4-major/bin/../lib/gcc/arm-none-eabi/7.2.1/../../../../arm-none-eabi/lib/thumb/v7e-m/fpv4-sp/hard\libc_nano.a(lib_a-memset.o)
                              c:/program files (x86)/gnu tools arm embedded/7 2017-q4-major/bin/../lib/gcc/arm-none-eabi/7.2.1/../../../../arm-none-eabi/lib/thumb/v7e-m/fpv4-sp/hard/crt0.o (memset)
c:/program files (x86)/gnu tools arm embedded/7 2017-q4-major/bin/../lib/gcc/arm-none-eabi/7.2.1/../../../../arm-none-eabi/lib/thumb/v7e-m/fpv4-sp/hard\libc_nano.a(lib_a-nano-vfprintf_float.o)
                              (_printf_float)
c:/program files (x86)/gnu tools arm embedded/7 2017-q4-major/bin/../lib/gcc/arm-none-eabi/7.2.1/../../../../arm-none-eabi/lib/thumb/v7e-m/fpv4-sp/hard\libc_nano.a(lib_a-nano-vfprintf_i.o)
                              c:/program files (x86)/gnu tools arm embedded/7 2017-q4-major/bin/../lib/gcc/arm-none-eabi/7.2.1/../../../../arm-none-eabi/lib/thumb/v7e-m/fpv4-sp/hard\libc_nano.a(lib_a-nano-vfprintf_float.o) (_printf_common)
c:/program files (x86)/gnu tools arm embedded/7 2017-q4-major/bin/../lib/gcc/arm-none-eabi/7.2.1/../../../../arm-none-eabi/lib/thumb/v7e-m/fpv4-sp/hard\libc_nano.a(lib_a-printf.o)
                              build/main.o (printf)
c:/program files (x86)/gnu tools arm embedded/7 2017-q4-major/bin/../lib/gcc/arm-none-eabi/7.2.1/../../../../arm-none-eabi/lib/thumb/v7e-m/fpv4-sp/hard\libc_nano.a(lib_a-putchar.o)
                              build/mode.o (putchar)
c:/program files (x86)/gnu tools arm embedded/7 2017-q4-major/bin/../lib/gcc/arm-none-eabi/7.2.1/../../../../arm-none-eabi/lib/thumb/v7e-m/fpv4-sp/hard\libc_nano.a(lib_a-puts.o)
                              build/mode.o (puts)
c:/program files (x86)/gnu tools arm embedded/7 2017-q4-major/bin/../lib/gcc/arm-none-eabi/7.2.1/../../../../arm-none-eabi/lib/thumb/v7e-m/fpv4-sp/hard\libc_nano.a(lib_a-setbuf.o)
                              build/main.o (setbuf)
c:/program files (x86)/gnu tools arm embedded/7 2017-q4-major/bin/../lib/gcc/arm-none-eabi/7.2.1/../../../../arm-none-eabi/lib/thumb/v7e-m/fpv4-sp/hard\libc_nano.a(lib_a-setvbuf.o)
                              c:/program files (x86)/gnu tools arm embedded/7 2017-q4-major/bin/../lib/gcc/arm-none-eabi/7.2.1/../../../../arm-none-eabi/lib/thumb/v7e-m/fpv4-sp/hard\libc_nano.a(lib_a-setbuf.o) (setvbuf)
c:/program files (x86)/gnu tools arm embedded/7 2017-q4-major/bin/../lib/gcc/arm-none-eabi/7.2.1/../../../../arm-none-eabi/lib/thumb/v7e-m/fpv4-sp/hard\libc_nano.a(lib_a-strlen.o)
                              c:/program files (x86)/gnu tools arm embedded/7 2017-q4-major/bin/../lib/gcc/arm-none-eabi/7.2.1/../../../../arm-none-eabi/lib/thumb/v7e-m/fpv4-sp/hard\libc_nano.a(lib_a-nano-vfprintf_float.o) (strlen)
c:/program files (x86)/gnu tools arm embedded/7 2017-q4-major/bin/../lib/gcc/arm-none-eabi/7.2.1/../../../../arm-none-eabi/lib/thumb/v7e-m/fpv4-sp/hard\libc_nano.a(lib_a-wbuf.o)
                              c:/program files (x86)/gnu tools arm embedded/7 2017-q4-major/bin/../lib/gcc/arm-none-eabi/7.2.1/../../../../arm-none-eabi/lib/thumb/v7e-m/fpv4-sp/hard\libc_nano.a(lib_a-puts.o) (__swbuf_r)
[...]
Memory Configuration

Name             Origin             Length             Attributes
RAM              0x20000000         0x00020000         xrw
CCMRAM           0x10000000         0x00010000         rw
FLASH            0x08000000         0x000e0000         xr
DATA             0x080e0000         0x00020000         xr
*default*        0x00000000         0xffffffff

Linker script and memory map

LOAD c:/program files (x86)/gnu tools arm embedded/7 2017-q4-major/bin/../lib/gcc/arm-none-eabi/7.2.1/thumb/v7e-m/fpv4-sp/hard/crti.o
LOAD c:/program files (x86)/gnu tools arm embedded/7 2017-q4-major/bin/../lib/gcc/arm-none-eabi/7.2.1/thumb/v7e-m/fpv4-sp/hard/crtbegin.o
LOAD c:/program files (x86)/gnu tools arm embedded/7 2017-q4-major/bin/../lib/gcc/arm-none-eabi/7.2.1/../../../../arm-none-eabi/lib/thumb/v7e-m/fpv4-sp/hard/crt0.o
LOAD build/stm32f4xx_hal_adc.o
LOAD build/stm32f4xx_hal_dma_ex.o
LOAD build/stm32f4xx_hal_flash_ex.o
LOAD build/stm32f4xx_hal_pwr.o
LOAD build/stm32f4xx_hal_rcc_ex.o
LOAD build/tim.o
LOAD build/stm32f4xx_hal_pwr_ex.o
LOAD build/dma.o
LOAD build/stm32f4xx_hal_adc_ex.o
LOAD build/adc.o
LOAD build/stm32f4xx_hal_spi.o
LOAD build/stm32f4xx_hal_rcc.o
LOAD build/stm32f4xx_hal.o
LOAD build/usart.o
LOAD build/stm32f4xx_hal_dma.o
LOAD build/gpio.o
LOAD build/stm32f4xx_hal_cortex.o
LOAD build/stm32f4xx_hal_flash.o
LOAD build/main.o
LOAD build/stm32f4xx_hal_tim_ex.o
LOAD build/stm32f4xx_hal_uart.o
LOAD build/stm32f4xx_hal_flash_ramfunc.o
LOAD build/stm32f4xx_hal_tim.o
LOAD build/stm32f4xx_hal_msp.o
LOAD build/stm32f4xx_hal_gpio.o
LOAD build/spi.o
LOAD build/system_stm32f4xx.o
LOAD build/stm32f4xx_it.o
LOAD build/syscalls.o
LOAD build/mode.o
LOAD build/motion.o
LOAD build/control.o
LOAD build/Map.o
LOAD build/Maze.o
LOAD build/flash.o
LOAD build/startup_stm32f405xx.o
LOAD c:/program files (x86)/gnu tools arm embedded/7 2017-q4-major/bin/../lib/gcc/arm-none-eabi/7.2.1/../../../../arm-none-eabi/lib/thumb/v7e-m/fpv4-sp/hard\libc_nano.a
LOAD c:/program files (x86)/gnu tools arm embedded/7 2017-q4-major/bin/../lib/gcc/arm-none-eabi/7.2.1/../../../../arm-none-eabi/lib/thumb/v7e-m/fpv4-sp/hard\libm.a
LOAD c:/program files (x86)/gnu tools arm embedded/7 2017-q4-major/bin/../lib/gcc/arm-none-eabi/7.2.1/../../../../arm-none-eabi/lib/thumb/v7e-m/fpv4-sp/hard\libnosys.a
LOAD Drivers/CMSIS/Lib/GCC/\libarm_cortexM4lf_math.a
START GROUP
LOAD c:/program files (x86)/gnu tools arm embedded/7 2017-q4-major/bin/../lib/gcc/arm-none-eabi/7.2.1/thumb/v7e-m/fpv4-sp/hard\libgcc.a
LOAD c:/program files (x86)/gnu tools arm embedded/7 2017-q4-major/bin/../lib/gcc/arm-none-eabi/7.2.1/../../../../arm-none-eabi/lib/thumb/v7e-m/fpv4-sp/hard\libc_nano.a
END GROUP
START GROUP
LOAD c:/program files (x86)/gnu tools arm embedded/7 2017-q4-major/bin/../lib/gcc/arm-none-eabi/7.2.1/thumb/v7e-m/fpv4-sp/hard\libgcc.a
LOAD c:/program files (x86)/gnu tools arm embedded/7 2017-q4-major/bin/../lib/gcc/arm-none-eabi/7.2.1/../../../../arm-none-eabi/lib/thumb/v7e-m/fpv4-sp/hard\libc_nano.a
END GROUP
LOAD c:/program files (x86)/gnu tools arm embedded/7 2017-q4-major/bin/../lib/gcc/arm-none-eabi/7.2.1/thumb/v7e-m/fpv4-sp/hard/crtend.o
LOAD c:/program files (x86)/gnu tools arm embedded/7 2017-q4-major/bin/../lib/gcc/arm-none-eabi/7.2.1/thumb/v7e-m/fpv4-sp/hard/crtn.o
                0x20020000                _estack = 0x20020000
                0x00000200                _Min_Heap_Size = 0x200
                0x00000400                _Min_Stack_Size = 0x400

.isr_vector     0x08000000      0x188
                0x08000000                . = ALIGN (0x4)
 *(.isr_vector)
 .isr_vector    0x08000000      0x188 build/startup_stm32f405xx.o
                0x08000000                g_pfnVectors
                0x08000188                . = ALIGN (0x4)

.text           0x08000190     0xc8d0
                0x08000190                . = ALIGN (0x4)
 *(.text)
 .text          0x08000190       0x40 c:/program files (x86)/gnu tools arm embedded/7 2017-q4-major/bin/../lib/gcc/arm-none-eabi/7.2.1/thumb/v7e-m/fpv4-sp/hard/crtbegin.o
 .text          0x080001d0       0x10 c:/program files (x86)/gnu tools arm embedded/7 2017-q4-major/bin/../lib/gcc/arm-none-eabi/7.2.1/../../../../arm-none-eabi/lib/thumb/v7e-m/fpv4-sp/hard\libc_nano.a(lib_a-strlen.o)
                0x080001d0                strlen
 .text          0x080001e0       0xa0 c:/program files (x86)/gnu tools arm embedded/7 2017-q4-major/bin/../lib/gcc/arm-none-eabi/7.2.1/../../../../arm-none-eabi/lib/thumb/v7e-m/fpv4-sp/hard\libc_nano.a(lib_a-memchr.o)
                0x080001e0                memchr
 .text          0x08000280      0x378 c:/program files (x86)/gnu tools arm embedded/7 2017-q4-major/bin/../lib/gcc/arm-none-eabi/7.2.1/thumb/v7e-m/fpv4-sp/hard\libgcc.a(_arm_addsubdf3.o)
                0x08000280                __aeabi_drsub
                0x08000288                __aeabi_dsub
                0x08000288                __subdf3
                0x0800028c                __aeabi_dadd
                0x0800028c                __adddf3
                0x08000504                __floatunsidf
                0x08000504                __aeabi_ui2d
                0x08000524                __floatsidf
                0x08000524                __aeabi_i2d
                0x08000548                __aeabi_f2d
                0x08000548                __extendsfdf2
                0x0800058c                __floatundidf
                0x0800058c                __aeabi_ul2d
                0x0800059c                __floatdidf
                0x0800059c                __aeabi_l2d
 .text          0x080005f8      0x424 c:/program files (x86)/gnu tools arm embedded/7 2017-q4-major/bin/../lib/gcc/arm-none-eabi/7.2.1/thumb/v7e-m/fpv4-sp/hard\libgcc.a(_arm_muldivdf3.o)
                0x080005f8                __aeabi_dmul
                0x080005f8                __muldf3
                0x0800084c                __divdf3
                0x0800084c                __aeabi_ddiv
 .text          0x08000a1c      0x110 c:/program files (x86)/gnu tools arm embedded/7 2017-q4-major/bin/../lib/gcc/arm-none-eabi/7.2.1/thumb/v7e-m/fpv4-sp/hard\libgcc.a(_arm_cmpdf2.o)
                0x08000a1c                __gtdf2
                0x08000a1c                __gedf2
                0x08000a24                __ltdf2
                0x08000a24                __ledf2
                0x08000a2c                __nedf2
                0x08000a2c                __eqdf2
                0x08000a2c                __cmpdf2
                0x08000aa8                __aeabi_cdrcmple
                0x08000ab8                __aeabi_cdcmpeq
                0x08000ab8                __aeabi_cdcmple
                0x08000ac8                __aeabi_dcmpeq
                0x08000adc                __aeabi_dcmplt
                0x08000af0                __aeabi_dcmple
                0x08000b04                __aeabi_dcmpge
                0x08000b18                __aeabi_dcmpgt
 .text          0x08000b2c       0x2c c:/program files (x86)/gnu tools arm embedded/7 2017-q4-major/bin/../lib/gcc/arm-none-eabi/7.2.1/thumb/v7e-m/fpv4-sp/hard\libgcc.a(_arm_unorddf2.o)
                0x08000b2c                __unorddf2
                0x08000b2c                __aeabi_dcmpun
 .text          0x08000b58       0x50 c:/program files (x86)/gnu tools arm embedded/7 2017-q4-major/bin/../lib/gcc/arm-none-eabi/7.2.1/thumb/v7e-m/fpv4-sp/hard\libgcc.a(_arm_fixdfsi.o)
                0x08000b58                __aeabi_d2iz
                0x08000b58                __fixdfsi
 .text          0x08000ba8       0xa0 c:/program files (x86)/gnu tools arm embedded/7 2017-q4-major/bin/../lib/gcc/arm-none-eabi/7.2.1/thumb/v7e-m/fpv4-sp/hard\libgcc.a(_arm_truncdfsf2.o)
                0x08000ba8                __truncdfsf2
                0x08000ba8                __aeabi_d2f
 .text          0x08000c48       0x30 c:/program files (x86)/gnu tools arm embedded/7 2017-q4-major/bin/../lib/gcc/arm-none-eabi/7.2.1/thumb/v7e-m/fpv4-sp/hard\libgcc.a(_aeabi_uldivmod.o)
                0x08000c48                __aeabi_uldivmod
 .text          0x08000c78      0x2cc c:/program files (x86)/gnu tools arm embedded/7 2017-q4-major/bin/../lib/gcc/arm-none-eabi/7.2.1/thumb/v7e-m/fpv4-sp/hard\libgcc.a(_udivmoddi4.o)
                0x08000c78                __udivmoddi4
 .text          0x08000f44        0x4 c:/program files (x86)/gnu tools arm embedded/7 2017-q4-major/bin/../lib/gcc/arm-none-eabi/7.2.1/thumb/v7e-m/fpv4-sp/hard\libgcc.a(_dvmd_tls.o)
                0x08000f44                __aeabi_idiv0
                0x08000f44                __aeabi_ldiv0
 *(.text*)
 .text.ADC_Init
                0x08000f48      0x130 build/stm32f4xx_hal_adc.o
 .text.HAL_ADC_Init
                0x08001078       0x54 build/stm32f4xx_hal_adc.o
                0x08001078                HAL_ADC_Init
 .text.HAL_ADC_Start
                0x080010cc       0xf8 build/stm32f4xx_hal_adc.o
                0x080010cc                HAL_ADC_Start
 .text.HAL_ADC_Stop
                0x080011c4       0x40 build/stm32f4xx_hal_adc.o
                0x080011c4                HAL_ADC_Stop
 .text.HAL_ADC_PollForConversion
                0x08001204       0xb6 build/stm32f4xx_hal_adc.o
                0x08001204                HAL_ADC_PollForConversion
 *fill*         0x080012ba        0x2 
 .text.HAL_ADC_Start_DMA
                0x080012bc      0x144 build/stm32f4xx_hal_adc.o
                0x080012bc                HAL_ADC_Start_DMA
 .text.HAL_ADC_Stop_DMA
                0x08001400       0x5e build/stm32f4xx_hal_adc.o
                0x08001400                HAL_ADC_Stop_DMA
 .text.HAL_ADC_GetValue
                0x0800145e        0x6 build/stm32f4xx_hal_adc.o
                0x0800145e                HAL_ADC_GetValue
 .text.HAL_ADC_ConvCpltCallback
                0x08001464        0x2 build/stm32f4xx_hal_adc.o
                0x08001464                HAL_ADC_ConvCpltCallback
 .text.ADC_DMAConvCplt
                0x08001466       0x62 build/stm32f4xx_hal_adc.o
 .text.ADC_DMAHalfConvCplt
                0x080014c8        0xa build/stm32f4xx_hal_adc.o
 .text.HAL_ADC_ErrorCallback
                0x080014d2        0x2 build/stm32f4xx_hal_adc.o
                0x080014d2                HAL_ADC_ErrorCallback
 .text.ADC_DMAError
                0x080014d4       0x16 build/stm32f4xx_hal_adc.o
 *fill*         0x080014ea        0x2 
 .text.HAL_ADC_ConfigChannel
                0x080014ec      0x190 build/stm32f4xx_hal_adc.o
                0x080014ec                HAL_ADC_ConfigChannel
 .text.FLASH_MassErase
                0x0800167c       0x24 build/stm32f4xx_hal_flash_ex.o
 .text.FLASH_Erase_Sector
                0x080016a0       0x58 build/stm32f4xx_hal_flash_ex.o
                0x080016a0                FLASH_Erase_Sector
 .text.FLASH_FlushCaches
                0x080016f8       0x60 build/stm32f4xx_hal_flash_ex.o
                0x080016f8                FLASH_FlushCaches
 .text.HAL_FLASHEx_Erase
                0x08001758       0x94 build/stm32f4xx_hal_flash_ex.o
                0x08001758                HAL_FLASHEx_Erase
 .text.MX_TIM1_Init
                0x080017ec       0x6c build/tim.o
                0x080017ec                MX_TIM1_Init
 .text.MX_TIM8_Init
                0x08001858       0x6c build/tim.o
                0x08001858                MX_TIM8_Init
 .text.HAL_TIM_Encoder_MspInit
                0x080018c4       0x94 build/tim.o
                0x080018c4                HAL_TIM_Encoder_MspInit
 .text.HAL_TIM_PWM_MspInit
                0x08001958       0x50 build/tim.o
                0x08001958                HAL_TIM_PWM_MspInit
 .text.HAL_TIM_MspPostInit
                0x080019a8       0x70 build/tim.o
                0x080019a8                HAL_TIM_MspPostInit
 .text.MX_TIM2_Init
                0x08001a18       0x90 build/tim.o
                0x08001a18                MX_TIM2_Init
 .text.MX_TIM3_Init
                0x08001aa8       0x90 build/tim.o
                0x08001aa8                MX_TIM3_Init
 .text.Tim_BuzzerPwm
                0x08001b38       0x80 build/tim.o
                0x08001b38                Tim_BuzzerPwm
 .text.Tim_MotorPwm
                0x08001bb8      0x1d0 build/tim.o
                0x08001bb8                Tim_MotorPwm
 .text.Tim_MotorBrake
                0x08001d88       0x40 build/tim.o
                0x08001d88                Tim_MotorBrake
 .text.Tim_UpdateEncoder
                0x08001dc8       0x88 build/tim.o
                0x08001dc8                Tim_UpdateEncoder
 .text.MX_DMA_Init
                0x08001e50       0x34 build/dma.o
                0x08001e50                MX_DMA_Init
 .text.MX_ADC1_Init
                0x08001e84       0x6c build/adc.o
                0x08001e84                MX_ADC1_Init
 .text.MX_ADC2_Init
                0x08001ef0       0xc8 build/adc.o
                0x08001ef0                MX_ADC2_Init
 .text.HAL_ADC_MspInit
                0x08001fb8       0xe0 build/adc.o
                0x08001fb8                HAL_ADC_MspInit
 .text.Adc_SetSensorValue
                0x08002098       0x38 build/adc.o
                0x08002098                Adc_SetSensorValue
 .text.update_sensor_data
                0x080020d0       0x80 build/adc.o
                0x080020d0                update_sensor_data
 .text.Adc_IrSensorStart
                0x08002150       0x20 build/adc.o
                0x08002150                Adc_IrSensorStart
 .text.Adc_IrSensorFinish
                0x08002170       0x28 build/adc.o
                0x08002170                Adc_IrSensorFinish
 .text.Adc_CheckConvert
                0x08002198       0xa0 build/adc.o
                0x08002198                Adc_CheckConvert
 .text.Adc_GetSensor
                0x08002238      0x154 build/adc.o
                0x08002238                Adc_GetSensor
 .text.Adc_GetBatt
                0x0800238c       0xd8 build/adc.o
                0x0800238c                Adc_GetBatt
 .text.SPI_WaitFlagStateUntilTimeout
                0x08002464       0x96 build/stm32f4xx_hal_spi.o
 .text.SPI_CheckFlag_BSY
                0x080024fa       0x28 build/stm32f4xx_hal_spi.o
 .text.HAL_SPI_Init
                0x08002522       0x80 build/stm32f4xx_hal_spi.o
                0x08002522                HAL_SPI_Init
 .text.HAL_SPI_Transmit
                0x080025a2      0x1a6 build/stm32f4xx_hal_spi.o
                0x080025a2                HAL_SPI_Transmit
 .text.HAL_SPI_TransmitReceive
                0x08002748      0x238 build/stm32f4xx_hal_spi.o
                0x08002748                HAL_SPI_TransmitReceive
 .text.HAL_SPI_Receive
                0x08002980      0x168 build/stm32f4xx_hal_spi.o
                0x08002980                HAL_SPI_Receive
 .text.HAL_RCC_OscConfig
                0x08002ae8      0x398 build/stm32f4xx_hal_rcc.o
                0x08002ae8                HAL_RCC_OscConfig
 .text.HAL_RCC_GetSysClockFreq
                0x08002e80       0xa8 build/stm32f4xx_hal_rcc.o
                0x08002e80                HAL_RCC_GetSysClockFreq
 .text.HAL_RCC_ClockConfig
                0x08002f28      0x158 build/stm32f4xx_hal_rcc.o
                0x08002f28                HAL_RCC_ClockConfig
 .text.HAL_RCC_GetHCLKFreq
                0x08003080        0xc build/stm32f4xx_hal_rcc.o
                0x08003080                HAL_RCC_GetHCLKFreq
 .text.HAL_RCC_GetPCLK1Freq
                0x0800308c       0x20 build/stm32f4xx_hal_rcc.o
                0x0800308c                HAL_RCC_GetPCLK1Freq
 .text.HAL_RCC_GetPCLK2Freq
                0x080030ac       0x20 build/stm32f4xx_hal_rcc.o
                0x080030ac                HAL_RCC_GetPCLK2Freq
 .text.HAL_InitTick
                0x080030cc       0x4c build/stm32f4xx_hal.o
                0x080030cc                HAL_InitTick
 .text.HAL_Init
                0x08003118       0x34 build/stm32f4xx_hal.o
                0x08003118                HAL_Init
 .text.HAL_IncTick
                0x0800314c       0x18 build/stm32f4xx_hal.o
                0x0800314c                HAL_IncTick
 .text.HAL_GetTick
                0x08003164        0xc build/stm32f4xx_hal.o
                0x08003164                HAL_GetTick
 .text.HAL_Delay
                0x08003170       0x28 build/stm32f4xx_hal.o
                0x08003170                HAL_Delay
 .text.MX_USART3_UART_Init
                0x08003198       0x3c build/usart.o
                0x08003198                MX_USART3_UART_Init
 .text.HAL_UART_MspInit
                0x080031d4       0x58 build/usart.o
                0x080031d4                HAL_UART_MspInit
 .text.DMA_SetConfig
                0x0800322c       0x2c build/stm32f4xx_hal_dma.o
 .text.DMA_CalcBaseAndBitshift
                0x08003258       0x3c build/stm32f4xx_hal_dma.o
 .text.DMA_CheckFifoParam
                0x08003294       0x8e build/stm32f4xx_hal_dma.o
 *fill*         0x08003322        0x2 
 .text.HAL_DMA_Init
                0x08003324       0xcc build/stm32f4xx_hal_dma.o
                0x08003324                HAL_DMA_Init
 .text.HAL_DMA_Start_IT
                0x080033f0       0x74 build/stm32f4xx_hal_dma.o
                0x080033f0                HAL_DMA_Start_IT
 .text.HAL_DMA_Abort
                0x08003464       0x94 build/stm32f4xx_hal_dma.o
                0x08003464                HAL_DMA_Abort
 .text.HAL_DMA_IRQHandler
                0x080034f8      0x1dc build/stm32f4xx_hal_dma.o
                0x080034f8                HAL_DMA_IRQHandler
 .text.MX_GPIO_Init
                0x080036d4       0xd8 build/gpio.o
                0x080036d4                MX_GPIO_Init
 .text.Gpio_FullColor
                0x080037ac       0x3c build/gpio.o
                0x080037ac                Gpio_FullColor
 .text.Gpio_SideLed
                0x080037e8       0x2c build/gpio.o
                0x080037e8                Gpio_SideLed
 .text.HAL_NVIC_SetPriorityGrouping
                0x08003814       0x24 build/stm32f4xx_hal_cortex.o
                0x08003814                HAL_NVIC_SetPriorityGrouping
 .text.HAL_NVIC_SetPriority
                0x08003838       0x68 build/stm32f4xx_hal_cortex.o
                0x08003838                HAL_NVIC_SetPriority
 .text.HAL_NVIC_EnableIRQ
                0x080038a0       0x18 build/stm32f4xx_hal_cortex.o
                0x080038a0                HAL_NVIC_EnableIRQ
 .text.HAL_SYSTICK_Config
                0x080038b8       0x2c build/stm32f4xx_hal_cortex.o
                0x080038b8                HAL_SYSTICK_Config
 .text.HAL_SYSTICK_CLKSourceConfig
                0x080038e4       0x20 build/stm32f4xx_hal_cortex.o
                0x080038e4                HAL_SYSTICK_CLKSourceConfig
 .text.HAL_SYSTICK_Callback
                0x08003904        0x2 build/stm32f4xx_hal_cortex.o
                0x08003904                HAL_SYSTICK_Callback
 .text.HAL_SYSTICK_IRQHandler
                0x08003906        0x8 build/stm32f4xx_hal_cortex.o
                0x08003906                HAL_SYSTICK_IRQHandler
 *fill*         0x0800390e        0x2 
 .text.FLASH_Program_DoubleWord
                0x08003910       0x2c build/stm32f4xx_hal_flash.o
 .text.FLASH_Program_Word
                0x0800393c       0x24 build/stm32f4xx_hal_flash.o
 .text.FLASH_Program_HalfWord
                0x08003960       0x24 build/stm32f4xx_hal_flash.o
 .text.FLASH_Program_Byte
                0x08003984       0x20 build/stm32f4xx_hal_flash.o
 .text.FLASH_SetErrorCode
                0x080039a4       0x8c build/stm32f4xx_hal_flash.o
 .text.HAL_FLASH_Unlock
                0x08003a30       0x30 build/stm32f4xx_hal_flash.o
                0x08003a30                HAL_FLASH_Unlock
 .text.HAL_FLASH_Lock
                0x08003a60       0x14 build/stm32f4xx_hal_flash.o
                0x08003a60                HAL_FLASH_Lock
 .text.FLASH_WaitForLastOperation
                0x08003a74       0x64 build/stm32f4xx_hal_flash.o
                0x08003a74                FLASH_WaitForLastOperation
 .text.HAL_FLASH_Program
                0x08003ad8       0x80 build/stm32f4xx_hal_flash.o
                0x08003ad8                HAL_FLASH_Program
 .text.__io_putchar
                0x08003b58       0x20 build/main.o
                0x08003b58                __io_putchar
 .text.Init_Main
                0x08003b78       0x70 build/main.o
                0x08003b78                Init_Main
 .text._Error_Handler
                0x08003be8        0x2 build/main.o
                0x08003be8                _Error_Handler
 *fill*         0x08003bea        0x2 
 .text.SystemClock_Config
                0x08003bec       0xc0 build/main.o
                0x08003bec                SystemClock_Config
 .text.main     0x08003cac       0x42 build/main.o
                0x08003cac                main
 .text.HAL_TIMEx_MasterConfigSynchronization
                0x08003cee       0x52 build/stm32f4xx_hal_tim_ex.o
                0x08003cee                HAL_TIMEx_MasterConfigSynchronization
 .text.UART_SetConfig
                0x08003d40      0x334 build/stm32f4xx_hal_uart.o
 .text.UART_WaitOnFlagUntilTimeout
                0x08004074       0x62 build/stm32f4xx_hal_uart.o
 .text.HAL_UART_Init
                0x080040d6       0x5e build/stm32f4xx_hal_uart.o
                0x080040d6                HAL_UART_Init
 .text.HAL_UART_Transmit
                0x08004134       0xe0 build/stm32f4xx_hal_uart.o
                0x08004134                HAL_UART_Transmit
 .text.TIM_OC1_SetConfig
                0x08004214       0x5c build/stm32f4xx_hal_tim.o
 .text.TIM_OC3_SetConfig
                0x08004270       0x60 build/stm32f4xx_hal_tim.o
 .text.TIM_OC4_SetConfig
                0x080042d0       0x50 build/stm32f4xx_hal_tim.o
 .text.TIM_Base_SetConfig
                0x08004320       0xc0 build/stm32f4xx_hal_tim.o
                0x08004320                TIM_Base_SetConfig
 .text.HAL_TIM_PWM_Init
                0x080043e0       0x32 build/stm32f4xx_hal_tim.o
                0x080043e0                HAL_TIM_PWM_Init
 .text.HAL_TIM_Encoder_Init
                0x08004412       0x98 build/stm32f4xx_hal_tim.o
                0x08004412                HAL_TIM_Encoder_Init
 *fill*         0x080044aa        0x2 
 .text.TIM_OC2_SetConfig
                0x080044ac       0x64 build/stm32f4xx_hal_tim.o
                0x080044ac                TIM_OC2_SetConfig
 .text.HAL_TIM_PWM_ConfigChannel
                0x08004510       0xdc build/stm32f4xx_hal_tim.o
                0x08004510                HAL_TIM_PWM_ConfigChannel
 .text.TIM_CCxChannelCmd
                0x080045ec       0x1e build/stm32f4xx_hal_tim.o
                0x080045ec                TIM_CCxChannelCmd
 *fill*         0x0800460a        0x2 
 .text.HAL_TIM_PWM_Start
                0x0800460c       0x38 build/stm32f4xx_hal_tim.o
                0x0800460c                HAL_TIM_PWM_Start
 .text.HAL_TIM_Encoder_Start
                0x08004644       0x44 build/stm32f4xx_hal_tim.o
                0x08004644                HAL_TIM_Encoder_Start
 .text.HAL_MspInit
                0x08004688       0x5e build/stm32f4xx_hal_msp.o
                0x08004688                HAL_MspInit
 *fill*         0x080046e6        0x2 
 .text.HAL_GPIO_Init
                0x080046e8      0x1c8 build/stm32f4xx_hal_gpio.o
                0x080046e8                HAL_GPIO_Init
 .text.HAL_GPIO_WritePin
                0x080048b0        0xc build/stm32f4xx_hal_gpio.o
                0x080048b0                HAL_GPIO_WritePin
 .text.MX_SPI1_Init
                0x080048bc       0x4c build/spi.o
                0x080048bc                MX_SPI1_Init
 .text.HAL_SPI_MspInit
                0x08004908       0x50 build/spi.o
                0x08004908                HAL_SPI_MspInit
 .text.read_byte
                0x08004958       0x54 build/spi.o
                0x08004958                read_byte
 .text.read_shift_byte
                0x080049ac       0x5c build/spi.o
                0x080049ac                read_shift_byte
 .text.write_byte
                0x08004a08       0x54 build/spi.o
                0x08004a08                write_byte
 .text.Spi_SetGyro
                0x08004a5c       0x48 build/spi.o
                0x08004a5c                Spi_SetGyro
 .text.get_gyro_z
                0x08004aa4       0x24 build/spi.o
                0x08004aa4                get_gyro_z
 .text.gyro_offset_calc
                0x08004ac8       0x50 build/spi.o
                0x08004ac8                gyro_offset_calc
 .text.Spi_UpdateGyro_Z
                0x08004b18       0x6c build/spi.o
                0x08004b18                Spi_UpdateGyro_Z
 .text.Spi_UpdateGyro_Y
                0x08004b84       0x34 build/spi.o
                0x08004b84                Spi_UpdateGyro_Y
 .text.Spi_UpdateAccel
                0x08004bb8       0x7c build/spi.o
                0x08004bb8                Spi_UpdateAccel
 .text.Spi_GyroReset
                0x08004c34       0x1c build/spi.o
                0x08004c34                Spi_GyroReset
 .text.SystemInit
                0x08004c50       0x4c build/system_stm32f4xx.o
                0x08004c50                SystemInit
 .text.NMI_Handler
                0x08004c9c        0x2 build/stm32f4xx_it.o
                0x08004c9c                NMI_Handler
 .text.HardFault_Handler
                0x08004c9e        0x2 build/stm32f4xx_it.o
                0x08004c9e                HardFault_Handler
 .text.MemManage_Handler
                0x08004ca0        0x2 build/stm32f4xx_it.o
                0x08004ca0                MemManage_Handler
 .text.BusFault_Handler
                0x08004ca2        0x2 build/stm32f4xx_it.o
                0x08004ca2                BusFault_Handler
 .text.UsageFault_Handler
                0x08004ca4        0x2 build/stm32f4xx_it.o
                0x08004ca4                UsageFault_Handler
 .text.SVC_Handler
                0x08004ca6        0x2 build/stm32f4xx_it.o
                0x08004ca6                SVC_Handler
 .text.DebugMon_Handler
                0x08004ca8        0x2 build/stm32f4xx_it.o
                0x08004ca8                DebugMon_Handler
 .text.PendSV_Handler
                0x08004caa        0x2 build/stm32f4xx_it.o
                0x08004caa                PendSV_Handler
 .text.SysTick_Handler
                0x08004cac       0x24 build/stm32f4xx_it.o
                0x08004cac                SysTick_Handler
 .text.DMA2_Stream2_IRQHandler
                0x08004cd0       0x10 build/stm32f4xx_it.o
                0x08004cd0                DMA2_Stream2_IRQHandler
 .text.HAL_ADC_ConvHalfCpltCallback
                0x08004ce0        0x8 build/stm32f4xx_it.o
                0x08004ce0                HAL_ADC_ConvHalfCpltCallback
 .text._read    0x08004ce8       0x1c build/syscalls.o
                0x08004ce8                _read
 .text._write   0x08004d04       0x1c build/syscalls.o
                0x08004d04                _write
 .text._sbrk    0x08004d20       0x3c build/syscalls.o
                0x08004d20                _sbrk
 .text._close   0x08004d5c        0x6 build/syscalls.o
                0x08004d5c                _close
 .text._fstat   0x08004d62        0xa build/syscalls.o
                0x08004d62                _fstat
 .text._isatty  0x08004d6c        0x4 build/syscalls.o
                0x08004d6c                _isatty
 .text._lseek   0x08004d70        0x4 build/syscalls.o
                0x08004d70                _lseek
 .text.Mode_Select
                0x08004d74      0x16c build/mode.o
                0x08004d74                Mode_Select
 .text.SensorCheck
                0x08004ee0       0xec build/mode.o
                0x08004ee0                SensorCheck
 .text.SetRunMode
                0x08004fcc       0x68 build/mode.o
                0x08004fcc                SetRunMode
 .text.Get_WallData
                0x08005034       0x84 build/mode.o
                0x08005034                Get_WallData
 .text.SearchRun
                0x080050b8      0x218 build/mode.o
                0x080050b8                SearchRun
 .text.Mode_FastRun
                0x080052d0      0x208 build/mode.o
                0x080052d0                Mode_FastRun
 .text.CheckDiagonal
                0x080054d8       0x64 build/mode.o
                0x080054d8                CheckDiagonal
 .text.CheckTurn
                0x0800553c       0x78 build/mode.o
                0x0800553c                CheckTurn
 .text.PrintOutPut
                0x080055b4       0x70 build/mode.o
                0x080055b4                PrintOutPut
 .text.PrintWallData
                0x08005624       0xd0 build/mode.o
                0x08005624                PrintWallData
 .text.Circuit  0x080056f4       0xc4 build/mode.o
                0x080056f4                Circuit
 .text.Turn45_Test
                0x080057b8       0xdc build/mode.o
                0x080057b8                Turn45_Test
 .text.TurnBig90_Test
                0x08005894       0x6c build/mode.o
                0x08005894                TurnBig90_Test
 .text.TurnV90_Test
                0x08005900       0xac build/mode.o
                0x08005900                TurnV90_Test
 .text.Mode_Mouse
                0x080059ac      0x1b4 build/mode.o
                0x080059ac                Mode_Mouse
 .text.Motion_TestTurn
                0x08005b60       0x98 build/motion.o
                0x08005b60                Motion_TestTurn
 .text.Motion_Start
                0x08005bf8       0x84 build/motion.o
                0x08005bf8                Motion_Start
 .text.Motion_Restart
                0x08005c7c      0x214 build/motion.o
                0x08005c7c                Motion_Restart
 .text.Motion_End
                0x08005e90       0xa0 build/motion.o
                0x08005e90                Motion_End
 .text.Motion_Straight
                0x08005f30       0x8c build/motion.o
                0x08005f30                Motion_Straight
 .text.Motion_SpinTurn
                0x08005fbc      0x174 build/motion.o
                0x08005fbc                Motion_SpinTurn
 .text.Motion_WallSpinTurn
                0x08006130      0x21c build/motion.o
                0x08006130                Motion_WallSpinTurn
 .text.Motion_LeftTurn
                0x0800634c      0x130 build/motion.o
                0x0800634c                Motion_LeftTurn
 .text.Motion_RightTurn
                0x0800647c      0x130 build/motion.o
                0x0800647c                Motion_RightTurn
 .text.Motion_Switch
                0x080065ac       0x3c build/motion.o
                0x080065ac                Motion_Switch
 .text.Motion_FastStart
                0x080065e8       0xa4 build/motion.o
                0x080065e8                Motion_FastStart
 .text.Motion_FastStraight
                0x0800668c       0x80 build/motion.o
                0x0800668c                Motion_FastStraight
 .text.Motion_Adjust
                0x0800670c       0xd8 build/motion.o
                0x0800670c                Motion_Adjust
 .text.Motion_FastGoal
                0x080067e4       0xa4 build/motion.o
                0x080067e4                Motion_FastGoal
 .text.Motion_Diagonal
                0x08006888       0x80 build/motion.o
                0x08006888                Motion_Diagonal
 .text.Motion_DiagonalLeft
                0x08006908       0xf4 build/motion.o
                0x08006908                Motion_DiagonalLeft
 .text.Motion_DiagonalRight
                0x080069fc       0xf4 build/motion.o
                0x080069fc                Motion_DiagonalRight
 .text.Motion_DiagonalStart
                0x08006af0       0x88 build/motion.o
                0x08006af0                Motion_DiagonalStart
 .text.Motion_DiagonalStop
                0x08006b78       0xa8 build/motion.o
                0x08006b78                Motion_DiagonalStop
 .text.Motion_InLeft45Turn
                0x08006c20      0x110 build/motion.o
                0x08006c20                Motion_InLeft45Turn
 .text.Motion_InRight45Turn
                0x08006d30      0x110 build/motion.o
                0x08006d30                Motion_InRight45Turn
 .text.Motion_OutLeft45Turn
                0x08006e40      0x11c build/motion.o
                0x08006e40                Motion_OutLeft45Turn
 .text.Motion_OutRight45Turn
                0x08006f5c      0x11c build/motion.o
                0x08006f5c                Motion_OutRight45Turn
 .text.Motion_Left90Turn
                0x08007078      0x11c build/motion.o
                0x08007078                Motion_Left90Turn
 .text.Motion_Right90Turn
                0x08007194      0x11c build/motion.o
                0x08007194                Motion_Right90Turn
 .text.Turn     0x080072b0      0x118 build/motion.o
                0x080072b0                Turn
 .text.Motion_FastLeftTurn
                0x080073c8       0xf8 build/motion.o
                0x080073c8                Motion_FastLeftTurn
 .text.Motion_FastRightTurn
                0x080074c0       0xf8 build/motion.o
                0x080074c0                Motion_FastRightTurn
 .text.PID_value
                0x080075b8       0x40 build/control.o
                0x080075b8                PID_value
 .text.Control_StrCalculator
                0x080075f8       0x68 build/control.o
                0x080075f8                Control_StrCalculator
 .text.Control_AngCalculator
                0x08007660       0x68 build/control.o
                0x08007660                Control_AngCalculator
 .text.UpdateTargets
                0x080076c8       0x58 build/control.o
                0x080076c8                UpdateTargets
 .text.UpdateStrTarget
                0x08007720       0xcc build/control.o
                0x08007720                UpdateStrTarget
 .text.Control_EdgeSet
                0x080077ec       0x14 build/control.o
                0x080077ec                Control_EdgeSet
 .text.WallEdgeFix
                0x08007800       0x30 build/control.o
                0x08007800                WallEdgeFix
 .text.SideWallFix
                0x08007830      0x188 build/control.o
                0x08007830                SideWallFix
 .text.SideWallFiX_Fast
                0x080079b8      0x180 build/control.o
                0x080079b8                SideWallFiX_Fast
 .text.DiagonalSideWall
                0x08007b38       0xb8 build/control.o
                0x08007b38                DiagonalSideWall
 .text.Control_FrontWall
                0x08007bf0       0x4c build/control.o
                0x08007bf0                Control_FrontWall
 .text.UpdateAngTarget
                0x08007c3c       0xbc build/control.o
                0x08007c3c                UpdateAngTarget
 .text.Control_UpdatePwm
                0x08007cf8      0x1d0 build/control.o
                0x08007cf8                Control_UpdatePwm
 .text.Control_ResetVelo
                0x08007ec8       0x74 build/control.o
                0x08007ec8                Control_ResetVelo
 .text.Map_addWall
                0x08007f3c       0x9a build/Map.o
                0x08007f3c                Map_addWall
 .text.Map_DelWall
                0x08007fd6       0xa6 build/Map.o
                0x08007fd6                Map_DelWall
 .text.Map_Init
                0x0800807c       0x58 build/Map.o
                0x0800807c                Map_Init
 .text.Map_InitFast
                0x080080d4       0x5a build/Map.o
                0x080080d4                Map_InitFast
 .text.Maze_UpdatePosition
                0x0800812e       0xfe build/Maze.o
                0x0800812e                Maze_UpdatePosition
 .text.Search_UnknownWall
                0x0800822c       0xa4 build/Maze.o
                0x0800822c                Search_UnknownWall
 .text.Maze_UpdateStepMap
                0x080082d0      0x1e8 build/Maze.o
                0x080082d0                Maze_UpdateStepMap
 .text.Maze_GetNextMotion
                0x080084b8      0x2c4 build/Maze.o
                0x080084b8                Maze_GetNextMotion
 .text.Maze_UpdateStepMapEx
                0x0800877c      0x71c build/Maze.o
                0x0800877c                Maze_UpdateStepMapEx
 .text.Maze_GetNextMotionEx
                0x08008e98      0x378 build/Maze.o
                0x08008e98                Maze_GetNextMotionEx
 .text.Compress_T90
                0x08009210      0x2b4 build/Maze.o
                0x08009210                Compress_T90
 .text.Compress_T180
                0x080094c4      0x172 build/Maze.o
                0x080094c4                Compress_T180
 .text.Compress_Diagonal
                0x08009636      0x562 build/Maze.o
                0x08009636                Compress_Diagonal
 .text.Maze_Compress
                0x08009b98      0x47c build/Maze.o
                0x08009b98                Maze_Compress
 .text.Flash_Erase
                0x0800a014       0x26 build/flash.o
                0x0800a014                Flash_Erase
 .text.Flash_Write
                0x0800a03a       0x2e build/flash.o
                0x0800a03a                Flash_Write
 .text.Flash_Load
                0x0800a068        0xe build/flash.o
                0x0800a068                Flash_Load
 *fill*         0x0800a076        0x2 
 .text.Reset_Handler
                0x0800a078       0x50 build/startup_stm32f405xx.o
                0x0800a078                Reset_Handler
 .text.Default_Handler
                0x0800a0c8        0x2 build/startup_stm32f405xx.o
                0x0800a0c8                RTC_Alarm_IRQHandler
                0x0800a0c8                HASH_RNG_IRQHandler
                0x0800a0c8                EXTI2_IRQHandler
                0x0800a0c8                TIM8_CC_IRQHandler
                0x0800a0c8                TIM1_CC_IRQHandler
                0x0800a0c8                DMA2_Stream5_IRQHandler
                0x0800a0c8                DMA1_Stream5_IRQHandler
                0x0800a0c8                PVD_IRQHandler
                0x0800a0c8                SDIO_IRQHandler
                0x0800a0c8                TAMP_STAMP_IRQHandler
                0x0800a0c8                CAN2_RX1_IRQHandler
                0x0800a0c8                EXTI3_IRQHandler
                0x0800a0c8                TIM8_TRG_COM_TIM14_IRQHandler
                0x0800a0c8                TIM1_UP_TIM10_IRQHandler
                0x0800a0c8                TIM8_UP_TIM13_IRQHandler
                0x0800a0c8                I2C3_ER_IRQHandler
                0x0800a0c8                EXTI0_IRQHandler
                0x0800a0c8                I2C2_EV_IRQHandler
                0x0800a0c8                DMA1_Stream2_IRQHandler
                0x0800a0c8                CAN1_RX0_IRQHandler
                0x0800a0c8                FPU_IRQHandler
                0x0800a0c8                OTG_HS_WKUP_IRQHandler
                0x0800a0c8                CAN2_SCE_IRQHandler
                0x0800a0c8                SPI1_IRQHandler
                0x0800a0c8                TIM6_DAC_IRQHandler
                0x0800a0c8                TIM1_BRK_TIM9_IRQHandler
                0x0800a0c8                CAN2_RX0_IRQHandler
                0x0800a0c8                DMA2_Stream3_IRQHandler
                0x0800a0c8                USART6_IRQHandler
                0x0800a0c8                USART3_IRQHandler
                0x0800a0c8                CAN1_RX1_IRQHandler
                0x0800a0c8                UART5_IRQHandler
                0x0800a0c8                DMA2_Stream0_IRQHandler
                0x0800a0c8                TIM4_IRQHandler
                0x0800a0c8                I2C1_EV_IRQHandler
                0x0800a0c8                DMA1_Stream6_IRQHandler
                0x0800a0c8                DMA1_Stream1_IRQHandler
                0x0800a0c8                UART4_IRQHandler
                0x0800a0c8                TIM3_IRQHandler
                0x0800a0c8                RCC_IRQHandler
                0x0800a0c8                TIM8_BRK_TIM12_IRQHandler
                0x0800a0c8                Default_Handler
                0x0800a0c8                EXTI15_10_IRQHandler
                0x0800a0c8                ADC_IRQHandler
                0x0800a0c8                DMA1_Stream7_IRQHandler
                0x0800a0c8                TIM7_IRQHandler
                0x0800a0c8                CAN2_TX_IRQHandler
                0x0800a0c8                TIM5_IRQHandler
                0x0800a0c8                DMA2_Stream7_IRQHandler
                0x0800a0c8                I2C3_EV_IRQHandler
                0x0800a0c8                EXTI9_5_IRQHandler
                0x0800a0c8                RTC_WKUP_IRQHandler
                0x0800a0c8                SPI2_IRQHandler
                0x0800a0c8                OTG_HS_EP1_IN_IRQHandler
                0x0800a0c8                DMA1_Stream0_IRQHandler
                0x0800a0c8                CAN1_TX_IRQHandler
                0x0800a0c8                EXTI4_IRQHandler
                0x0800a0c8                FSMC_IRQHandler
                0x0800a0c8                OTG_HS_EP1_OUT_IRQHandler
                0x0800a0c8                WWDG_IRQHandler
                0x0800a0c8                TIM2_IRQHandler
                0x0800a0c8                OTG_FS_WKUP_IRQHandler
                0x0800a0c8                TIM1_TRG_COM_TIM11_IRQHandler
                0x0800a0c8                OTG_HS_IRQHandler
                0x0800a0c8                EXTI1_IRQHandler
                0x0800a0c8                USART2_IRQHandler
                0x0800a0c8                I2C2_ER_IRQHandler
                0x0800a0c8                DMA2_Stream1_IRQHandler
                0x0800a0c8                CAN1_SCE_IRQHandler
                0x0800a0c8                FLASH_IRQHandler
                0x0800a0c8                DMA2_Stream4_IRQHandler
                0x0800a0c8                USART1_IRQHandler
                0x0800a0c8                OTG_FS_IRQHandler
                0x0800a0c8                SPI3_IRQHandler
                0x0800a0c8                DMA1_Stream4_IRQHandler
                0x0800a0c8                I2C1_ER_IRQHandler
                0x0800a0c8                DMA2_Stream6_IRQHandler
                0x0800a0c8                DMA1_Stream3_IRQHandler
 *fill*         0x0800a0ca        0x2 
 .text.__errno  0x0800a0cc        0xc c:/program files (x86)/gnu tools arm embedded/7 2017-q4-major/bin/../lib/gcc/arm-none-eabi/7.2.1/../../../../arm-none-eabi/lib/thumb/v7e-m/fpv4-sp/hard\libc_nano.a(lib_a-errno.o)
                0x0800a0cc                __errno
 .text.__libc_init_array
                0x0800a0d8       0x48 c:/program files (x86)/gnu tools arm embedded/7 2017-q4-major/bin/../lib/gcc/arm-none-eabi/7.2.1/../../../../arm-none-eabi/lib/thumb/v7e-m/fpv4-sp/hard\libc_nano.a(lib_a-init.o)
                0x0800a0d8                __libc_init_array
 .text.memcpy   0x0800a120       0x16 c:/program files (x86)/gnu tools arm embedded/7 2017-q4-major/bin/../lib/gcc/arm-none-eabi/7.2.1/../../../../arm-none-eabi/lib/thumb/v7e-m/fpv4-sp/hard\libc_nano.a(lib_a-memcpy-stub.o)
                0x0800a120                memcpy
 .text.memset   0x0800a136       0x10 c:/program files (x86)/gnu tools arm embedded/7 2017-q4-major/bin/../lib/gcc/arm-none-eabi/7.2.1/../../../../arm-none-eabi/lib/thumb/v7e-m/fpv4-sp/hard\libc_nano.a(lib_a-memset.o)
                0x0800a136                memset
 .text.__cvt    0x0800a146       0xc2 c:/program files (x86)/gnu tools arm embedded/7 2017-q4-major/bin/../lib/gcc/arm-none-eabi/7.2.1/../../../../arm-none-eabi/lib/thumb/v7e-m/fpv4-sp/hard\libc_nano.a(lib_a-nano-vfprintf_float.o)
                0x0800a146                __cvt
 .text.__exponent
                0x0800a208       0x66 c:/program files (x86)/gnu tools arm embedded/7 2017-q4-major/bin/../lib/gcc/arm-none-eabi/7.2.1/../../../../arm-none-eabi/lib/thumb/v7e-m/fpv4-sp/hard\libc_nano.a(lib_a-nano-vfprintf_float.o)
                0x0800a208                __exponent
 *fill*         0x0800a26e        0x2 
 .text._printf_float
                0x0800a270      0x480 c:/program files (x86)/gnu tools arm embedded/7 2017-q4-major/bin/../lib/gcc/arm-none-eabi/7.2.1/../../../../arm-none-eabi/lib/thumb/v7e-m/fpv4-sp/hard\libc_nano.a(lib_a-nano-vfprintf_float.o)
                0x0800a270                _printf_float
 .text._printf_common
                0x0800a6f0       0xea c:/program files (x86)/gnu tools arm embedded/7 2017-q4-major/bin/../lib/gcc/arm-none-eabi/7.2.1/../../../../arm-none-eabi/lib/thumb/v7e-m/fpv4-sp/hard\libc_nano.a(lib_a-nano-vfprintf_i.o)
                0x0800a6f0                _printf_common
 *fill*         0x0800a7da        0x2 
 .text._printf_i
                0x0800a7dc      0x224 c:/program files (x86)/gnu tools arm embedded/7 2017-q4-major/bin/../lib/gcc/arm-none-eabi/7.2.1/../../../../arm-none-eabi/lib/thumb/v7e-m/fpv4-sp/hard\libc_nano.a(lib_a-nano-vfprintf_i.o)
                0x0800a7dc                _printf_i
 .text.printf   0x0800aa00       0x30 c:/program files (x86)/gnu tools arm embedded/7 2017-q4-major/bin/../lib/gcc/arm-none-eabi/7.2.1/../../../../arm-none-eabi/lib/thumb/v7e-m/fpv4-sp/hard\libc_nano.a(lib_a-printf.o)
                0x0800aa00                iprintf
                0x0800aa00                printf
 .text.putchar  0x0800aa30       0x28 c:/program files (x86)/gnu tools arm embedded/7 2017-q4-major/bin/../lib/gcc/arm-none-eabi/7.2.1/../../../../arm-none-eabi/lib/thumb/v7e-m/fpv4-sp/hard\libc_nano.a(lib_a-putchar.o)
                0x0800aa30                putchar
 .text._puts_r  0x0800aa58       0xb8 c:/program files (x86)/gnu tools arm embedded/7 2017-q4-major/bin/../lib/gcc/arm-none-eabi/7.2.1/../../../../arm-none-eabi/lib/thumb/v7e-m/fpv4-sp/hard\libc_nano.a(lib_a-puts.o)
                0x0800aa58                _puts_r
 .text.puts     0x0800ab10       0x10 c:/program files (x86)/gnu tools arm embedded/7 2017-q4-major/bin/../lib/gcc/arm-none-eabi/7.2.1/../../../../arm-none-eabi/lib/thumb/v7e-m/fpv4-sp/hard\libc_nano.a(lib_a-puts.o)
                0x0800ab10                puts
 .text.setbuf   0x0800ab20       0x10 c:/program files (x86)/gnu tools arm embedded/7 2017-q4-major/bin/../lib/gcc/arm-none-eabi/7.2.1/../../../../arm-none-eabi/lib/thumb/v7e-m/fpv4-sp/hard\libc_nano.a(lib_a-setbuf.o)
                0x0800ab20                setbuf
 .text.setvbuf  0x0800ab30      0x15c c:/program files (x86)/gnu tools arm embedded/7 2017-q4-major/bin/../lib/gcc/arm-none-eabi/7.2.1/../../../../arm-none-eabi/lib/thumb/v7e-m/fpv4-sp/hard\libc_nano.a(lib_a-setvbuf.o)
                0x0800ab30                setvbuf
 .text.__swbuf_r
                0x0800ac8c       0xa4 c:/program files (x86)/gnu tools arm embedded/7 2017-q4-major/bin/../lib/gcc/arm-none-eabi/7.2.1/../../../../arm-none-eabi/lib/thumb/v7e-m/fpv4-sp/hard\libc_nano.a(lib_a-wbuf.o)
                0x0800ac8c                __swbuf_r
 .text.__swsetup_r
                0x0800ad30       0xdc c:/program files (x86)/gnu tools arm embedded/7 2017-q4-major/bin/../lib/gcc/arm-none-eabi/7.2.1/../../../../arm-none-eabi/lib/thumb/v7e-m/fpv4-sp/hard\libc_nano.a(lib_a-wsetup.o)
                0x0800ad30                __swsetup_r
 .text.quorem   0x0800ae0c      0x118 c:/program files (x86)/gnu tools arm embedded/7 2017-q4-major/bin/../lib/gcc/arm-none-eabi/7.2.1/../../../../arm-none-eabi/lib/thumb/v7e-m/fpv4-sp/hard\libc_nano.a(lib_a-dtoa.o)
 *fill*         0x0800af24        0x4 
 .text._dtoa_r  0x0800af28      0xb70 c:/program files (x86)/gnu tools arm embedded/7 2017-q4-major/bin/../lib/gcc/arm-none-eabi/7.2.1/../../../../arm-none-eabi/lib/thumb/v7e-m/fpv4-sp/hard\libc_nano.a(lib_a-dtoa.o)
                0x0800af28                _dtoa_r
 .text.__sflush_r
                0x0800ba98      0x10c c:/program files (x86)/gnu tools arm embedded/7 2017-q4-major/bin/../lib/gcc/arm-none-eabi/7.2.1/../../../../arm-none-eabi/lib/thumb/v7e-m/fpv4-sp/hard\libc_nano.a(lib_a-fflush.o)
                0x0800ba98                __sflush_r
 .text._fflush_r
                0x0800bba4       0x54 c:/program files (x86)/gnu tools arm embedded/7 2017-q4-major/bin/../lib/gcc/arm-none-eabi/7.2.1/../../../../arm-none-eabi/lib/thumb/v7e-m/fpv4-sp/hard\libc_nano.a(lib_a-fflush.o)
                0x0800bba4                _fflush_r
 .text.std      0x0800bbf8       0x48 c:/program files (x86)/gnu tools arm embedded/7 2017-q4-major/bin/../lib/gcc/arm-none-eabi/7.2.1/../../../../arm-none-eabi/lib/thumb/v7e-m/fpv4-sp/hard\libc_nano.a(lib_a-findfp.o)
 .text._cleanup_r
                0x0800bc40        0xc c:/program files (x86)/gnu tools arm embedded/7 2017-q4-major/bin/../lib/gcc/arm-none-eabi/7.2.1/../../../../arm-none-eabi/lib/thumb/v7e-m/fpv4-sp/hard\libc_nano.a(lib_a-findfp.o)
                0x0800bc40                _cleanup_r
 .text.__sfmoreglue
                0x0800bc4c       0x2c c:/program files (x86)/gnu tools arm embedded/7 2017-q4-major/bin/../lib/gcc/arm-none-eabi/7.2.1/../../../../arm-none-eabi/lib/thumb/v7e-m/fpv4-sp/hard\libc_nano.a(lib_a-findfp.o)
                0x0800bc4c                __sfmoreglue
 .text.__sinit  0x0800bc78       0x60 c:/program files (x86)/gnu tools arm embedded/7 2017-q4-major/bin/../lib/gcc/arm-none-eabi/7.2.1/../../../../arm-none-eabi/lib/thumb/v7e-m/fpv4-sp/hard\libc_nano.a(lib_a-findfp.o)
                0x0800bc78                __sinit
 .text.__sfp    0x0800bcd8       0x78 c:/program files (x86)/gnu tools arm embedded/7 2017-q4-major/bin/../lib/gcc/arm-none-eabi/7.2.1/../../../../arm-none-eabi/lib/thumb/v7e-m/fpv4-sp/hard\libc_nano.a(lib_a-findfp.o)
                0x0800bcd8                __sfp
 .text._fwalk_reent
                0x0800bd50       0x3c c:/program files (x86)/gnu tools arm embedded/7 2017-q4-major/bin/../lib/gcc/arm-none-eabi/7.2.1/../../../../arm-none-eabi/lib/thumb/v7e-m/fpv4-sp/hard\libc_nano.a(lib_a-fwalk.o)
                0x0800bd50                _fwalk_reent
 .text._localeconv_r
                0x0800bd8c       0x1c c:/program files (x86)/gnu tools arm embedded/7 2017-q4-major/bin/../lib/gcc/arm-none-eabi/7.2.1/../../../../arm-none-eabi/lib/thumb/v7e-m/fpv4-sp/hard\libc_nano.a(lib_a-localeconv.o)
                0x0800bd8c                _localeconv_r
 .text.__swhatbuf_r
                0x0800bda8       0x48 c:/program files (x86)/gnu tools arm embedded/7 2017-q4-major/bin/../lib/gcc/arm-none-eabi/7.2.1/../../../../arm-none-eabi/lib/thumb/v7e-m/fpv4-sp/hard\libc_nano.a(lib_a-makebuf.o)
                0x0800bda8                __swhatbuf_r
 .text.__smakebuf_r
                0x0800bdf0       0x80 c:/program files (x86)/gnu tools arm embedded/7 2017-q4-major/bin/../lib/gcc/arm-none-eabi/7.2.1/../../../../arm-none-eabi/lib/thumb/v7e-m/fpv4-sp/hard\libc_nano.a(lib_a-makebuf.o)
                0x0800bdf0                __smakebuf_r
 .text.malloc   0x0800be70       0x10 c:/program files (x86)/gnu tools arm embedded/7 2017-q4-major/bin/../lib/gcc/arm-none-eabi/7.2.1/../../../../arm-none-eabi/lib/thumb/v7e-m/fpv4-sp/hard\libc_nano.a(lib_a-malloc.o)
                0x0800be70                malloc
 .text._Balloc  0x0800be80       0x68 c:/program files (x86)/gnu tools arm embedded/7 2017-q4-major/bin/../lib/gcc/arm-none-eabi/7.2.1/../../../../arm-none-eabi/lib/thumb/v7e-m/fpv4-sp/hard\libc_nano.a(lib_a-mprec.o)
                0x0800be80                _Balloc
 .text._Bfree   0x0800bee8       0x2e c:/program files (x86)/gnu tools arm embedded/7 2017-q4-major/bin/../lib/gcc/arm-none-eabi/7.2.1/../../../../arm-none-eabi/lib/thumb/v7e-m/fpv4-sp/hard\libc_nano.a(lib_a-mprec.o)
                0x0800bee8                _Bfree
 .text.__multadd
                0x0800bf16       0x76 c:/program files (x86)/gnu tools arm embedded/7 2017-q4-major/bin/../lib/gcc/arm-none-eabi/7.2.1/../../../../arm-none-eabi/lib/thumb/v7e-m/fpv4-sp/hard\libc_nano.a(lib_a-mprec.o)
                0x0800bf16                __multadd
 .text.__hi0bits
                0x0800bf8c       0x3e c:/program files (x86)/gnu tools arm embedded/7 2017-q4-major/bin/../lib/gcc/arm-none-eabi/7.2.1/../../../../arm-none-eabi/lib/thumb/v7e-m/fpv4-sp/hard\libc_nano.a(lib_a-mprec.o)
                0x0800bf8c                __hi0bits
 .text.__lo0bits
                0x0800bfca       0x5e c:/program files (x86)/gnu tools arm embedded/7 2017-q4-major/bin/../lib/gcc/arm-none-eabi/7.2.1/../../../../arm-none-eabi/lib/thumb/v7e-m/fpv4-sp/hard\libc_nano.a(lib_a-mprec.o)
                0x0800bfca                __lo0bits
 .text.__i2b    0x0800c028       0x12 c:/program files (x86)/gnu tools arm embedded/7 2017-q4-major/bin/../lib/gcc/arm-none-eabi/7.2.1/../../../../arm-none-eabi/lib/thumb/v7e-m/fpv4-sp/hard\libc_nano.a(lib_a-mprec.o)
                0x0800c028                __i2b
 .text.__multiply
                0x0800c03a      0x12c c:/program files (x86)/gnu tools arm embedded/7 2017-q4-major/bin/../lib/gcc/arm-none-eabi/7.2.1/../../../../arm-none-eabi/lib/thumb/v7e-m/fpv4-sp/hard\libc_nano.a(lib_a-mprec.o)
                0x0800c03a                __multiply
 *fill*         0x0800c166        0x2 
 .text.__pow5mult
                0x0800c168       0x9c c:/program files (x86)/gnu tools arm embedded/7 2017-q4-major/bin/../lib/gcc/arm-none-eabi/7.2.1/../../../../arm-none-eabi/lib/thumb/v7e-m/fpv4-sp/hard\libc_nano.a(lib_a-mprec.o)
                0x0800c168                __pow5mult
 .text.__lshift
                0x0800c204       0xa8 c:/program files (x86)/gnu tools arm embedded/7 2017-q4-major/bin/../lib/gcc/arm-none-eabi/7.2.1/../../../../arm-none-eabi/lib/thumb/v7e-m/fpv4-sp/hard\libc_nano.a(lib_a-mprec.o)
                0x0800c204                __lshift
 .text.__mcmp   0x0800c2ac       0x34 c:/program files (x86)/gnu tools arm embedded/7 2017-q4-major/bin/../lib/gcc/arm-none-eabi/7.2.1/../../../../arm-none-eabi/lib/thumb/v7e-m/fpv4-sp/hard\libc_nano.a(lib_a-mprec.o)
                0x0800c2ac                __mcmp
 .text.__mdiff  0x0800c2e0       0xba c:/program files (x86)/gnu tools arm embedded/7 2017-q4-major/bin/../lib/gcc/arm-none-eabi/7.2.1/../../../../arm-none-eabi/lib/thumb/v7e-m/fpv4-sp/hard\libc_nano.a(lib_a-mprec.o)
                0x0800c2e0                __mdiff
 .text.__d2b    0x0800c39a       0x9e c:/program files (x86)/gnu tools arm embedded/7 2017-q4-major/bin/../lib/gcc/arm-none-eabi/7.2.1/../../../../arm-none-eabi/lib/thumb/v7e-m/fpv4-sp/hard\libc_nano.a(lib_a-mprec.o)
                0x0800c39a                __d2b
 .text._calloc_r
                0x0800c438       0x1c c:/program files (x86)/gnu tools arm embedded/7 2017-q4-major/bin/../lib/gcc/arm-none-eabi/7.2.1/../../../../arm-none-eabi/lib/thumb/v7e-m/fpv4-sp/hard\libc_nano.a(lib_a-nano-callocr.o)
                0x0800c438                _calloc_r
 .text._free_r  0x0800c454       0x9c c:/program files (x86)/gnu tools arm embedded/7 2017-q4-major/bin/../lib/gcc/arm-none-eabi/7.2.1/../../../../arm-none-eabi/lib/thumb/v7e-m/fpv4-sp/hard\libc_nano.a(lib_a-nano-freer.o)
                0x0800c454                _free_r
 .text._malloc_r
                0x0800c4f0       0xb4 c:/program files (x86)/gnu tools arm embedded/7 2017-q4-major/bin/../lib/gcc/arm-none-eabi/7.2.1/../../../../arm-none-eabi/lib/thumb/v7e-m/fpv4-sp/hard\libc_nano.a(lib_a-nano-mallocr.o)
                0x0800c4f0                _malloc_r
 .text.__sfputc_r
                0x0800c5a4       0x2e c:/program files (x86)/gnu tools arm embedded/7 2017-q4-major/bin/../lib/gcc/arm-none-eabi/7.2.1/../../../../arm-none-eabi/lib/thumb/v7e-m/fpv4-sp/hard\libc_nano.a(lib_a-nano-vfprintf.o)
 .text.__sfputs_r
                0x0800c5d2       0x24 c:/program files (x86)/gnu tools arm embedded/7 2017-q4-major/bin/../lib/gcc/arm-none-eabi/7.2.1/../../../../arm-none-eabi/lib/thumb/v7e-m/fpv4-sp/hard\libc_nano.a(lib_a-nano-vfprintf.o)
                0x0800c5d2                __sfputs_r
 *fill*         0x0800c5f6        0x2 
 .text._vfprintf_r
                0x0800c5f8      0x228 c:/program files (x86)/gnu tools arm embedded/7 2017-q4-major/bin/../lib/gcc/arm-none-eabi/7.2.1/../../../../arm-none-eabi/lib/thumb/v7e-m/fpv4-sp/hard\libc_nano.a(lib_a-nano-vfprintf.o)
                0x0800c5f8                _vfprintf_r
                0x0800c5f8                _vfiprintf_r
 .text._putc_r  0x0800c820       0x6c c:/program files (x86)/gnu tools arm embedded/7 2017-q4-major/bin/../lib/gcc/arm-none-eabi/7.2.1/../../../../arm-none-eabi/lib/thumb/v7e-m/fpv4-sp/hard\libc_nano.a(lib_a-putc.o)
                0x0800c820                _putc_r
 .text._sbrk_r  0x0800c88c       0x20 c:/program files (x86)/gnu tools arm embedded/7 2017-q4-major/bin/../lib/gcc/arm-none-eabi/7.2.1/../../../../arm-none-eabi/lib/thumb/v7e-m/fpv4-sp/hard\libc_nano.a(lib_a-sbrkr.o)
                0x0800c88c                _sbrk_r
 .text.__sread  0x0800c8ac       0x22 c:/program files (x86)/gnu tools arm embedded/7 2017-q4-major/bin/../lib/gcc/arm-none-eabi/7.2.1/../../../../arm-none-eabi/lib/thumb/v7e-m/fpv4-sp/hard\libc_nano.a(lib_a-stdio.o)
                0x0800c8ac                __sread
 .text.__swrite
                0x0800c8ce       0x38 c:/program files (x86)/gnu tools arm embedded/7 2017-q4-major/bin/../lib/gcc/arm-none-eabi/7.2.1/../../../../arm-none-eabi/lib/thumb/v7e-m/fpv4-sp/hard\libc_nano.a(lib_a-stdio.o)
                0x0800c8ce                __swrite
 .text.__sseek  0x0800c906       0x24 c:/program files (x86)/gnu tools arm embedded/7 2017-q4-major/bin/../lib/gcc/arm-none-eabi/7.2.1/../../../../arm-none-eabi/lib/thumb/v7e-m/fpv4-sp/hard\libc_nano.a(lib_a-stdio.o)
                0x0800c906                __sseek
 .text.__sclose
                0x0800c92a        0x8 c:/program files (x86)/gnu tools arm embedded/7 2017-q4-major/bin/../lib/gcc/arm-none-eabi/7.2.1/../../../../arm-none-eabi/lib/thumb/v7e-m/fpv4-sp/hard\libc_nano.a(lib_a-stdio.o)
                0x0800c92a                __sclose
 *fill*         0x0800c932        0x2 
 .text._write_r
                0x0800c934       0x24 c:/program files (x86)/gnu tools arm embedded/7 2017-q4-major/bin/../lib/gcc/arm-none-eabi/7.2.1/../../../../arm-none-eabi/lib/thumb/v7e-m/fpv4-sp/hard\libc_nano.a(lib_a-writer.o)
                0x0800c934                _write_r
 .text._close_r
                0x0800c958       0x20 c:/program files (x86)/gnu tools arm embedded/7 2017-q4-major/bin/../lib/gcc/arm-none-eabi/7.2.1/../../../../arm-none-eabi/lib/thumb/v7e-m/fpv4-sp/hard\libc_nano.a(lib_a-closer.o)
                0x0800c958                _close_r
 .text._fstat_r
                0x0800c978       0x24 c:/program files (x86)/gnu tools arm embedded/7 2017-q4-major/bin/../lib/gcc/arm-none-eabi/7.2.1/../../../../arm-none-eabi/lib/thumb/v7e-m/fpv4-sp/hard\libc_nano.a(lib_a-fstatr.o)
                0x0800c978                _fstat_r
 .text._isatty_r
                0x0800c99c       0x20 c:/program files (x86)/gnu tools arm embedded/7 2017-q4-major/bin/../lib/gcc/arm-none-eabi/7.2.1/../../../../arm-none-eabi/lib/thumb/v7e-m/fpv4-sp/hard\libc_nano.a(lib_a-isattyr.o)
                0x0800c99c                _isatty_r
 .text._lseek_r
                0x0800c9bc       0x24 c:/program files (x86)/gnu tools arm embedded/7 2017-q4-major/bin/../lib/gcc/arm-none-eabi/7.2.1/../../../../arm-none-eabi/lib/thumb/v7e-m/fpv4-sp/hard\libc_nano.a(lib_a-lseekr.o)
                0x0800c9bc                _lseek_r
 .text.__ascii_mbtowc
                0x0800c9e0       0x24 c:/program files (x86)/gnu tools arm embedded/7 2017-q4-major/bin/../lib/gcc/arm-none-eabi/7.2.1/../../../../arm-none-eabi/lib/thumb/v7e-m/fpv4-sp/hard\libc_nano.a(lib_a-mbtowc_r.o)
                0x0800c9e0                __ascii_mbtowc
 .text.__malloc_lock
                0x0800ca04        0x2 c:/program files (x86)/gnu tools arm embedded/7 2017-q4-major/bin/../lib/gcc/arm-none-eabi/7.2.1/../../../../arm-none-eabi/lib/thumb/v7e-m/fpv4-sp/hard\libc_nano.a(lib_a-mlock.o)
                0x0800ca04                __malloc_lock
 .text.__malloc_unlock
                0x0800ca06        0x2 c:/program files (x86)/gnu tools arm embedded/7 2017-q4-major/bin/../lib/gcc/arm-none-eabi/7.2.1/../../../../arm-none-eabi/lib/thumb/v7e-m/fpv4-sp/hard\libc_nano.a(lib_a-mlock.o)
                0x0800ca06                __malloc_unlock
 .text._read_r  0x0800ca08       0x24 c:/program files (x86)/gnu tools arm embedded/7 2017-q4-major/bin/../lib/gcc/arm-none-eabi/7.2.1/../../../../arm-none-eabi/lib/thumb/v7e-m/fpv4-sp/hard\libc_nano.a(lib_a-readr.o)
                0x0800ca08                _read_r
 .text.__ascii_wctomb
                0x0800ca2c       0x1a c:/program files (x86)/gnu tools arm embedded/7 2017-q4-major/bin/../lib/gcc/arm-none-eabi/7.2.1/../../../../arm-none-eabi/lib/thumb/v7e-m/fpv4-sp/hard\libc_nano.a(lib_a-wctomb_r.o)
                0x0800ca2c                __ascii_wctomb
 *(.glue_7)
 .glue_7        0x0800ca46        0x0 linker stubs
 *(.glue_7t)
 .glue_7t       0x0800ca46        0x0 linker stubs
 *(.eh_frame)
 *fill*         0x0800ca46        0x2 
 .eh_frame      0x0800ca48        0x0 c:/program files (x86)/gnu tools arm embedded/7 2017-q4-major/bin/../lib/gcc/arm-none-eabi/7.2.1/thumb/v7e-m/fpv4-sp/hard/crtbegin.o
 *(.init)
 .init          0x0800ca48        0x4 c:/program files (x86)/gnu tools arm embedded/7 2017-q4-major/bin/../lib/gcc/arm-none-eabi/7.2.1/thumb/v7e-m/fpv4-sp/hard/crti.o
                0x0800ca48                _init
 .init          0x0800ca4c        0x8 c:/program files (x86)/gnu tools arm embedded/7 2017-q4-major/bin/../lib/gcc/arm-none-eabi/7.2.1/thumb/v7e-m/fpv4-sp/hard/crtn.o
 *(.fini)
 .fini          0x0800ca54        0x4 c:/program files (x86)/gnu tools arm embedded/7 2017-q4-major/bin/../lib/gcc/arm-none-eabi/7.2.1/thumb/v7e-m/fpv4-sp/hard/crti.o
                0x0800ca54                _fini
 .fini          0x0800ca58        0x8 c:/program files (x86)/gnu tools arm embedded/7 2017-q4-major/bin/../lib/gcc/arm-none-eabi/7.2.1/thumb/v7e-m/fpv4-sp/hard/crtn.o
                0x0800ca60                . = ALIGN (0x4)
                0x0800ca60                _etext = .

.vfp11_veneer   0x0800ca60        0x0
 .vfp11_veneer  0x0800ca60        0x0 linker stubs

.v4_bx          0x0800ca60        0x0
 .v4_bx         0x0800ca60        0x0 linker stubs

.iplt           0x0800ca60        0x0
 .iplt          0x0800ca60        0x0 c:/program files (x86)/gnu tools arm embedded/7 2017-q4-major/bin/../lib/gcc/arm-none-eabi/7.2.1/thumb/v7e-m/fpv4-sp/hard/crtbegin.o

.rodata         0x0800ca60      0x380
                0x0800ca60                . = ALIGN (0x4)
 *(.rodata)
 *(.rodata*)
 .rodata.MX_TIM1_Init.str1.4
                0x0800ca60        0xa build/tim.o
 *fill*         0x0800ca6a        0x2 
 .rodata.MX_ADC1_Init.str1.4
                0x0800ca6c        0xa build/adc.o
 *fill*         0x0800ca76        0x2 
 .rodata.MX_USART3_UART_Init.str1.4
                0x0800ca78        0xc build/usart.o
 .rodata.flagBitshiftOffset.9184
                0x0800ca84        0x8 build/stm32f4xx_hal_dma.o
 .rodata.Init_Main.str1.4
                0x0800ca8c        0xa build/main.o
 *fill*         0x0800ca96        0x2 
 .rodata.SystemClock_Config.str1.4
                0x0800ca98        0xb build/main.o
 *fill*         0x0800caa3        0x1 
 .rodata.MX_SPI1_Init.str1.4
                0x0800caa4        0xa build/spi.o
 *fill*         0x0800caae        0x2 
 .rodata.Spi_SetGyro.str1.4
                0x0800cab0        0xe build/spi.o
 *fill*         0x0800cabe        0x2 
 .rodata.AHBPrescTable
                0x0800cac0       0x10 build/system_stm32f4xx.o
                0x0800cac0                AHBPrescTable
 .rodata.APBPrescTable
                0x0800cad0        0x8 build/system_stm32f4xx.o
                0x0800cad0                APBPrescTable
 .rodata.Mode_Select.str1.4
                0x0800cad8        0x4 build/mode.o
 .rodata.PrintOutPut.str1.4
                0x0800cadc        0xe build/mode.o
 *fill*         0x0800caea        0x2 
 .rodata.PrintWallData.str1.4
                0x0800caec        0xc build/mode.o
                                 0x10 (size before relaxing)
 .rodata.SensorCheck.str1.4
                0x0800caf8       0x20 build/mode.o
                                 0x1d (size before relaxing)
 .rodata.start_address
                0x0800cb18        0x4 build/flash.o
                0x0800cb18                start_address
 .rodata._global_impure_ptr
                0x0800cb1c        0x4 c:/program files (x86)/gnu tools arm embedded/7 2017-q4-major/bin/../lib/gcc/arm-none-eabi/7.2.1/../../../../arm-none-eabi/lib/thumb/v7e-m/fpv4-sp/hard\libc_nano.a(lib_a-impure.o)
                0x0800cb1c                _global_impure_ptr
 .rodata._printf_float.str1.1
                0x0800cb20       0x12 c:/program files (x86)/gnu tools arm embedded/7 2017-q4-major/bin/../lib/gcc/arm-none-eabi/7.2.1/../../../../arm-none-eabi/lib/thumb/v7e-m/fpv4-sp/hard\libc_nano.a(lib_a-nano-vfprintf_float.o)
 .rodata._printf_i.str1.1
                0x0800cb32       0x22 c:/program files (x86)/gnu tools arm embedded/7 2017-q4-major/bin/../lib/gcc/arm-none-eabi/7.2.1/../../../../arm-none-eabi/lib/thumb/v7e-m/fpv4-sp/hard\libc_nano.a(lib_a-nano-vfprintf_i.o)
 .rodata._dtoa_r.str1.1
                0x0800cb54        0xd c:/program files (x86)/gnu tools arm embedded/7 2017-q4-major/bin/../lib/gcc/arm-none-eabi/7.2.1/../../../../arm-none-eabi/lib/thumb/v7e-m/fpv4-sp/hard\libc_nano.a(lib_a-dtoa.o)
                                  0xf (size before relaxing)
 *fill*         0x0800cb61        0x3 
 .rodata.__sf_fake_stderr
                0x0800cb64       0x20 c:/program files (x86)/gnu tools arm embedded/7 2017-q4-major/bin/../lib/gcc/arm-none-eabi/7.2.1/../../../../arm-none-eabi/lib/thumb/v7e-m/fpv4-sp/hard\libc_nano.a(lib_a-findfp.o)
                0x0800cb64                __sf_fake_stderr
 .rodata.__sf_fake_stdin
                0x0800cb84       0x20 c:/program files (x86)/gnu tools arm embedded/7 2017-q4-major/bin/../lib/gcc/arm-none-eabi/7.2.1/../../../../arm-none-eabi/lib/thumb/v7e-m/fpv4-sp/hard\libc_nano.a(lib_a-findfp.o)
                0x0800cb84                __sf_fake_stdin
 .rodata.__sf_fake_stdout
                0x0800cba4       0x20 c:/program files (x86)/gnu tools arm embedded/7 2017-q4-major/bin/../lib/gcc/arm-none-eabi/7.2.1/../../../../arm-none-eabi/lib/thumb/v7e-m/fpv4-sp/hard\libc_nano.a(lib_a-findfp.o)
                0x0800cba4                __sf_fake_stdout
 *fill*         0x0800cbc4        0x4 
 .rodata.__mprec_bigtens
                0x0800cbc8       0x28 c:/program files (x86)/gnu tools arm embedded/7 2017-q4-major/bin/../lib/gcc/arm-none-eabi/7.2.1/../../../../arm-none-eabi/lib/thumb/v7e-m/fpv4-sp/hard\libc_nano.a(lib_a-mprec.o)
                0x0800cbc8                __mprec_bigtens
 .rodata.__mprec_tens
                0x0800cbf0       0xc8 c:/program files (x86)/gnu tools arm embedded/7 2017-q4-major/bin/../lib/gcc/arm-none-eabi/7.2.1/../../../../arm-none-eabi/lib/thumb/v7e-m/fpv4-sp/hard\libc_nano.a(lib_a-mprec.o)
                0x0800cbf0                __mprec_tens
 .rodata.p05.7359
                0x0800ccb8        0xc c:/program files (x86)/gnu tools arm embedded/7 2017-q4-major/bin/../lib/gcc/arm-none-eabi/7.2.1/../../../../arm-none-eabi/lib/thumb/v7e-m/fpv4-sp/hard\libc_nano.a(lib_a-mprec.o)
 .rodata._vfprintf_r.str1.1
                0x0800ccc4       0x11 c:/program files (x86)/gnu tools arm embedded/7 2017-q4-major/bin/../lib/gcc/arm-none-eabi/7.2.1/../../../../arm-none-eabi/lib/thumb/v7e-m/fpv4-sp/hard\libc_nano.a(lib_a-nano-vfprintf.o)
 .rodata._setlocale_r.str1.1
                0x0800ccd5        0x8 c:/program files (x86)/gnu tools arm embedded/7 2017-q4-major/bin/../lib/gcc/arm-none-eabi/7.2.1/../../../../arm-none-eabi/lib/thumb/v7e-m/fpv4-sp/hard\libc_nano.a(lib_a-locale.o)
                                  0x9 (size before relaxing)
 .rodata.str1.1
                0x0800ccdd        0x2 c:/program files (x86)/gnu tools arm embedded/7 2017-q4-major/bin/../lib/gcc/arm-none-eabi/7.2.1/../../../../arm-none-eabi/lib/thumb/v7e-m/fpv4-sp/hard\libc_nano.a(lib_a-locale.o)
 .rodata._ctype_
                0x0800ccdf      0x101 c:/program files (x86)/gnu tools arm embedded/7 2017-q4-major/bin/../lib/gcc/arm-none-eabi/7.2.1/../../../../arm-none-eabi/lib/thumb/v7e-m/fpv4-sp/hard\libc_nano.a(lib_a-ctype_.o)
                0x0800ccdf                _ctype_
                0x0800cde0                . = ALIGN (0x4)

.ARM.extab
 *(.ARM.extab* .gnu.linkonce.armextab.*)

.ARM            0x0800cde0        0x8
                0x0800cde0                __exidx_start = .
 *(.ARM.exidx*)
 .ARM.exidx     0x0800cde0        0x8 c:/program files (x86)/gnu tools arm embedded/7 2017-q4-major/bin/../lib/gcc/arm-none-eabi/7.2.1/thumb/v7e-m/fpv4-sp/hard\libgcc.a(_udivmoddi4.o)
                0x0800cde8                __exidx_end = .

.rel.dyn        0x0800cde8        0x0
 .rel.iplt      0x0800cde8        0x0 c:/program files (x86)/gnu tools arm embedded/7 2017-q4-major/bin/../lib/gcc/arm-none-eabi/7.2.1/thumb/v7e-m/fpv4-sp/hard/crtbegin.o

.preinit_array  0x0800cde8        0x0
                0x0800cde8                PROVIDE (__preinit_array_start, .)
 *(.preinit_array*)
                0x0800cde8                PROVIDE (__preinit_array_end, .)

.init_array     0x0800cde8        0x4
                0x0800cde8                PROVIDE (__init_array_start, .)
 *(SORT_BY_NAME(.init_array.*))
 *(.init_array*)
 .init_array    0x0800cde8        0x4 c:/program files (x86)/gnu tools arm embedded/7 2017-q4-major/bin/../lib/gcc/arm-none-eabi/7.2.1/thumb/v7e-m/fpv4-sp/hard/crtbegin.o
                0x0800cdec                PROVIDE (__init_array_end, .)

.fini_array     0x0800cdec        0x4
                [!provide]                PROVIDE (__fini_array_start, .)
 *(SORT_BY_NAME(.fini_array.*))
 *(.fini_array*)
 .fini_array    0x0800cdec        0x4 c:/program files (x86)/gnu tools arm embedded/7 2017-q4-major/bin/../lib/gcc/arm-none-eabi/7.2.1/thumb/v7e-m/fpv4-sp/hard/crtbegin.o
                [!provide]                PROVIDE (__fini_array_end, .)
                0x0800cdf0                _sidata = LOADADDR (.data)

.data           0x20000000      0x1e0 load address 0x0800cdf0
                0x20000000                . = ALIGN (0x4)
                0x20000000                _sdata = .
 *(.data)
 *(.data*)
 .data.uwTickFreq
                0x20000000        0x1 build/stm32f4xx_hal.o
                0x20000000                uwTickFreq
 *fill*         0x20000001        0x3 
 .data.uwTickPrio
                0x20000004        0x4 build/stm32f4xx_hal.o
                0x20000004                uwTickPrio
 .data.SystemCoreClock
                0x20000008        0x4 build/system_stm32f4xx.o
                0x20000008                SystemCoreClock
 .data.gx       0x2000000c        0x1 build/mode.o
                0x2000000c                gx
 .data.goal_size
                0x2000000d        0x1 build/Maze.o
                0x2000000d                goal_size
 *fill*         0x2000000e        0x2 
 .data._impure_ptr
                0x20000010        0x4 c:/program files (x86)/gnu tools arm embedded/7 2017-q4-major/bin/../lib/gcc/arm-none-eabi/7.2.1/../../../../arm-none-eabi/lib/thumb/v7e-m/fpv4-sp/hard\libc_nano.a(lib_a-impure.o)
                0x20000010                _impure_ptr
 .data.impure_data
                0x20000014       0x60 c:/program files (x86)/gnu tools arm embedded/7 2017-q4-major/bin/../lib/gcc/arm-none-eabi/7.2.1/../../../../arm-none-eabi/lib/thumb/v7e-m/fpv4-sp/hard\libc_nano.a(lib_a-impure.o)
 .data.__global_locale
                0x20000074      0x16c c:/program files (x86)/gnu tools arm embedded/7 2017-q4-major/bin/../lib/gcc/arm-none-eabi/7.2.1/../../../../arm-none-eabi/lib/thumb/v7e-m/fpv4-sp/hard\libc_nano.a(lib_a-locale.o)
                0x20000074                __global_locale
                0x200001e0                . = ALIGN (0x4)
                0x200001e0                _edata = .
                0x0800cfd0                _siccmram = LOADADDR (.ccmram)

.igot.plt       0x200001e0        0x0 load address 0x0800cfd0
 .igot.plt      0x200001e0        0x0 c:/program files (x86)/gnu tools arm embedded/7 2017-q4-major/bin/../lib/gcc/arm-none-eabi/7.2.1/thumb/v7e-m/fpv4-sp/hard/crtbegin.o

.ccmram         0x10000000        0x0 load address 0x0800cfd0
                0x10000000                . = ALIGN (0x4)
                0x10000000                _sccmram = .
 *(.ccmram)
 *(.ccmram*)
                0x10000000                . = ALIGN (0x4)
                0x10000000                _eccmram = .
                0x10000000                . = ALIGN (0x4)

.bss            0x200001e0     0xa628
                0x200001e0                _sbss = .
                0x200001e0                __bss_start__ = _sbss
 *(.bss)
 .bss           0x200001e0       0x1c c:/program files (x86)/gnu tools arm embedded/7 2017-q4-major/bin/../lib/gcc/arm-none-eabi/7.2.1/thumb/v7e-m/fpv4-sp/hard/crtbegin.o
 *(.bss*)
 .bss.heap_end.7234
                0x200001fc        0x4 build/syscalls.o
 .bss.gy        0x20000200        0x1 build/mode.o
                0x20000200                gy
 *fill*         0x20000201        0x3 
 .bss.diagonal_step
                0x20000204        0x4 build/motion.o
                0x20000204                diagonal_step
 .bss.prefront_flag
                0x20000208        0x2 build/motion.o
                0x20000208                prefront_flag
 .bss.add_l     0x2000020a        0x1 build/control.o
                0x2000020a                add_l
 .bss.add_r     0x2000020b        0x1 build/control.o
                0x2000020b                add_r
 .bss.ang_idial
                0x2000020c        0x4 build/control.o
                0x2000020c                ang_idial
 .bss.dist_idial
                0x20000210        0x4 build/control.o
                0x20000210                dist_idial
 .bss.front_wall_diff
                0x20000214        0x4 build/control.o
                0x20000214                front_wall_diff
 .bss.wall_dif  0x20000218        0x4 build/control.o
                0x20000218                wall_dif
 .bss.walledge_flag
                0x2000021c        0x1 build/control.o
                0x2000021c                walledge_flag
 .bss.walledge_offset
                0x2000021d        0x1 build/control.o
                0x2000021d                walledge_offset
 *fill*         0x2000021e        0x2 
 .bss.__malloc_free_list
                0x20000220        0x4 c:/program files (x86)/gnu tools arm embedded/7 2017-q4-major/bin/../lib/gcc/arm-none-eabi/7.2.1/../../../../arm-none-eabi/lib/thumb/v7e-m/fpv4-sp/hard\libc_nano.a(lib_a-nano-mallocr.o)
                0x20000220                __malloc_free_list
 .bss.__malloc_sbrk_start
                0x20000224        0x4 c:/program files (x86)/gnu tools arm embedded/7 2017-q4-major/bin/../lib/gcc/arm-none-eabi/7.2.1/../../../../arm-none-eabi/lib/thumb/v7e-m/fpv4-sp/hard\libc_nano.a(lib_a-nano-mallocr.o)
                0x20000224                __malloc_sbrk_start
 *(COMMON)
 COMMON         0x20000228      0x120 build/tim.o
                0x20000228                htim8
                0x20000264                sMasterConfig
                0x2000026c                enc
                0x20000278                htim3
                0x200002b4                sConfigOC
                0x200002d0                htim1
                0x2000030c                htim2
 COMMON         0x20000348      0x1b2 build/adc.o
                0x20000348                ADCOffData
                0x20000350                hadc2
                0x20000398                ADCOntData
                0x200003a0                sen_front_reference_f
                0x200003a4                sen_front
                0x200003c4                sen_l
                0x200003e4                hadc1
                0x2000042c                cnt_100ms
                0x20000430                sen_fr
                0x20000450                sen_fl
                0x20000470                ADCBuff
                0x20000478                sen_r
                0x20000498                hdma_adc2
                0x200004f8                adc_counter
 *fill*         0x200004fa        0x2 
 COMMON         0x200004fc        0x4 build/stm32f4xx_hal.o
                0x200004fc                uwTick
 COMMON         0x20000500       0x40 build/usart.o
                0x20000500                huart3
 COMMON         0x20000540       0x20 build/stm32f4xx_hal_flash.o
                0x20000540                pFlash
 COMMON         0x20000560       0x84 build/spi.o
                0x20000560                flag_gyro_calc
                0x20000564                accel
                0x20000570                gyro_y
                0x20000574                gyro_x
                0x20000578                hspi1
                0x200005d0                gyro_z
 COMMON         0x200005e4        0x1 build/motion.o
                0x200005e4                motion_end_flag
 *fill*         0x200005e5        0x3 
 COMMON         0x200005e8     0x9c93 build/control.o
                0x200005e8                straight
                0x20000604                error_ang_old
                0x20000608                error_ang_sum
                0x2000060c                error_sum
                0x20000610                front_wall_flag
                0x20000614                error_old
                0x20000618                control_wall_flag
                0x2000061c                angle
                0x20000638                loger
                0x2000a27a                motor_flag
 *fill*         0x2000a27b        0x1 
 COMMON         0x2000a27c      0x588 build/Maze.o
                0x2000a27c                stepEx_v
                0x2000a4c0                stepEx_h
                0x2000a704                step
 COMMON         0x2000a804        0x4 c:/program files (x86)/gnu tools arm embedded/7 2017-q4-major/bin/../lib/gcc/arm-none-eabi/7.2.1/../../../../arm-none-eabi/lib/thumb/v7e-m/fpv4-sp/hard\libc_nano.a(lib_a-reent.o)
                0x2000a804                errno
                0x2000a808                . = ALIGN (0x4)
                0x2000a808                _ebss = .
                0x2000a808                __bss_end__ = _ebss

._user_heap_stack
                0x2000a808      0x600
                0x2000a808                . = ALIGN (0x8)
                0x2000a808                PROVIDE (end, .)
                [!provide]                PROVIDE (_end, .)
                0x2000aa08                . = (. + _Min_Heap_Size)
 *fill*         0x2000a808      0x200 
                0x2000ae08                . = (. + _Min_Stack_Size)
 *fill*         0x2000aa08      0x400 
                0x2000ae08                . = ALIGN (0x8)

/DISCARD/
 libc.a(*)
 libm.a(*)
 libgcc.a(*)

.ARM.attributes
                0x00000000       0x30
 *(.ARM.attributes)
 .ARM.attributes
                0x00000000       0x22 c:/program files (x86)/gnu tools arm embedded/7 2017-q4-major/bin/../lib/gcc/arm-none-eabi/7.2.1/thumb/v7e-m/fpv4-sp/hard/crti.o
 .ARM.attributes
                0x00000022       0x34 c:/program files (x86)/gnu tools arm embedded/7 2017-q4-major/bin/../lib/gcc/arm-none-eabi/7.2.1/thumb/v7e-m/fpv4-sp/hard/crtbegin.o
 .ARM.attributes
                0x00000056       0x39 build/stm32f4xx_hal_adc.o
 .ARM.attributes
                0x0000008f       0x39 build/stm32f4xx_hal_flash_ex.o
 .ARM.attributes
                0x000000c8       0x39 build/tim.o
 .ARM.attributes
                0x00000101       0x39 build/dma.o
 .ARM.attributes
                0x0000013a       0x39 build/adc.o
 .ARM.attributes
                0x00000173       0x39 build/stm32f4xx_hal_spi.o
 .ARM.attributes
                0x000001ac       0x39 build/stm32f4xx_hal_rcc.o
 .ARM.attributes
                0x000001e5       0x39 build/stm32f4xx_hal.o
 .ARM.attributes
                0x0000021e       0x39 build/usart.o
 .ARM.attributes
                0x00000257       0x39 build/stm32f4xx_hal_dma.o
 .ARM.attributes
                0x00000290       0x39 build/gpio.o
 .ARM.attributes
                0x000002c9       0x39 build/stm32f4xx_hal_cortex.o
 .ARM.attributes
                0x00000302       0x39 build/stm32f4xx_hal_flash.o
 .ARM.attributes
                0x0000033b       0x39 build/main.o
 .ARM.attributes
                0x00000374       0x39 build/stm32f4xx_hal_tim_ex.o
 .ARM.attributes
                0x000003ad       0x39 build/stm32f4xx_hal_uart.o
 .ARM.attributes
                0x000003e6       0x39 build/stm32f4xx_hal_tim.o
 .ARM.attributes
                0x0000041f       0x39 build/stm32f4xx_hal_msp.o
 .ARM.attributes
                0x00000458       0x39 build/stm32f4xx_hal_gpio.o
 .ARM.attributes
                0x00000491       0x39 build/spi.o
 .ARM.attributes
                0x000004ca       0x39 build/system_stm32f4xx.o
 .ARM.attributes
                0x00000503       0x39 build/stm32f4xx_it.o
 .ARM.attributes
                0x0000053c       0x39 build/syscalls.o
 .ARM.attributes
                0x00000575       0x39 build/mode.o
 .ARM.attributes
                0x000005ae       0x39 build/motion.o
 .ARM.attributes
                0x000005e7       0x39 build/control.o
 .ARM.attributes
                0x00000620       0x39 build/Map.o
 .ARM.attributes
                0x00000659       0x39 build/Maze.o
 .ARM.attributes
                0x00000692       0x39 build/flash.o
 .ARM.attributes
                0x000006cb       0x21 build/startup_stm32f405xx.o
 .ARM.attributes
                0x000006ec       0x34 c:/program files (x86)/gnu tools arm embedded/7 2017-q4-major/bin/../lib/gcc/arm-none-eabi/7.2.1/../../../../arm-none-eabi/lib/thumb/v7e-m/fpv4-sp/hard\libc_nano.a(lib_a-errno.o)
 .ARM.attributes
                0x00000720       0x34 c:/program files (x86)/gnu tools arm embedded/7 2017-q4-major/bin/../lib/gcc/arm-none-eabi/7.2.1/../../../../arm-none-eabi/lib/thumb/v7e-m/fpv4-sp/hard\libc_nano.a(lib_a-impure.o)
 .ARM.attributes
                0x00000754       0x34 c:/program files (x86)/gnu tools arm embedded/7 2017-q4-major/bin/../lib/gcc/arm-none-eabi/7.2.1/../../../../arm-none-eabi/lib/thumb/v7e-m/fpv4-sp/hard\libc_nano.a(lib_a-init.o)
 .ARM.attributes
                0x00000788       0x34 c:/program files (x86)/gnu tools arm embedded/7 2017-q4-major/bin/../lib/gcc/arm-none-eabi/7.2.1/../../../../arm-none-eabi/lib/thumb/v7e-m/fpv4-sp/hard\libc_nano.a(lib_a-memcpy-stub.o)
 .ARM.attributes
                0x000007bc       0x34 c:/program files (x86)/gnu tools arm embedded/7 2017-q4-major/bin/../lib/gcc/arm-none-eabi/7.2.1/../../../../arm-none-eabi/lib/thumb/v7e-m/fpv4-sp/hard\libc_nano.a(lib_a-memset.o)
 .ARM.attributes
                0x000007f0       0x34 c:/program files (x86)/gnu tools arm embedded/7 2017-q4-major/bin/../lib/gcc/arm-none-eabi/7.2.1/../../../../arm-none-eabi/lib/thumb/v7e-m/fpv4-sp/hard\libc_nano.a(lib_a-nano-vfprintf_float.o)
 .ARM.attributes
                0x00000824       0x34 c:/program files (x86)/gnu tools arm embedded/7 2017-q4-major/bin/../lib/gcc/arm-none-eabi/7.2.1/../../../../arm-none-eabi/lib/thumb/v7e-m/fpv4-sp/hard\libc_nano.a(lib_a-nano-vfprintf_i.o)
 .ARM.attributes
                0x00000858       0x34 c:/program files (x86)/gnu tools arm embedded/7 2017-q4-major/bin/../lib/gcc/arm-none-eabi/7.2.1/../../../../arm-none-eabi/lib/thumb/v7e-m/fpv4-sp/hard\libc_nano.a(lib_a-printf.o)
 .ARM.attributes
                0x0000088c       0x34 c:/program files (x86)/gnu tools arm embedded/7 2017-q4-major/bin/../lib/gcc/arm-none-eabi/7.2.1/../../../../arm-none-eabi/lib/thumb/v7e-m/fpv4-sp/hard\libc_nano.a(lib_a-putchar.o)
 .ARM.attributes
                0x000008c0       0x34 c:/program files (x86)/gnu tools arm embedded/7 2017-q4-major/bin/../lib/gcc/arm-none-eabi/7.2.1/../../../../arm-none-eabi/lib/thumb/v7e-m/fpv4-sp/hard\libc_nano.a(lib_a-puts.o)
 .ARM.attributes
                0x000008f4       0x34 c:/program files (x86)/gnu tools arm embedded/7 2017-q4-major/bin/../lib/gcc/arm-none-eabi/7.2.1/../../../../arm-none-eabi/lib/thumb/v7e-m/fpv4-sp/hard\libc_nano.a(lib_a-setbuf.o)
 .ARM.attributes
                0x00000928       0x34 c:/program files (x86)/gnu tools arm embedded/7 2017-q4-major/bin/../lib/gcc/arm-none-eabi/7.2.1/../../../../arm-none-eabi/lib/thumb/v7e-m/fpv4-sp/hard\libc_nano.a(lib_a-setvbuf.o)
 .ARM.attributes
                0x0000095c       0x1b c:/program files (x86)/gnu tools arm embedded/7 2017-q4-major/bin/../lib/gcc/arm-none-eabi/7.2.1/../../../../arm-none-eabi/lib/thumb/v7e-m/fpv4-sp/hard\libc_nano.a(lib_a-strlen.o)
 .ARM.attributes
                0x00000977       0x34 c:/program files (x86)/gnu tools arm embedded/7 2017-q4-major/bin/../lib/gcc/arm-none-eabi/7.2.1/../../../../arm-none-eabi/lib/thumb/v7e-m/fpv4-sp/hard\libc_nano.a(lib_a-wbuf.o)
 .ARM.attributes
                0x000009ab       0x34 c:/program files (x86)/gnu tools arm embedded/7 2017-q4-major/bin/../lib/gcc/arm-none-eabi/7.2.1/../../../../arm-none-eabi/lib/thumb/v7e-m/fpv4-sp/hard\libc_nano.a(lib_a-wsetup.o)
 .ARM.attributes
                0x000009df       0x34 c:/program files (x86)/gnu tools arm embedded/7 2017-q4-major/bin/../lib/gcc/arm-none-eabi/7.2.1/../../../../arm-none-eabi/lib/thumb/v7e-m/fpv4-sp/hard\libc_nano.a(lib_a-dtoa.o)
 .ARM.attributes
                0x00000a13       0x34 c:/program files (x86)/gnu tools arm embedded/7 2017-q4-major/bin/../lib/gcc/arm-none-eabi/7.2.1/../../../../arm-none-eabi/lib/thumb/v7e-m/fpv4-sp/hard\libc_nano.a(lib_a-fflush.o)
 .ARM.attributes
                0x00000a47       0x34 c:/program files (x86)/gnu tools arm embedded/7 2017-q4-major/bin/../lib/gcc/arm-none-eabi/7.2.1/../../../../arm-none-eabi/lib/thumb/v7e-m/fpv4-sp/hard\libc_nano.a(lib_a-findfp.o)
 .ARM.attributes
                0x00000a7b       0x34 c:/program files (x86)/gnu tools arm embedded/7 2017-q4-major/bin/../lib/gcc/arm-none-eabi/7.2.1/../../../../arm-none-eabi/lib/thumb/v7e-m/fpv4-sp/hard\libc_nano.a(lib_a-fwalk.o)
 .ARM.attributes
                0x00000aaf       0x34 c:/program files (x86)/gnu tools arm embedded/7 2017-q4-major/bin/../lib/gcc/arm-none-eabi/7.2.1/../../../../arm-none-eabi/lib/thumb/v7e-m/fpv4-sp/hard\libc_nano.a(lib_a-localeconv.o)
 .ARM.attributes
                0x00000ae3       0x34 c:/program files (x86)/gnu tools arm embedded/7 2017-q4-major/bin/../lib/gcc/arm-none-eabi/7.2.1/../../../../arm-none-eabi/lib/thumb/v7e-m/fpv4-sp/hard\libc_nano.a(lib_a-makebuf.o)
 .ARM.attributes
                0x00000b17       0x34 c:/program files (x86)/gnu tools arm embedded/7 2017-q4-major/bin/../lib/gcc/arm-none-eabi/7.2.1/../../../../arm-none-eabi/lib/thumb/v7e-m/fpv4-sp/hard\libc_nano.a(lib_a-malloc.o)
 .ARM.attributes
                0x00000b4b       0x20 c:/program files (x86)/gnu tools arm embedded/7 2017-q4-major/bin/../lib/gcc/arm-none-eabi/7.2.1/../../../../arm-none-eabi/lib/thumb/v7e-m/fpv4-sp/hard\libc_nano.a(lib_a-memchr.o)
 .ARM.attributes
                0x00000b6b       0x34 c:/program files (x86)/gnu tools arm embedded/7 2017-q4-major/bin/../lib/gcc/arm-none-eabi/7.2.1/../../../../arm-none-eabi/lib/thumb/v7e-m/fpv4-sp/hard\libc_nano.a(lib_a-mprec.o)
 .ARM.attributes
                0x00000b9f       0x34 c:/program files (x86)/gnu tools arm embedded/7 2017-q4-major/bin/../lib/gcc/arm-none-eabi/7.2.1/../../../../arm-none-eabi/lib/thumb/v7e-m/fpv4-sp/hard\libc_nano.a(lib_a-nano-callocr.o)
 .ARM.attributes
                0x00000bd3       0x34 c:/program files (x86)/gnu tools arm embedded/7 2017-q4-major/bin/../lib/gcc/arm-none-eabi/7.2.1/../../../../arm-none-eabi/lib/thumb/v7e-m/fpv4-sp/hard\libc_nano.a(lib_a-nano-freer.o)
 .ARM.attributes
                0x00000c07       0x34 c:/program files (x86)/gnu tools arm embedded/7 2017-q4-major/bin/../lib/gcc/arm-none-eabi/7.2.1/../../../../arm-none-eabi/lib/thumb/v7e-m/fpv4-sp/hard\libc_nano.a(lib_a-nano-mallocr.o)
 .ARM.attributes
                0x00000c3b       0x34 c:/program files (x86)/gnu tools arm embedded/7 2017-q4-major/bin/../lib/gcc/arm-none-eabi/7.2.1/../../../../arm-none-eabi/lib/thumb/v7e-m/fpv4-sp/hard\libc_nano.a(lib_a-nano-vfprintf.o)
 .ARM.attributes
                0x00000c6f       0x34 c:/program files (x86)/gnu tools arm embedded/7 2017-q4-major/bin/../lib/gcc/arm-none-eabi/7.2.1/../../../../arm-none-eabi/lib/thumb/v7e-m/fpv4-sp/hard\libc_nano.a(lib_a-putc.o)
 .ARM.attributes
                0x00000ca3       0x34 c:/program files (x86)/gnu tools arm embedded/7 2017-q4-major/bin/../lib/gcc/arm-none-eabi/7.2.1/../../../../arm-none-eabi/lib/thumb/v7e-m/fpv4-sp/hard\libc_nano.a(lib_a-sbrkr.o)
 .ARM.attributes
                0x00000cd7       0x34 c:/program files (x86)/gnu tools arm embedded/7 2017-q4-major/bin/../lib/gcc/arm-none-eabi/7.2.1/../../../../arm-none-eabi/lib/thumb/v7e-m/fpv4-sp/hard\libc_nano.a(lib_a-stdio.o)
 .ARM.attributes
                0x00000d0b       0x34 c:/program files (x86)/gnu tools arm embedded/7 2017-q4-major/bin/../lib/gcc/arm-none-eabi/7.2.1/../../../../arm-none-eabi/lib/thumb/v7e-m/fpv4-sp/hard\libc_nano.a(lib_a-writer.o)
 .ARM.attributes
                0x00000d3f       0x34 c:/program files (x86)/gnu tools arm embedded/7 2017-q4-major/bin/../lib/gcc/arm-none-eabi/7.2.1/../../../../arm-none-eabi/lib/thumb/v7e-m/fpv4-sp/hard\libc_nano.a(lib_a-closer.o)
 .ARM.attributes
                0x00000d73       0x34 c:/program files (x86)/gnu tools arm embedded/7 2017-q4-major/bin/../lib/gcc/arm-none-eabi/7.2.1/../../../../arm-none-eabi/lib/thumb/v7e-m/fpv4-sp/hard\libc_nano.a(lib_a-fstatr.o)
 .ARM.attributes
                0x00000da7       0x34 c:/program files (x86)/gnu tools arm embedded/7 2017-q4-major/bin/../lib/gcc/arm-none-eabi/7.2.1/../../../../arm-none-eabi/lib/thumb/v7e-m/fpv4-sp/hard\libc_nano.a(lib_a-isattyr.o)
 .ARM.attributes
                0x00000ddb       0x34 c:/program files (x86)/gnu tools arm embedded/7 2017-q4-major/bin/../lib/gcc/arm-none-eabi/7.2.1/../../../../arm-none-eabi/lib/thumb/v7e-m/fpv4-sp/hard\libc_nano.a(lib_a-locale.o)
 .ARM.attributes
                0x00000e0f       0x34 c:/program files (x86)/gnu tools arm embedded/7 2017-q4-major/bin/../lib/gcc/arm-none-eabi/7.2.1/../../../../arm-none-eabi/lib/thumb/v7e-m/fpv4-sp/hard\libc_nano.a(lib_a-lseekr.o)
 .ARM.attributes
                0x00000e43       0x34 c:/program files (x86)/gnu tools arm embedded/7 2017-q4-major/bin/../lib/gcc/arm-none-eabi/7.2.1/../../../../arm-none-eabi/lib/thumb/v7e-m/fpv4-sp/hard\libc_nano.a(lib_a-mbtowc_r.o)
 .ARM.attributes
                0x00000e77       0x34 c:/program files (x86)/gnu tools arm embedded/7 2017-q4-major/bin/../lib/gcc/arm-none-eabi/7.2.1/../../../../arm-none-eabi/lib/thumb/v7e-m/fpv4-sp/hard\libc_nano.a(lib_a-mlock.o)
 .ARM.attributes
                0x00000eab       0x34 c:/program files (x86)/gnu tools arm embedded/7 2017-q4-major/bin/../lib/gcc/arm-none-eabi/7.2.1/../../../../arm-none-eabi/lib/thumb/v7e-m/fpv4-sp/hard\libc_nano.a(lib_a-readr.o)
 .ARM.attributes
                0x00000edf       0x34 c:/program files (x86)/gnu tools arm embedded/7 2017-q4-major/bin/../lib/gcc/arm-none-eabi/7.2.1/../../../../arm-none-eabi/lib/thumb/v7e-m/fpv4-sp/hard\libc_nano.a(lib_a-reent.o)
 .ARM.attributes
                0x00000f13       0x34 c:/program files (x86)/gnu tools arm embedded/7 2017-q4-major/bin/../lib/gcc/arm-none-eabi/7.2.1/../../../../arm-none-eabi/lib/thumb/v7e-m/fpv4-sp/hard\libc_nano.a(lib_a-wctomb_r.o)
 .ARM.attributes
                0x00000f47       0x34 c:/program files (x86)/gnu tools arm embedded/7 2017-q4-major/bin/../lib/gcc/arm-none-eabi/7.2.1/../../../../arm-none-eabi/lib/thumb/v7e-m/fpv4-sp/hard\libc_nano.a(lib_a-ctype_.o)
 .ARM.attributes
                0x00000f7b       0x22 c:/program files (x86)/gnu tools arm embedded/7 2017-q4-major/bin/../lib/gcc/arm-none-eabi/7.2.1/thumb/v7e-m/fpv4-sp/hard\libgcc.a(_arm_addsubdf3.o)
 .ARM.attributes
                0x00000f9d       0x22 c:/program files (x86)/gnu tools arm embedded/7 2017-q4-major/bin/../lib/gcc/arm-none-eabi/7.2.1/thumb/v7e-m/fpv4-sp/hard\libgcc.a(_arm_muldivdf3.o)
 .ARM.attributes
                0x00000fbf       0x22 c:/program files (x86)/gnu tools arm embedded/7 2017-q4-major/bin/../lib/gcc/arm-none-eabi/7.2.1/thumb/v7e-m/fpv4-sp/hard\libgcc.a(_arm_cmpdf2.o)
 .ARM.attributes
                0x00000fe1       0x22 c:/program files (x86)/gnu tools arm embedded/7 2017-q4-major/bin/../lib/gcc/arm-none-eabi/7.2.1/thumb/v7e-m/fpv4-sp/hard\libgcc.a(_arm_unorddf2.o)
 .ARM.attributes
                0x00001003       0x22 c:/program files (x86)/gnu tools arm embedded/7 2017-q4-major/bin/../lib/gcc/arm-none-eabi/7.2.1/thumb/v7e-m/fpv4-sp/hard\libgcc.a(_arm_fixdfsi.o)
 .ARM.attributes
                0x00001025       0x22 c:/program files (x86)/gnu tools arm embedded/7 2017-q4-major/bin/../lib/gcc/arm-none-eabi/7.2.1/thumb/v7e-m/fpv4-sp/hard\libgcc.a(_arm_truncdfsf2.o)
 .ARM.attributes
                0x00001047       0x22 c:/program files (x86)/gnu tools arm embedded/7 2017-q4-major/bin/../lib/gcc/arm-none-eabi/7.2.1/thumb/v7e-m/fpv4-sp/hard\libgcc.a(_aeabi_uldivmod.o)
 .ARM.attributes
                0x00001069       0x34 c:/program files (x86)/gnu tools arm embedded/7 2017-q4-major/bin/../lib/gcc/arm-none-eabi/7.2.1/thumb/v7e-m/fpv4-sp/hard\libgcc.a(_udivmoddi4.o)
 .ARM.attributes
                0x0000109d       0x22 c:/program files (x86)/gnu tools arm embedded/7 2017-q4-major/bin/../lib/gcc/arm-none-eabi/7.2.1/thumb/v7e-m/fpv4-sp/hard\libgcc.a(_dvmd_tls.o)
 .ARM.attributes
                0x000010bf       0x22 c:/program files (x86)/gnu tools arm embedded/7 2017-q4-major/bin/../lib/gcc/arm-none-eabi/7.2.1/thumb/v7e-m/fpv4-sp/hard/crtn.o
OUTPUT(build/mmc2019_ver0.elf elf32-littlearm)

.debug_info     0x00000000    0x2ee8a
 .debug_info    0x00000000     0x17f4 build/stm32f4xx_hal_adc.o
 .debug_info    0x000017f4     0x1181 build/stm32f4xx_hal_flash_ex.o
 .debug_info    0x00002975     0x2142 build/tim.o
 .debug_info    0x00004ab7      0xea5 build/dma.o
 .debug_info    0x0000595c     0x1c2b build/adc.o
 .debug_info    0x00007587     0x2464 build/stm32f4xx_hal_spi.o
 .debug_info    0x000099eb     0x1418 build/stm32f4xx_hal_rcc.o
 .debug_info    0x0000ae03     0x137d build/stm32f4xx_hal.o
 .debug_info    0x0000c180     0x1367 build/usart.o
 .debug_info    0x0000d4e7     0x13ee build/stm32f4xx_hal_dma.o
 .debug_info    0x0000e8d5      0xfaf build/gpio.o
 .debug_info    0x0000f884     0x1903 build/stm32f4xx_hal_cortex.o
 .debug_info    0x00011187     0x10b0 build/stm32f4xx_hal_flash.o
 .debug_info    0x00012237     0x211f build/main.o
 .debug_info    0x00014356     0x1d71 build/stm32f4xx_hal_tim_ex.o
 .debug_info    0x000160c7     0x2172 build/stm32f4xx_hal_uart.o